PRIMERA PARTE - CREAR BASE DE DATOS

MySQL Shell 8.0.38

Copyright (c) 2016, 2024, Oracle and/or its affiliates.
Oracle is a registered trademark of Oracle Corporation and/or its affiliates.
Other names may be trademarks of their respective owners.

Type '\help' or '\?' for help; '\quit' to exit.
 MySQL  JS > \sql
Switching to SQL mode... Commands end with ;
 MySQL  SQL > \connect --mc root@localhost
Creating a Classic session to 'root@localhost'
Fetching global names for auto-completion... Press ^C to stop.
Your MySQL connection id is 8
Server version: 8.0.39 MySQL Community Server - GPL
No default schema selected; type \use <schema> to set one.
 MySQL  localhost:3306 ssl  SQL > create database Hospital;
Query OK, 1 row affected (0.0177 sec)
 MySQL  localhost:3306 ssl  SQL > use hospital;
Default schema set to `hospital`.
Fetching global names, object names from `hospital` for auto-completion... Press ^C to stop.
 MySQL  localhost:3306 ssl  hospital  SQL > create pacientes (
                                         -> paciente_id INT primary key auto_increment,
                                         -> nombre varchar(50) not null,
                                         -> apellido_pat varchar(50) not null,
                                         -> apellido_mat varchar(50) not null,
                                         -> fecha_nacimiento date not nill,
                                         -> perso double not null,
                                         -> ^C
 MySQL  localhost:3306 ssl  hospital  SQL > create pacientes(paciente_id int primary key auto_increment, nombre varchar                                          create pacientes(paciente_id int primary key auto_increment, nombre varchar(                                         create pacientes(paciente_id int primary key auto_increment, nombre varchar(;
ERROR: 1064 (42000): You have an error in your SQL syntax; check the manual that corresponds to your MySQL server version for the right syntax to use near 'pacientes(paciente_id int primary key auto_increment, nombre varchar(' at line 1
 MySQL  localhost:3306 ssl  hospital  SQL > create pacientes(paciente_id int primary key auto_increment, nombre varchar(100) not null, apellido_pat varchar(100) not null, apellido_mat varchar(100) not null, fecha_nacimiento date not null, peso double not null, altura double not null, numero_seguro_social varchar(15) not null, genero enum('masculino','femenino', telefono_casa varchar(20), telefono_trabajo varchar(20),telefono_movil varchar(20), otros varchar(255));

ERROR: 1064 (42000): You have an error in your SQL syntax; check the manual that corresponds to your MySQL server version for the right syntax to use near 'pacientes(paciente_id int primary key auto_increment, nombre varchar(100) not nu' at line 1
 MySQL  localhost:3306 ssl  hospital  SQL > create table pacientes(paciente_id int primary key auto_increment, nombre varchar(100) not null, apellido_pat varchar(100) not null, apellido_mat varchar(100) not null, fecha_nacimiento date not null, peso double not null, altura double not null, numero_seguro_social varchar(15) not null, genero enum('masculino','femenino', telefono_casa varchar(20), telefono_trabajo varchar(20),telefono_movil varchar(20), otros varchar(255));
ERROR: 1064 (42000): You have an error in your SQL syntax; check the manual that corresponds to your MySQL server version for the right syntax to use near 'telefono_casa varchar(20), telefono_trabajo varchar(20),telefono_movil varchar(2' at line 1
 MySQL  localhost:3306 ssl  hospital  SQL > create table pacientes(paciente_id int primary key auto_increment, nombre varchar(100) not null, apellido_pat varchar(100) not null, apellido_mat varchar(100) not null, fecha_nacimiento date not null, peso double not null, altura double not null, numero_seguro_social varchar(15) not null, genero enum('masculino','femenino'), telefono_casa varchar(20), telefono_trabajo varchar(20),telefono_movil varchar(20), otros varchar(255));
Query OK, 0 rows affected (0.0489 sec)
 MySQL  localhost:3306 ssl  hospital  SQL > create table cuartos(
                                         -> cuarto_id int primary key auto_increment,
                                         -> paciente_id int,
                                         -> numero_cuarto int not null,
                                         -> inicio_estadia date not null,
                                         -> fin_estadia date,
                                         -> foreign key (paciente_id) references pacientes(paciente_id)
                                         -> on delete restrict
                                         -> on update cascade);
Query OK, 0 rows affected (0.0380 sec)
 MySQL  localhost:3306 ssl  hospital  SQL > create table direcciones_pacientes(
                                         -> direccion_paciente_id int primary key auto_increment,
                                         -> paciente_id int,
                                         -> direccion_id int,
                                         -> foreign key(paciente_id) references pacientes(paciente_id),
                                         -> ;
ERROR: 1064 (42000): You have an error in your SQL syntax; check the manual that corresponds to your MySQL server version for the right syntax to use near '' at line 5
 MySQL  localhost:3306 ssl  hospital  SQL > create table direcciones_pacientes( direccion_paciente_id int primary key auto_increment, paciente_id int, direccion_id int, foreign key(paciente_id) references pacientes(paciente_id)
                                         -> ;
ERROR: 1064 (42000): You have an error in your SQL syntax; check the manual that corresponds to your MySQL server version for the right syntax to use near '' at line 1
 MySQL  localhost:3306 ssl  hospital  SQL > create table direcciones_pacientes( direccion_paciente_id int primary key auto_increment, paciente_id int, direccion_id int, foreign key(paciente_id) references pacientes(paciente_id) foreign key (direccion_id) references direcciones(direccion_id)
                                         -> on delete;
ERROR: 1064 (42000): You have an error in your SQL syntax; check the manual that corresponds to your MySQL server version for the right syntax to use near 'foreign key (direccion_id) references direcciones(direccion_id)
on delete' at line 1
 MySQL  localhost:3306 ssl  hospital  SQL > create table direcciones_pacientes( direccion_paciente_id int primary key auto_increment, paciente_id int, direccion_id int, foreign key(paciente_id) references pacientes(paciente_id)
                                         -> on delete restrict
                                         -> on update cascade,
                                         -> foreign key(direccion_id) references direcciones(direccion_id)
                                         -> on delete cascade
                                         -> on update cascade);
ERROR: 1824 (HY000): Failed to open the referenced table 'direcciones'
 MySQL  localhost:3306 ssl  hospital  SQL > creacte table direcciones(
                                         -> direccion_id int primary key auto_increment,
                                         -> calle varchar(100) not null,
                                         -> numero_exterior int not null,
                                         -> numero_interior int,
                                         -> colonia varchar(100) not null,
                                         -> codigo_postal varchar(10) not null,
                                         -> ciudad varchar(100) not null,
                                         -> estado varchar(100) not null,
                                         -> pais varchar(100) not null,
                                         -> otros text not null);
ERROR: 1064 (42000): You have an error in your SQL syntax; check the manual that corresponds to your MySQL server version for the right syntax to use near 'creacte table direcciones(
direccion_id int primary key auto_increment,
calle va' at line 1
 MySQL  localhost:3306 ssl  hospital  SQL > create table direcciones( direccion_id int primary key auto_increment, calle varchar(100) not null, numero_exterior int not null, numero_interior int, colonia varchar(100) not null, codigo_postal varchar(10) not null, ciudad varchar(100) not null, estado varchar(100) not null, pais varchar(100) not null, otros text not null);
Query OK, 0 rows affected (0.0282 sec)
 MySQL  localhost:3306 ssl  hospital  SQL > create table direcciones_pacientes( direccion_paciente_id int primary key auto_increment, paciente_id int, direccion_id int, foreign key(paciente_id) references pacientes(paciente_id) on delete restrict on update cascade, foreign key(direccion_id) references direcciones(direccion_id) on delete cascade on update cascade);
Query OK, 0 rows affected (0.0399 sec)
 MySQL  localhost:3306 ssl  hospital  SQL > create table empleados(
                                         -> empleados_id int primary key auto_increment,
                                         -> name varchar(100) not null,
                                         -> ;
ERROR: 1064 (42000): You have an error in your SQL syntax; check the manual that corresponds to your MySQL server version for the right syntax to use near '' at line 3
 MySQL  localhost:3306 ssl  hospital  SQL > create table empleados( empleados_id int primary key auto_increment, nombre varchar(100) not null,
                                         -> apellido_pat varchar(100) not null,
                                         -> apellido_mat varchar(100) not null,
                                         -> titulo varchar(255),
                                         -> fecha_nacimiento date not null,
                                         -> otros text);
Query OK, 0 rows affected (0.0322 sec)
 MySQL  localhost:3306 ssl  hospital  SQL > create table direcciones_empleados( direccion_empleado_id int primary key auto_increment, empleado_id int, direccion_id int, foreign key(empleado_id) references empleados(empleado_id) on delete restrict on update cascade, foreign key(direccion_id) references direcciones(direccion_id) on delete cascade on update cascade);
ERROR: 3734 (HY000): Failed to add the foreign key constraint. Missing column 'empleado_id' for constraint 'direcciones_empleados_ibfk_1' in the referenced table 'empleados'
 MySQL  localhost:3306 ssl  hospital  SQL > create table direcciones_empleados( direccion_empleado_id int primary key auto_increment, empleados_id int, direccion_id int, foreign key(empleados_id) references empleados(empleados_id) on delete restrict on update cascade, foreign key(direccion_id) references direcciones(direccion_id) on delete cascade on update cascade);
Query OK, 0 rows affected (0.0439 sec)
 MySQL  localhost:3306 ssl  hospital  SQL > create table registro_pacientes(
                                         -> registro_paciente_id int primary key auto_increment,
                                         -> paciente_id int,
                                         -> cuentas_pacientes_id int,
                                         -> registro_por_empleado_id int,
                                         -> fecha_admision date not null,
                                         -> condicion_medica varchar(255) not null,
                                         -> otros text,
                                         -> foreign key paciente_id references pacientes(paciente_id)
                                         -> on delete restrict
                                         -> on update cascade,
                                         -> foreign key (cuentas_pacientes_id) references cuentas_pacientes(cuentas_pacientes_id)
                                         -> on delete restrict
                                         -> on update restrict,
                                         -> foreign key (registro_por_empleado_id) references empleados(empleados_id)

                                         -> on delete restrict
                                         -> on update cascade);
ERROR: 1064 (42000): You have an error in your SQL syntax; check the manual that corresponds to your MySQL server version for the right syntax to use near 'references pacientes(paciente_id)
on delete restrict
on update cascade,
foreign ' at line 9
 MySQL  localhost:3306 ssl  hospital  SQL > create table registro_pacientes( registro_paciente_id int primary key auto_increment, paciente_id int, cuentas_pacientes_id int, registro_por_empleado_id int, fecha_admision date not null, condicion_medica varchar(255) not null, otros text, foreign key (paciente_id) references pacientes(paciente_id) on delete restrict on update cascade, foreign key (cuentas_pacientes_id) references cuentas_pacientes(cuentas_pacientes_id) on delete restrict on update restrict, foreign key (registro_por_empleado_id) references empleados(empleados_id) on delete restrict on update cascade);
ERROR: 1824 (HY000): Failed to open the referenced table 'cuentas_pacientes'
 MySQL  localhost:3306 ssl  hospital  SQL > create cuentas_pacientes(
                                         -> cuentas_pacientes_id int primary key auto_increment,
                                         -> paciente_id int,
                                         -> forma_pago_pac_id int,
                                         -> fecha_emision date not null,
                                         -> otros text,
                                         -> foreign key (paciente_id) references pacientes(pacientes_id)
                                         -> on delete restrict
                                         -> on update cascade
                                         -> foreign key (forma_pago_pac_id) references formas_pago_pacientes(forma_pago_pac_id)
                                         -> on delete restrict
                                         -> on update cascade);
ERROR: 1064 (42000): You have an error in your SQL syntax; check the manual that corresponds to your MySQL server version for the right syntax to use near 'cuentas_pacientes(
cuentas_pacientes_id int primary key auto_increment,
paciente' at line 1
 MySQL  localhost:3306 ssl  hospital  SQL > create table cuentas_pacientes( cuentas_pacientes_id int primary key auto_increment, paciente_id int, forma_pago_pac_id int, fecha_emision date not null, otros text, foreign key (paciente_id) references pacientes(pacientes_id) on delete restrict on update cascade foreign key (forma_pago_pac_id) references formas_pago_pacientes(forma_pago_pac_id) on delete restrict on update cascade);
ERROR: 1064 (42000): You have an error in your SQL syntax; check the manual that corresponds to your MySQL server version for the right syntax to use near 'foreign key (forma_pago_pac_id) references formas_pago_pacientes(forma_pago_pac_' at line 1
 MySQL  localhost:3306 ssl  hospital  SQL > create table cuentas_pacientes( cuentas_pacientes_id int primary key auto_increment, paciente_id int, forma_pago_pac_id int, fecha_emision date not null, otros text, foreign key (paciente_id) references pacientes(pacientes_id) on delete restrict on update cascade, foreign key (forma_pago_pac_id) references formas_pago_pacientes(forma_pago_pac_id) on delete restrict on update cascade);
ERROR: 3734 (HY000): Failed to add the foreign key constraint. Missing column 'pacientes_id' for constraint 'cuentas_pacientes_ibfk_1' in the referenced table 'pacientes'
 MySQL  localhost:3306 ssl  hospital  SQL > create table cuentas_pacientes( cuentas_pacientes_id int primary key auto_increment, paciente_id int, forma_pago_pac_id int, fecha_emision date not null, otros text, foreign key (paciente_id) references pacientes(paciente_id) on delete restrict on update cascade, foreign key (forma_pago_pac_id) references formas_pago_pacientes(forma_pago_pac_id) on delete restrict on update cascade);
ERROR: 1824 (HY000): Failed to open the referenced table 'formas_pago_pacientes'
 MySQL  localhost:3306 ssl  hospital  SQL > create table formas_pago(
                                         -> forma_pago_id int primary key auto_increment,
                                         -> forma_pago varchar(50) not null);
Query OK, 0 rows affected (0.0288 sec)
 MySQL  localhost:3306 ssl  hospital  SQL > create table formas_pago_pacientes(
                                         -> forma_pago_pac_id int primary key auto_increment,
                                         -> paciente_id int,
                                         -> forma_pago_id int,
                                         -> detalles text,
                                         -> foreign key (paciente_id) references pacientes(paciente_id)
                                         -> on delete restrict
                                         -> on update cascade,
                                         -> foreign key (forma_pago_id) references formas_pago(forma_pago_id)
                                         -> on delete restrict
                                         -> on update cascade);
Query OK, 0 rows affected (0.0383 sec)
 MySQL  localhost:3306 ssl  hospital  SQL > create table cuentas_pacientes( cuentas_pacientes_id int primary key auto_increment, paciente_id int, forma_pago_pac_id int, fecha_emision date not null, otros text, foreign key (paciente_id) references pacientes(paciente_id) on delete restrict on update cascade, foreign key (forma_pago_pac_id) references formas_pago_pacientes(forma_pago_pac_id) on delete restrict on update cascade);
Query OK, 0 rows affected (0.0380 sec)
 MySQL  localhost:3306 ssl  hospital  SQL > create table formas_pago_pacientes( forma_pago_pac_id int primary key auto_increment, paciente_id int, forma_pago_id int, detalles text, foreign key (paciente_id) references pacientes(paciente_id) on delete restrict on update cascade, foreign key (forma_pago_id) references formas_pago(forma_pago_id) on delete restrict on update cascade);
ERROR: 1050 (42S01): Table 'formas_pago_pacientes' already exists
 MySQL  localhost:3306 ssl  hospital  SQL > create table cuentas_pacientes( cuentas_pacientes_id int primary key auto_increment, paciente_id int, forma_pago_pac_id int, fecha_emision date not null, otros text, foreign key (paciente_id) references pacientes(paciente_id) on delete restrict on update cascade, foreign key (forma_pago_pac_id) references formas_pago_pacientes(forma_pago_pac_id) on delete restrict on update cascade);
ERROR: 1050 (42S01): Table 'cuentas_pacientes' already exists
 MySQL  localhost:3306 ssl  hospital  SQL > create table registro_pacientes( registro_paciente_id int primary key auto_increment, paciente_id int, cuentas_pacientes_id int, registro_por_empleado_id int, fecha_admision date not null, condicion_medica varchar(255) not null, otros text, foreign key (paciente_id) references pacientes(paciente_id) on delete restrict on update cascade, foreign key (cuentas_pacientes_id) references cuentas_pacientes(cuentas_pacientes_id) on delete restrict on update restrict, foreign key (registro_por_empleado_id) references empleados(empleados_id) on delete restrict on update cascade);
Query OK, 0 rows affected (0.0435 sec)
 MySQL  localhost:3306 ssl  hospital  SQL > create table cuentas_pacientes(
                                         -> ;
ERROR: 1064 (42000): You have an error in your SQL syntax; check the manual that corresponds to your MySQL server version for the right syntax to use near '' at line 1
 MySQL  localhost:3306 ssl  hospital  SQL > show tables;
+-----------------------+
| Tables_in_hospital    |
+-----------------------+
| cuartos               |
| cuentas_pacientes     |
| direcciones           |
| direcciones_empleados |
| direcciones_pacientes |
| empleados             |
| formas_pago           |
| formas_pago_pacientes |
| pacientes             |
| registro_pacientes    |
+-----------------------+
10 rows in set (0.0245 sec)
 MySQL  localhost:3306 ssl  hospital  SQL > create cuentas_pacientes_detalles(
                                         -> cuentas_pacientes_det_id int primary key auto_increment,
                                         -> cuentas_pacientes_id int,
                                         -> detalle varchar(255) default 'Diagnostico',
                                         -> cantidad double not null,
                                         -> costo_total double not null,
                                         -> foreign key (cuentas_pacientes_id) references cuentas_pacientes(cuentas_pacientes_id)
                                         -> on delete restrict
                                         -> on update cascade);
ERROR: 1064 (42000): You have an error in your SQL syntax; check the manual that corresponds to your MySQL server version for the right syntax to use near 'cuentas_pacientes_detalles(
cuentas_pacientes_det_id int primary key auto_increm' at line 1
 MySQL  localhost:3306 ssl  hospital  SQL > create table cuentas_pacientes_detalles( cuentas_pacientes_det_id int primary key auto_increment, cuentas_pacientes_id int, detalle varchar(255) default 'Diagnostico', cantidad double not null, costo_total double not null, foreign key (cuentas_pacientes_id) references cuentas_pacientes(cuentas_pacientes_id) on delete restrict on update cascade);
Query OK, 0 rows affected (0.0242 sec)
 MySQL  localhost:3306 ssl  hospital  SQL > show tables;
+----------------------------+
| Tables_in_hospital         |
+----------------------------+
| cuartos                    |
| cuentas_pacientes          |
| cuentas_pacientes_detalles |
| direcciones                |
| direcciones_empleados      |
| direcciones_pacientes      |
| empleados                  |
| formas_pago                |
| formas_pago_pacientes      |
| pacientes                  |
| registro_pacientes         |
+----------------------------+
11 rows in set (0.0020 sec)
 MySQL  localhost:3306 ssl  hospital  SQL >

SGUNDA PARTE:

 MySQL  localhost:3306 ssl  hospital  SQL > INSERT INTO pacientes (nombre, apellido_pat, apellido_mat, fecha_nacimiento, peso, altura, numero_seguro_social, genero, telefono_casa, telefono_trabajo, telefono_movil, otros) VALUES
                                         -> ('Georgi', 'Facello', 'Facello', '1960-02-20', 93, 1.99, '10001', 'masculino', NULL, NULL, NULL, NULL),
                                         -> ('Bezalel', 'Simmel', 'Simmel', '1952-07-08', 88, 1.69, '10002', 'femenino', NULL, NULL, NULL, NULL),
                                         -> ('Parto', 'Bamford', 'Bamford', '1953-09-29', 62, 1.88, '10003', 'masculino', NULL, NULL, NULL, NULL),
                                         -> ('Chirstian', 'Koblick', 'Koblick', '1958-09-05', 93, 1.84, '10004', 'masculino', NULL, NULL, NULL, NULL),
                                         -> ('Kyoichi', 'Maliniak', 'Maliniak', '1958-10-31', 86, 1.89, '10005', 'masculino', NULL, NULL, NULL, NULL),
                                         -> ('Anneke', 'Preusig', 'Preusig', '1953-04-03', 86, 1.54, '10006', 'femenino', NULL, NULL, NULL, NULL),
                                         -> ('Tzvetan', 'Zielinski', 'Zielinski', '1962-07-10', 56, 1.77, '10007', 'femenino', NULL, NULL, NULL, NULL),
                                         -> ('Saniya', 'Kalloufi', 'Kalloufi', '1963-11-26', 78, 1.82, '10008', 'masculino', NULL, NULL, NULL, NULL),
                                         -> ('Sumant', 'Peac', 'Peac', '1956-12-13', 85, 1.64, '10009', 'femenino', NULL, NULL, NULL, NULL),
                                         -> ('Duangkaew', 'Piveteau', 'Piveteau', '1958-07-14', 92, 1.71, '10010', 'femenino', NULL, NULL, NULL, NULL),
                                         -> ('Mary', 'Sluis', 'Sluis', '1959-01-27', 96, 1.96, '10011', 'femenino', NULL, NULL, NULL, NULL),
                                         -> ('Patricio', 'Bridgland', 'Bridgland', '1960-08-09', 63, 1.9, '10012', 'masculino', NULL, NULL, NULL, NULL),
                                         -> ('Eberhardt', 'Terkki', 'Terkki', '1956-11-14', 81, 1.64, '10013', 'masculino', NULL, NULL, NULL, NULL),
                                         -> ('Berni', 'Genin', 'Genin', '1962-12-29', 67, 1.74, '10014', 'masculino', NULL, NULL, NULL, NULL),
                                         -> ('Guoxiang', 'Nooteboom', 'Nooteboom', '1953-02-08', 60, 1.55, '10015', 'masculino', NULL, NULL, NULL, NULL),
                                         -> ('Kazuhito', 'Cappelletti', 'Cappelletti', '1959-08-10', 97, 1.71, '10016', 'masculino', NULL, NULL, NULL, NULL),
                                         -> ('Cristinel', 'Bouloucos', 'Bouloucos', '1963-07-22', 66, 1.91, '10017', 'femenino', NULL, NULL, NULL, NULL),
                                         -> ('Kazuhide', 'Peha', 'Peha', '1960-07-20', 88, 1.51, '10018', 'femenino', NULL, NULL, NULL, NULL),
                                         -> ('Lillian', 'Haddadi', 'Haddadi', '1959-10-01', 85, 1.61, '10019', 'masculino', NULL, NULL, NULL, NULL),
                                         -> ('Mayuko', 'Warwick', 'Warwick', '1959-09-13', 96, 1.78, '10020', 'masculino', NULL, NULL, NULL, NULL),
                                         -> ('Ramzi', 'Erde', 'Erde', '1959-08-27', 91, 1.61, '10021', 'masculino', NULL, NULL, NULL, NULL),
                                         -> ('Shahaf', 'Famili', 'Famili', '1956-02-26', 70, 1.81, '10022', 'masculino', NULL, NULL, NULL, NULL),
                                         -> ('Bojan', 'Montemayor', 'Montemayor', '1960-09-19', 86, 1.8, '10023', 'femenino', NULL, NULL, NULL, NULL),
                                         -> ('Suzette', 'Pettey', 'Pettey', '1961-09-21', 79, 1.74, '10024', 'femenino', NULL, NULL, NULL, NULL),
                                         -> ('Prasadram', 'Heyers', 'Heyers', '1957-08-14', 91, 1.95, '10025', 'masculino', NULL, NULL, NULL, NULL),
                                         -> ('Yongqiao', 'Berztiss', 'Berztiss', '1960-07-23', 75, 1.91, '10026', 'masculino', NULL, NULL, NULL, NULL),
                                         -> ('Divier', 'Reistad', 'Reistad', '1952-06-29', 57, 1.6, '10027', 'femenino', NULL, NULL, NULL, NULL),
                                         -> ('Domenick', 'Tempesti', 'Tempesti', '1963-07-11', 62, 1.72, '10028', 'masculino', NULL, NULL, NULL, NULL),
                                         -> ('Otmar', 'Herbst', 'Herbst', '1961-04-24', 77, 1.6, '10029', 'masculino', NULL, NULL, NULL, NULL),
                                         -> ('Elvis', 'Demeyer', 'Demeyer', '1958-05-21', 93, 1.64, '10030', 'masculino', NULL, NULL, NULL, NULL),
                                         -> ('Karsten', 'Joslin', 'Joslin', '1953-07-28', 95, 1.52, '10031', 'masculino', NULL, NULL, NULL, NULL),
                                         -> ('Jeong', 'Reistad', 'Reistad', '1961-02-26', 84, 1.6, '10032', 'femenino', NULL, NULL, NULL, NULL),
                                         -> ('Arif', 'Merlo', 'Merlo', '1954-09-13', 92, 1.77, '10033', 'masculino', NULL, NULL, NULL, NULL),
                                         -> ('Bader', 'Swan', 'Swan', '1957-04-04', 69, 1.56, '10034', 'masculino', NULL, NULL, NULL, NULL),
                                         -> ('Alain', 'Chappelet', 'Chappelet', '1956-06-06', 57, 1.55, '10035', 'masculino', NULL, NULL, NULL, NULL),
                                         -> ('Adamantios', 'Portugali', 'Portugali', '1961-09-01', 62, 1.99, '10036', 'masculino', NULL, NULL, NULL, NULL),
                                         -> ('Pradeep', 'Makrucki', 'Makrucki', '1954-05-30', 60, 1.75, '10037', 'masculino', NULL, NULL, NULL, NULL),
                                         -> ('Huan', 'Lortz', 'Lortz', '1954-10-01', 97, 1.88, '10038', 'masculino', NULL, NULL, NULL, NULL),
                                         -> ('Alejandro', 'Brender', 'Brender', '1959-10-01', 92, 1.78, '10039', 'masculino', NULL, NULL, NULL, NULL),
                                         -> ('Weiyi', 'Meriste', 'Meriste', '1959-09-13', 97, 1.84, '10040', 'femenino', NULL, NULL, NULL, NULL),
                                         -> ('Uri', 'Lenart', 'Lenart', '1959-08-27', 80, 1.9, '10041', 'femenino', NULL, NULL, NULL, NULL),
                                         -> ('Magy', 'Stamatiou', 'Stamatiou', '1956-02-26', 69, 1.91, '10042', 'femenino', NULL, NULL, NULL, NULL),
                                         -> ('Yishay', 'Tzvieli', 'Tzvieli', '1960-09-19', 65, 1.95, '10043', 'masculino', NULL, NULL, NULL, NULL),
                                         -> ('Mingsen', 'Casley', 'Casley', '1961-09-21', 90, 1.8, '10044', 'femenino', NULL, NULL, NULL, NULL),
                                         -> ('Moss', 'Shanbhogue', 'Shanbhogue', '1957-08-14', 90, 1.97, '10045', 'masculino', NULL, NULL, NULL, NULL),
                                         -> ('Lucien', 'Rosenbaum', 'Rosenbaum', '1960-07-23', 85, 1.53, '10046', 'masculino', NULL, NULL, NULL, NULL),
                                         -> ('Zvonko', 'Nyanchama', 'Nyanchama', '1952-06-29', 78, 1.65, '10047', 'masculino', NULL, NULL, NULL, NULL),
                                         -> ('Florian', 'Syrotiuk', 'Syrotiuk', '1963-07-11', 76, 1.58, '10048', 'masculino', NULL, NULL, NULL, NULL),
                                         -> ('Basil', 'Tramer', 'Tramer', '1961-04-24', 99, 1.55, '10049', 'femenino', NULL, NULL, NULL, NULL),
                                         -> ('Yinghua', 'Dredge', 'Dredge', '1958-05-21', 78, 1.54, '10050', 'masculino', NULL, NULL, NULL, NULL),
                                         -> ('Hidefumi', 'Caine', 'Caine', '1953-07-28', 54, 1.84, '10051', 'masculino', NULL, NULL, NULL, NULL),
                                         -> ('Heping', 'Nitsch', 'Nitsch', '1961-02-26', 85, 1.59, '10052', 'masculino', NULL, NULL, NULL, NULL),
                                         -> ('Sanjiv', 'Zschoche', 'Zschoche', '1954-09-13', 52, 1.53, '10053', 'femenino', NULL, NULL, NULL, NULL),
                                         -> ('Mayumi', 'Schueller', 'Schueller', '1957-04-04', 75, 1.72, '10054', 'masculino', NULL, NULL, NULL, NULL),
                                         -> ('Georgy', 'Dredge', 'Dredge', '1956-06-06', 97, 1.61, '10055', 'masculino', NULL, NULL, NULL, NULL),
                                         -> ('Brendon', 'Bernini', 'Bernini', '1961-09-01', 91, 1.63, '10056', 'femenino', NULL, NULL, NULL, NULL),
                                         -> ('Ebbe', 'Callaway', 'Callaway', '1954-05-30', 91, 1.96, '10057', 'femenino', NULL, NULL, NULL, NULL),
                                         -> ('Berhard', 'McFarlin', 'McFarlin', '1954-10-01', 99, 1.96, '10058', 'masculino', NULL, NULL, NULL, NULL);
Query OK, 58 rows affected (0.0093 sec)

Records: 58  Duplicates: 0  Warnings: 0
 MySQL  localhost:3306 ssl  hospital  SQL > SELECT * FROM PACIENTES;
+-------------+------------+--------------+--------------+------------------+------+--------+----------------------+-----------+---------------+------------------+----------------+-------+
| paciente_id | nombre     | apellido_pat | apellido_mat | fecha_nacimiento | peso | altura | numero_seguro_social | genero    | telefono_casa | telefono_trabajo | telefono_movil | otros |
+-------------+------------+--------------+--------------+------------------+------+--------+----------------------+-----------+---------------+------------------+----------------+-------+
|           1 | Georgi     | Facello      | Facello      | 1960-02-20       |   93 |   1.99 | 10001                | masculino | NULL          | NULL             | NULL           | NULL  |
|           2 | Bezalel    | Simmel       | Simmel       | 1952-07-08       |   88 |   1.69 | 10002                | femenino  | NULL          | NULL             | NULL           | NULL  |
|           3 | Parto      | Bamford      | Bamford      | 1953-09-29       |   62 |   1.88 | 10003                | masculino | NULL          | NULL             | NULL           | NULL  |
|           4 | Chirstian  | Koblick      | Koblick      | 1958-09-05       |   93 |   1.84 | 10004                | masculino | NULL          | NULL             | NULL           | NULL  |
|           5 | Kyoichi    | Maliniak     | Maliniak     | 1958-10-31       |   86 |   1.89 | 10005                | masculino | NULL          | NULL             | NULL           | NULL  |
|           6 | Anneke     | Preusig      | Preusig      | 1953-04-03       |   86 |   1.54 | 10006                | femenino  | NULL          | NULL             | NULL           | NULL  |
|           7 | Tzvetan    | Zielinski    | Zielinski    | 1962-07-10       |   56 |   1.77 | 10007                | femenino  | NULL          | NULL             | NULL           | NULL  |
|           8 | Saniya     | Kalloufi     | Kalloufi     | 1963-11-26       |   78 |   1.82 | 10008                | masculino | NULL          | NULL             | NULL           | NULL  |
|           9 | Sumant     | Peac         | Peac         | 1956-12-13       |   85 |   1.64 | 10009                | femenino  | NULL          | NULL             | NULL           | NULL  |
|          10 | Duangkaew  | Piveteau     | Piveteau     | 1958-07-14       |   92 |   1.71 | 10010                | femenino  | NULL          | NULL             | NULL           | NULL  |
|          11 | Mary       | Sluis        | Sluis        | 1959-01-27       |   96 |   1.96 | 10011                | femenino  | NULL          | NULL             | NULL           | NULL  |
|          12 | Patricio   | Bridgland    | Bridgland    | 1960-08-09       |   63 |    1.9 | 10012                | masculino | NULL          | NULL             | NULL           | NULL  |
|          13 | Eberhardt  | Terkki       | Terkki       | 1956-11-14       |   81 |   1.64 | 10013                | masculino | NULL          | NULL             | NULL           | NULL  |
|          14 | Berni      | Genin        | Genin        | 1962-12-29       |   67 |   1.74 | 10014                | masculino | NULL          | NULL             | NULL           | NULL  |
|          15 | Guoxiang   | Nooteboom    | Nooteboom    | 1953-02-08       |   60 |   1.55 | 10015                | masculino | NULL          | NULL             | NULL           | NULL  |
|          16 | Kazuhito   | Cappelletti  | Cappelletti  | 1959-08-10       |   97 |   1.71 | 10016                | masculino | NULL          | NULL             | NULL           | NULL  |
|          17 | Cristinel  | Bouloucos    | Bouloucos    | 1963-07-22       |   66 |   1.91 | 10017                | femenino  | NULL          | NULL             | NULL           | NULL  |
|          18 | Kazuhide   | Peha         | Peha         | 1960-07-20       |   88 |   1.51 | 10018                | femenino  | NULL          | NULL             | NULL           | NULL  |
|          19 | Lillian    | Haddadi      | Haddadi      | 1959-10-01       |   85 |   1.61 | 10019                | masculino | NULL          | NULL             | NULL           | NULL  |
|          20 | Mayuko     | Warwick      | Warwick      | 1959-09-13       |   96 |   1.78 | 10020                | masculino | NULL          | NULL             | NULL           | NULL  |
|          21 | Ramzi      | Erde         | Erde         | 1959-08-27       |   91 |   1.61 | 10021                | masculino | NULL          | NULL             | NULL           | NULL  |
|          22 | Shahaf     | Famili       | Famili       | 1956-02-26       |   70 |   1.81 | 10022                | masculino | NULL          | NULL             | NULL           | NULL  |
|          23 | Bojan      | Montemayor   | Montemayor   | 1960-09-19       |   86 |    1.8 | 10023                | femenino  | NULL          | NULL             | NULL           | NULL  |
|          24 | Suzette    | Pettey       | Pettey       | 1961-09-21       |   79 |   1.74 | 10024                | femenino  | NULL          | NULL             | NULL           | NULL  |
|          25 | Prasadram  | Heyers       | Heyers       | 1957-08-14       |   91 |   1.95 | 10025                | masculino | NULL          | NULL             | NULL           | NULL  |
|          26 | Yongqiao   | Berztiss     | Berztiss     | 1960-07-23       |   75 |   1.91 | 10026                | masculino | NULL          | NULL             | NULL           | NULL  |
|          27 | Divier     | Reistad      | Reistad      | 1952-06-29       |   57 |    1.6 | 10027                | femenino  | NULL          | NULL             | NULL           | NULL  |
|          28 | Domenick   | Tempesti     | Tempesti     | 1963-07-11       |   62 |   1.72 | 10028                | masculino | NULL          | NULL             | NULL           | NULL  |
|          29 | Otmar      | Herbst       | Herbst       | 1961-04-24       |   77 |    1.6 | 10029                | masculino | NULL          | NULL             | NULL           | NULL  |
|          30 | Elvis      | Demeyer      | Demeyer      | 1958-05-21       |   93 |   1.64 | 10030                | masculino | NULL          | NULL             | NULL           | NULL  |
|          31 | Karsten    | Joslin       | Joslin       | 1953-07-28       |   95 |   1.52 | 10031                | masculino | NULL          | NULL             | NULL           | NULL  |
|          32 | Jeong      | Reistad      | Reistad      | 1961-02-26       |   84 |    1.6 | 10032                | femenino  | NULL          | NULL             | NULL           | NULL  |
|          33 | Arif       | Merlo        | Merlo        | 1954-09-13       |   92 |   1.77 | 10033                | masculino | NULL          | NULL             | NULL           | NULL  |
|          34 | Bader      | Swan         | Swan         | 1957-04-04       |   69 |   1.56 | 10034                | masculino | NULL          | NULL             | NULL           | NULL  |
|          35 | Alain      | Chappelet    | Chappelet    | 1956-06-06       |   57 |   1.55 | 10035                | masculino | NULL          | NULL             | NULL           | NULL  |
|          36 | Adamantios | Portugali    | Portugali    | 1961-09-01       |   62 |   1.99 | 10036                | masculino | NULL          | NULL             | NULL           | NULL  |
|          37 | Pradeep    | Makrucki     | Makrucki     | 1954-05-30       |   60 |   1.75 | 10037                | masculino | NULL          | NULL             | NULL           | NULL  |
|          38 | Huan       | Lortz        | Lortz        | 1954-10-01       |   97 |   1.88 | 10038                | masculino | NULL          | NULL             | NULL           | NULL  |
|          39 | Alejandro  | Brender      | Brender      | 1959-10-01       |   92 |   1.78 | 10039                | masculino | NULL          | NULL             | NULL           | NULL  |
|          40 | Weiyi      | Meriste      | Meriste      | 1959-09-13       |   97 |   1.84 | 10040                | femenino  | NULL          | NULL             | NULL           | NULL  |
|          41 | Uri        | Lenart       | Lenart       | 1959-08-27       |   80 |    1.9 | 10041                | femenino  | NULL          | NULL             | NULL           | NULL  |
|          42 | Magy       | Stamatiou    | Stamatiou    | 1956-02-26       |   69 |   1.91 | 10042                | femenino  | NULL          | NULL             | NULL           | NULL  |
|          43 | Yishay     | Tzvieli      | Tzvieli      | 1960-09-19       |   65 |   1.95 | 10043                | masculino | NULL          | NULL             | NULL           | NULL  |
|          44 | Mingsen    | Casley       | Casley       | 1961-09-21       |   90 |    1.8 | 10044                | femenino  | NULL          | NULL             | NULL           | NULL  |
|          45 | Moss       | Shanbhogue   | Shanbhogue   | 1957-08-14       |   90 |   1.97 | 10045                | masculino | NULL          | NULL             | NULL           | NULL  |
|          46 | Lucien     | Rosenbaum    | Rosenbaum    | 1960-07-23       |   85 |   1.53 | 10046                | masculino | NULL          | NULL             | NULL           | NULL  |
|          47 | Zvonko     | Nyanchama    | Nyanchama    | 1952-06-29       |   78 |   1.65 | 10047                | masculino | NULL          | NULL             | NULL           | NULL  |
|          48 | Florian    | Syrotiuk     | Syrotiuk     | 1963-07-11       |   76 |   1.58 | 10048                | masculino | NULL          | NULL             | NULL           | NULL  |
|          49 | Basil      | Tramer       | Tramer       | 1961-04-24       |   99 |   1.55 | 10049                | femenino  | NULL          | NULL             | NULL           | NULL  |
|          50 | Yinghua    | Dredge       | Dredge       | 1958-05-21       |   78 |   1.54 | 10050                | masculino | NULL          | NULL             | NULL           | NULL  |
|          51 | Hidefumi   | Caine        | Caine        | 1953-07-28       |   54 |   1.84 | 10051                | masculino | NULL          | NULL             | NULL           | NULL  |
|          52 | Heping     | Nitsch       | Nitsch       | 1961-02-26       |   85 |   1.59 | 10052                | masculino | NULL          | NULL             | NULL           | NULL  |
|          53 | Sanjiv     | Zschoche     | Zschoche     | 1954-09-13       |   52 |   1.53 | 10053                | femenino  | NULL          | NULL             | NULL           | NULL  |
|          54 | Mayumi     | Schueller    | Schueller    | 1957-04-04       |   75 |   1.72 | 10054                | masculino | NULL          | NULL             | NULL           | NULL  |
|          55 | Georgy     | Dredge       | Dredge       | 1956-06-06       |   97 |   1.61 | 10055                | masculino | NULL          | NULL             | NULL           | NULL  |
|          56 | Brendon    | Bernini      | Bernini      | 1961-09-01       |   91 |   1.63 | 10056                | femenino  | NULL          | NULL             | NULL           | NULL  |
|          57 | Ebbe       | Callaway     | Callaway     | 1954-05-30       |   91 |   1.96 | 10057                | femenino  | NULL          | NULL             | NULL           | NULL  |
|          58 | Berhard    | McFarlin     | McFarlin     | 1954-10-01       |   99 |   1.96 | 10058                | masculino | NULL          | NULL             | NULL           | NULL  |
+-------------+------------+--------------+--------------+------------------+------+--------+----------------------+-----------+---------------+------------------+----------------+-------+
58 rows in set (0.0010 sec)

 MySQL  localhost:3306 ssl  hospital  SQL > INSERT INTO direcciones (calle, numero_exterior, numero_interior, colonia, codigo_postal, ciudad, estado, pais, otros) VALUES
                                         -> ('1 rue Alsace-Lorraine', 1, NULL, 'No especifica', '40620', 'Toulouse', 'No especifica', 'France', 'Residencia no especificada'),
                                         -> ('12 Orchestra Terrace', 12, NULL, 'No especifica', '72299', 'Walla Walla', 'WA', 'USA', 'Residencia no especificada'),
                                         -> ('12, rue des Bouchers', 12, NULL, 'No especifica', '10368', 'Marseille', 'No especifica', 'France', 'Residencia no especificada'),
                                         -> ('120 Hanover Sq.', 120, NULL, 'No especifica', '60155', 'London', 'No especifica', 'UK', 'Residencia no especificada'),
                                         -> ('184, chausse de Tournai', 184, NULL, 'No especifica', '55769', 'Lille', 'No especifica', 'France', 'Residencia no especificada'),
                                         -> ('187 Suffolk Ln.', 187, NULL, 'No especifica', '78271', 'Boise', 'ID', 'USA', 'Residencia no especificada'),
                                         -> ('1900 Oak St.', 1900, NULL, 'No especifica', '85240', 'Vancouver', 'BC', 'Canada', 'Residencia no especificada'),
                                         -> ('2, rue du Commerce', 2, NULL, 'No especifica', '46913', 'Helsinki', 'No especifica', 'No especifica', 'Residencia no especificada'),
                                         -> ('23 Tsawassen Blvd.', 23, NULL, 'No especifica', '31994', 'Tsawassen', 'BC', 'Canada', 'Residencia no especificada'),
                                         -> ('24, place Klber', 24, NULL, 'No especifica', '72584', 'Strasbourg', 'No especifica', 'France', 'Residencia no especificada'),
                                         -> ('25, rue Lauriston', 25, NULL, 'No especifica', '43635', 'Paris', 'No especifica', 'France', 'Residencia no especificada'),
                                         -> ('265, boulevard Charonne', 265, NULL, 'No especifica', '26346', 'Paris', 'No especifica', 'France', 'Residencia no especificada'),
                                         -> ('2732 Baker Blvd.', 2732, NULL, 'No especifica', '87535', 'Eugene', 'OR', 'USA', 'Residencia no especificada'),
                                         -> ('2743 Bering St.', 2743, NULL, 'No especifica', '79901', 'Anchorage', 'AK', 'USA', 'Residencia no especificada'),
                                         -> ('2817 Milton Dr.', 2817, NULL, 'No especifica', '85182', 'Albuquerque', 'NM', 'USA', 'Residencia no especificada'),
                                         -> ('305 - 14th Ave. S.', 305, 3, 'No especifica', '62245', 'Oulu', 'No especifica', 'Finland', 'Residencia no especificada'),
                                         -> ('35 King George', 35, NULL, 'No especifica', '13216', 'London', 'No especifica', 'UK', 'Residencia no especificada'),
                                         -> ('43 rue St. Laurent', 43, NULL, 'No especifica', '18465', 'Montréal', 'Québec', 'Canada', 'Residencia no especificada'),
                                         -> ('5 Ave. Los Palos Grandes', 5, NULL, 'No especifica', '68441', 'Caracas', 'DF', 'Venezuela', 'Residencia no especificada'),
                                         -> ('54, rue Royale', 54, NULL, 'No especifica', '63117', 'Nantes', 'No especifica', 'France', 'Residencia no especificada'),
                                         -> ('55 Grizzly Peak Rd.', 55, NULL, 'No especifica', '39549', 'Butte', 'MT', 'USA', 'Residencia no especificada'),
                                         -> ('59 rue de l\'Abbaye', 59, NULL, 'No especifica', '21955', 'Warszawa', 'No especifica', 'No especifica', 'Residencia no especificada'),
                                         -> ('67, avenue de l\'Europe', 67, NULL, 'No especifica', '42768', 'Versailles', 'No especifica', 'France', 'Residencia no especificada'),
                                         -> ('67, rue des Cinquante Otages', 67, NULL, 'No especifica', '56274', 'Nantes', 'No especifica', 'France', 'Residencia no especificada'),
                                         -> ('722 DaVinci Blvd.', 722, NULL, 'No especifica', '13113', 'Kirkland', 'WA', 'USA', 'Residencia no especificada'),
                                         -> ('8 Johnstown Road', 8, NULL, 'No especifica', '47847', 'Cork', 'Co. Cork', 'Ireland', 'Residencia no especificada'),
                                         -> ('87 Polk St. Suite 5', 87, NULL, 'No especifica', '11981', 'San Francisco', 'CA', 'USA', 'Residencia no especificada'),
                                         -> ('89 Chiaroscuro Rd.', 89, NULL, 'No especifica', '29410', 'Portland', 'OR', 'USA', 'Residencia no especificada'),
                                         -> ('89 Jefferson Way Suite 2', 89, NULL, 'No especifica', '44919', 'Portland', 'OR', 'USA', 'Residencia no especificada'),
                                         -> ('90 Wadhurst Rd.', 90, NULL, 'No especifica', '43827', 'London', 'No especifica', 'UK', 'Residencia no especificada'),
                                         -> ('Adenauerallee 900', 900, NULL, 'No especifica', '86925', 'Lyon', 'No especifica', 'France', 'Residencia no especificada'),
                                         -> ('Alameda dos Canários, 891', 891, NULL, 'No especifica', '36965', 'São Paulo', 'SP', 'Brazil', 'Residencia no especificada'),
                                         -> ('Av. Brasil, 442', 442, NULL, 'No especifica', '68328', 'Campinas', 'SP', 'Brazil', 'Residencia no especificada'),
                                         -> ('Av. Copacabana, 267', 267, NULL, 'No especifica', '34941', 'Rio de Janeiro', 'RJ', 'Brazil', 'Residencia no especificada'),
                                         -> ('Av. del Libertador 900', 900, NULL, 'No especifica', '71252', 'Buenos Aires', 'No especifica', 'Argentina', 'Residencia no especificada'),
                                         -> ('Av. dos Lusadas, 23', 23, NULL, 'No especifica', '84473', 'São Paulo', 'SP', 'Brazil', 'Residencia no especificada'),
                                         -> ('Av. Ins de Castro, 414', 414, NULL, 'No especifica', '14942', 'São Paulo', 'SP', 'Brazil', 'Residencia no especificada'),
                                         -> ('Avda. Azteca 123', 123, NULL, 'No especifica', '78040', 'México D.F.', 'México D.F.', 'Mexico', 'Residencia no especificada'),
                                         -> ('Avda. de la Constitución 2222', 2222, NULL, 'No especifica', '71760', 'México D.F.', 'México D.F.', 'Mexico', 'Residencia no especificada'),
                                         -> ('Ave. 5 de Mayo Porlamar', 5, NULL, 'No especifica', '20768', 'I. de Margarita', 'Nueva Esparta', 'Venezuela', 'Residencia no especificada'),
                                         -> ('Berguvsvgen 8', 8, NULL, 'No especifica', '26468', 'Lule', 'No especifica', 'Sweden', 'Residencia no especificada'),
                                         -> ('Berkeley Gardens 12 Brewery', 12, NULL, 'No especifica', '61775', 'London', 'No especifica', 'UK', 'Residencia no especificada'),
                                         -> ('Berliner Platz 43', 43, NULL, 'No especifica', '21914', 'München', 'No especifica', 'Germany', 'Residencia no especificada'),
                                         -> ('Boulevard Tirou, 255', 255, NULL, 'No especifica', '86215', 'Charleroi', 'No especifica', 'Belgium', 'Residencia no especificada'),
                                         -> ('C/ Araquil, 67', 67, NULL, 'No especifica', '11697', 'Madrid', 'No especifica', 'Spain', 'Residencia no especificada'),
                                         -> ('C/ Moralzarzal, 86', 86, NULL, 'No especifica', '77528', 'Madrid', 'No especifica', 'Spain', 'Residencia no especificada'),
                                         -> ('C/ Romero, 33', 33, NULL, 'No especifica', '18057', 'Sevilla', 'No especifica', 'Spain', 'Residencia no especificada'),
                                         -> ('Calle Dr. Jorge Cash 321', 321, NULL, 'No especifica', '19460', 'México D.F.', 'México D.F.', 'Mexico', 'Residencia no especificada'),
                                         -> ('Carrera 22 con Ave. Carlos Soublette', 22, 8, 'No especifica', '50156', 'San Cristóbal', 'Táchira', 'Venezuela', 'Residencia no especificada'),
                                         -> ('Carrera 52 con Ave. Bolívar', 52, NULL, 'No especifica', '76914', 'Barquisimeto', 'Lara', 'Venezuela', 'Residencia no especificada'),
                                         -> ('Cerrito 333', 333, NULL, 'No especifica', '41756', 'Buenos Aires', 'No especifica', 'Argentina', 'Residencia no especificada'),
                                         -> ('City Center Plaza 516 Main St.', 516, NULL, 'No especifica', '47913', 'Elgin', 'OR', 'USA', 'Residencia no especificada'),
                                         -> ('Erling Skakkes gate 78', 78, NULL, 'No especifica', '68136', 'Stavern', 'No especifica', 'Norway', 'Residencia no especificada'),
                                         -> ('Estrada da saúde n. 58', 58, NULL, 'No especifica', '11380', 'Lisboa', 'No especifica', 'Portugal', 'Residencia no especificada'),
                                         -> ('Fauntleroy Circus', 100, NULL, 'No especifica', '12425', 'London', 'No especifica', 'UK', 'Residencia no especificada'),
                                         -> ('Forsterstr. 57', 57, NULL, 'No especifica', '29719', 'Mannheim', 'No especifica', 'Germany', 'Residencia no especificada'),
                                         -> ('Garden House Crowther Way', 5, NULL, 'No especifica', '52697', 'Cowes', 'Isle of Wight', 'UK', 'Residencia no especificada'),
                                         -> ('Geislweg 14', 14, NULL, 'No especifica', '34435', 'Salzburg', 'No especifica', 'Austria', 'Residencia no especificada'),
                                         -> ('Gran Vía, 1', 1, NULL, 'No especifica', '61601', 'Madrid', 'No especifica', 'Spain', 'Residencia no especificada'),
                                         -> ('Grenzacherweg 237', 237, NULL, 'No especifica', '83335', 'Ginebra', 'No especifica', 'Switzerland', 'Residencia no especificada'),
                                         -> ('Hauptstr. 29', 29, NULL, 'No especifica', '23662', 'Berna', 'No especifica', 'Switzerland', 'Residencia no especificada'),
                                         -> ('Heerstr. 22', 22, NULL, 'No especifica', '73900', 'Leipzig', 'No especifica', 'Germany', 'Residencia no especificada'),
                                         -> ('Ing. Gustavo Moncada 8585', 8585, 20, 'No especifica', '83428', 'Buenos Aires', 'No especifica', 'Argentina', 'Residencia no especificada'),
                                         -> ('Jardim das rosas n. 32', 32, NULL, 'No especifica', '87099', 'Lisboa', 'No especifica', 'Portugal', 'Residencia no especificada'),
                                         -> ('kergatan 24', 24, NULL, 'No especifica', '83154', 'Brücke', 'No especifica', 'Sweden', 'Residencia no especificada'),
                                         -> ('Keskuskatu 45', 45, NULL, 'No especifica', '25873', 'Resende', 'SP', 'Brazil', 'Residencia no especificada'),
                                         -> ('Kirchgasse 6', 6, NULL, 'No especifica', '59319', 'Graz', 'No especifica', 'Austria', 'Residencia no especificada'),
                                         -> ('Luisenstr. 48', 78, NULL, 'No especifica', '32205', 'Münster', 'No especifica', 'Germany', 'Residencia no especificada'),
                                         -> ('Magazinweg 7', 7, NULL, 'No especifica', '69129', 'Frankfurt a.M.', 'No especifica', 'Germany', 'Residencia no especificada'),
                                         -> ('Mataderos 2312', 2312, NULL, 'No especifica', '37179', 'México D.F.', 'México D.F.', 'Mexico', 'Residencia no especificada'),
                                         -> ('Maubelstr. 90', 90, NULL, 'No especifica', '73705', 'Brandenburg', 'No especifica', 'Germany', 'Residencia no especificada'),
                                         -> ('Mehrheimerstr. 369', 369, NULL, 'No especifica', '46012', 'Köln', 'No especifica', 'Germany', 'Residencia no especificada'),
                                         -> ('Obere Str. 57', 57, NULL, 'No especifica', '30071', 'Berlin', 'No especifica', 'Germany', 'Residencia no especificada'),
                                         -> ('P.O. Box 555', 555, NULL, 'No especifica', '26230', 'Lander', 'WY', 'USA', 'Residencia no especificada'),
                                         -> ('Rambla de Catalunya, 23', 23, NULL, 'No especifica', '38184', 'Barcelona', 'No especifica', 'Spain', 'Residencia no especificada'),
                                         -> ('Rua da Panificadora, 12', 12, NULL, 'No especifica', '37964', 'Rio de Janeiro', 'RJ', 'Brazil', 'Residencia no especificada'),
                                         -> ('Rua do Mercado, 12', 12, NULL, 'No especifica', '10549', 'Stuttgart', 'No especifica', 'Germany', 'Residencia no especificada'),
                                         -> ('Rua do Pao, 67', 67, NULL, 'No especifica', '22071', 'Rio de Janeiro', 'RJ', 'Brazil', 'Residencia no especificada'),
                                         -> ('Rua Ors, 92', 92, NULL, 'No especifica', '16799', 'São Paulo', 'SP', 'Brazil', 'Residencia no especificada'),
                                         -> ('Rue Joseph-Bens 532', 532, NULL, 'No especifica', '32742', 'Bruxelles', 'No especifica', 'Belgium', 'Residencia no especificada'),
                                         -> ('Sierras de Granada 9993', 9993, NULL, 'No especifica', '45792', 'México D.F.', 'No especifica', 'Mexico', 'Residencia no especificada'),
                                         -> ('Smagsloget 45', 45, NULL, 'No especifica', '88442', 'Århus', 'No especifica', 'Denmark', 'Residencia no especificada'),
                                         -> ('South House 300 Queensbridge', 300, NULL, 'No especifica', '77552', 'London', 'No especifica', 'UK', 'Residencia no especificada'),
                                         -> ('Strada Provinciale 124', 124, NULL, 'No especifica', '47511', 'Reggio Emilia', 'No especifica', 'Italy', 'Residencia no especificada'),
                                         -> ('Taucherstraße 10', 10, NULL, 'No especifica', '86041', 'Cunewalde', 'No especifica', 'Germany', 'Residencia no especificada'),
                                         -> ('Torikatu 38', 38, NULL, 'No especifica', '18047', 'Reims', 'No especifica', 'France', 'Residencia no especificada'),
                                         -> ('ul. Filtrowa 68', 68, NULL, 'No especifica', '33192', 'Seattle', 'WA', 'USA', 'Residencia no especificada'),
                                         -> ('Via Ludovico il Moro 22', 22, NULL, 'No especifica', '82459', 'Bergamo', 'No especifica', 'Italy', 'Residencia no especificada'),
                                         -> ('Via Monte Bianco 34', 34, NULL, 'No especifica', '87116', 'Torino', 'No especifica', 'Italy', 'Residencia no especificada'),
                                         -> ('Vinblätet 34', 34, NULL, 'No especifica', '59536', 'Kobenhavn', 'No especifica', 'Denmark', 'Residencia no especificada'),
                                         -> ('Walserweg 21', 21, NULL, 'No especifica', '20796', 'Aachen', 'No especifica', 'Germany', 'Residencia no especificada');
Query OK, 91 rows affected (0.0087 sec)

Records: 91  Duplicates: 0  Warnings: 0
 MySQL  localhost:3306 ssl  hospital  SQL > select * from direcciones;
+--------------+--------------------------------------+-----------------+-----------------+---------------+---------------+-----------------+---------------+---------------+----------------------------+
| direccion_id | calle                                | numero_exterior | numero_interior | colonia       | codigo_postal | ciudad          | estado        | pais          | otros                      |
+--------------+--------------------------------------+-----------------+-----------------+---------------+---------------+-----------------+---------------+---------------+----------------------------+
|            1 | 1 rue Alsace-Lorraine                |               1 |            NULL | No especifica | 40620         | Toulouse        | No especifica | France        | Residencia no especificada |
|            2 | 12 Orchestra Terrace                 |              12 |            NULL | No especifica | 72299         | Walla Walla     | WA            | USA           | Residencia no especificada |
|            3 | 12, rue des Bouchers                 |              12 |            NULL | No especifica | 10368         | Marseille       | No especifica | France        | Residencia no especificada |
|            4 | 120 Hanover Sq.                      |             120 |            NULL | No especifica | 60155         | London          | No especifica | UK            | Residencia no especificada |
|            5 | 184, chausse de Tournai              |             184 |            NULL | No especifica | 55769         | Lille           | No especifica | France        | Residencia no especificada |
|            6 | 187 Suffolk Ln.                      |             187 |            NULL | No especifica | 78271         | Boise           | ID            | USA           | Residencia no especificada |
|            7 | 1900 Oak St.                         |            1900 |            NULL | No especifica | 85240         | Vancouver       | BC            | Canada        | Residencia no especificada |
|            8 | 2, rue du Commerce                   |               2 |            NULL | No especifica | 46913         | Helsinki        | No especifica | No especifica | Residencia no especificada |
|            9 | 23 Tsawassen Blvd.                   |              23 |            NULL | No especifica | 31994         | Tsawassen       | BC            | Canada        | Residencia no especificada |
|           10 | 24, place Klber                      |              24 |            NULL | No especifica | 72584         | Strasbourg      | No especifica | France        | Residencia no especificada |
|           11 | 25, rue Lauriston                    |              25 |            NULL | No especifica | 43635         | Paris           | No especifica | France        | Residencia no especificada |
|           12 | 265, boulevard Charonne              |             265 |            NULL | No especifica | 26346         | Paris           | No especifica | France        | Residencia no especificada |
|           13 | 2732 Baker Blvd.                     |            2732 |            NULL | No especifica | 87535         | Eugene          | OR            | USA           | Residencia no especificada |
|           14 | 2743 Bering St.                      |            2743 |            NULL | No especifica | 79901         | Anchorage       | AK            | USA           | Residencia no especificada |
|           15 | 2817 Milton Dr.                      |            2817 |            NULL | No especifica | 85182         | Albuquerque     | NM            | USA           | Residencia no especificada |
|           16 | 305 - 14th Ave. S.                   |             305 |               3 | No especifica | 62245         | Oulu            | No especifica | Finland       | Residencia no especificada |
|           17 | 35 King George                       |              35 |            NULL | No especifica | 13216         | London          | No especifica | UK            | Residencia no especificada |
|           18 | 43 rue St. Laurent                   |              43 |            NULL | No especifica | 18465         | Montréal        | Québec        | Canada        | Residencia no especificada |
|           19 | 5 Ave. Los Palos Grandes             |               5 |            NULL | No especifica | 68441         | Caracas         | DF            | Venezuela     | Residencia no especificada |
|           20 | 54, rue Royale                       |              54 |            NULL | No especifica | 63117         | Nantes          | No especifica | France        | Residencia no especificada |
|           21 | 55 Grizzly Peak Rd.                  |              55 |            NULL | No especifica | 39549         | Butte           | MT            | USA           | Residencia no especificada |
|           22 | 59 rue de l'Abbaye                   |              59 |            NULL | No especifica | 21955         | Warszawa        | No especifica | No especifica | Residencia no especificada |
|           23 | 67, avenue de l'Europe               |              67 |            NULL | No especifica | 42768         | Versailles      | No especifica | France        | Residencia no especificada |
|           24 | 67, rue des Cinquante Otages         |              67 |            NULL | No especifica | 56274         | Nantes          | No especifica | France        | Residencia no especificada |
|           25 | 722 DaVinci Blvd.                    |             722 |            NULL | No especifica | 13113         | Kirkland        | WA            | USA           | Residencia no especificada |
|           26 | 8 Johnstown Road                     |               8 |            NULL | No especifica | 47847         | Cork            | Co. Cork      | Ireland       | Residencia no especificada |
|           27 | 87 Polk St. Suite 5                  |              87 |            NULL | No especifica | 11981         | San Francisco   | CA            | USA           | Residencia no especificada |
|           28 | 89 Chiaroscuro Rd.                   |              89 |            NULL | No especifica | 29410         | Portland        | OR            | USA           | Residencia no especificada |
|           29 | 89 Jefferson Way Suite 2             |              89 |            NULL | No especifica | 44919         | Portland        | OR            | USA           | Residencia no especificada |
|           30 | 90 Wadhurst Rd.                      |              90 |            NULL | No especifica | 43827         | London          | No especifica | UK            | Residencia no especificada |
|           31 | Adenauerallee 900                    |             900 |            NULL | No especifica | 86925         | Lyon            | No especifica | France        | Residencia no especificada |
|           32 | Alameda dos Canários, 891            |             891 |            NULL | No especifica | 36965         | São Paulo       | SP            | Brazil        | Residencia no especificada |
|           33 | Av. Brasil, 442                      |             442 |            NULL | No especifica | 68328         | Campinas        | SP            | Brazil        | Residencia no especificada |
|           34 | Av. Copacabana, 267                  |             267 |            NULL | No especifica | 34941         | Rio de Janeiro  | RJ            | Brazil        | Residencia no especificada |
|           35 | Av. del Libertador 900               |             900 |            NULL | No especifica | 71252         | Buenos Aires    | No especifica | Argentina     | Residencia no especificada |
|           36 | Av. dos Lusadas, 23                  |              23 |            NULL | No especifica | 84473         | São Paulo       | SP            | Brazil        | Residencia no especificada |
|           37 | Av. Ins de Castro, 414               |             414 |            NULL | No especifica | 14942         | São Paulo       | SP            | Brazil        | Residencia no especificada |
|           38 | Avda. Azteca 123                     |             123 |            NULL | No especifica | 78040         | México D.F.     | México D.F.   | Mexico        | Residencia no especificada |
|           39 | Avda. de la Constitución 2222        |            2222 |            NULL | No especifica | 71760         | México D.F.     | México D.F.   | Mexico        | Residencia no especificada |
|           40 | Ave. 5 de Mayo Porlamar              |               5 |            NULL | No especifica | 20768         | I. de Margarita | Nueva Esparta | Venezuela     | Residencia no especificada |
|           41 | Berguvsvgen 8                        |               8 |            NULL | No especifica | 26468         | Lule            | No especifica | Sweden        | Residencia no especificada |
|           42 | Berkeley Gardens 12 Brewery          |              12 |            NULL | No especifica | 61775         | London          | No especifica | UK            | Residencia no especificada |
|           43 | Berliner Platz 43                    |              43 |            NULL | No especifica | 21914         | München         | No especifica | Germany       | Residencia no especificada |
|           44 | Boulevard Tirou, 255                 |             255 |            NULL | No especifica | 86215         | Charleroi       | No especifica | Belgium       | Residencia no especificada |
|           45 | C/ Araquil, 67                       |              67 |            NULL | No especifica | 11697         | Madrid          | No especifica | Spain         | Residencia no especificada |
|           46 | C/ Moralzarzal, 86                   |              86 |            NULL | No especifica | 77528         | Madrid          | No especifica | Spain         | Residencia no especificada |
|           47 | C/ Romero, 33                        |              33 |            NULL | No especifica | 18057         | Sevilla         | No especifica | Spain         | Residencia no especificada |
|           48 | Calle Dr. Jorge Cash 321             |             321 |            NULL | No especifica | 19460         | México D.F.     | México D.F.   | Mexico        | Residencia no especificada |
|           49 | Carrera 22 con Ave. Carlos Soublette |              22 |               8 | No especifica | 50156         | San Cristóbal   | Táchira       | Venezuela     | Residencia no especificada |
|           50 | Carrera 52 con Ave. Bolívar          |              52 |            NULL | No especifica | 76914         | Barquisimeto    | Lara          | Venezuela     | Residencia no especificada |
|           51 | Cerrito 333                          |             333 |            NULL | No especifica | 41756         | Buenos Aires    | No especifica | Argentina     | Residencia no especificada |
|           52 | City Center Plaza 516 Main St.       |             516 |            NULL | No especifica | 47913         | Elgin           | OR            | USA           | Residencia no especificada |
|           53 | Erling Skakkes gate 78               |              78 |            NULL | No especifica | 68136         | Stavern         | No especifica | Norway        | Residencia no especificada |
|           54 | Estrada da saúde n. 58               |              58 |            NULL | No especifica | 11380         | Lisboa          | No especifica | Portugal      | Residencia no especificada |
|           55 | Fauntleroy Circus                    |             100 |            NULL | No especifica | 12425         | London          | No especifica | UK            | Residencia no especificada |
|           56 | Forsterstr. 57                       |              57 |            NULL | No especifica | 29719         | Mannheim        | No especifica | Germany       | Residencia no especificada |
|           57 | Garden House Crowther Way            |               5 |            NULL | No especifica | 52697         | Cowes           | Isle of Wight | UK            | Residencia no especificada |
|           58 | Geislweg 14                          |              14 |            NULL | No especifica | 34435         | Salzburg        | No especifica | Austria       | Residencia no especificada |
|           59 | Gran Vía, 1                          |               1 |            NULL | No especifica | 61601         | Madrid          | No especifica | Spain         | Residencia no especificada |
|           60 | Grenzacherweg 237                    |             237 |            NULL | No especifica | 83335         | Ginebra         | No especifica | Switzerland   | Residencia no especificada |
|           61 | Hauptstr. 29                         |              29 |            NULL | No especifica | 23662         | Berna           | No especifica | Switzerland   | Residencia no especificada |
|           62 | Heerstr. 22                          |              22 |            NULL | No especifica | 73900         | Leipzig         | No especifica | Germany       | Residencia no especificada |
|           63 | Ing. Gustavo Moncada 8585            |            8585 |              20 | No especifica | 83428         | Buenos Aires    | No especifica | Argentina     | Residencia no especificada |
|           64 | Jardim das rosas n. 32               |              32 |            NULL | No especifica | 87099         | Lisboa          | No especifica | Portugal      | Residencia no especificada |
|           65 | kergatan 24                          |              24 |            NULL | No especifica | 83154         | Brücke          | No especifica | Sweden        | Residencia no especificada |
|           66 | Keskuskatu 45                        |              45 |            NULL | No especifica | 25873         | Resende         | SP            | Brazil        | Residencia no especificada |
|           67 | Kirchgasse 6                         |               6 |            NULL | No especifica | 59319         | Graz            | No especifica | Austria       | Residencia no especificada |
|           68 | Luisenstr. 48                        |              78 |            NULL | No especifica | 32205         | Münster         | No especifica | Germany       | Residencia no especificada |
|           69 | Magazinweg 7                         |               7 |            NULL | No especifica | 69129         | Frankfurt a.M.  | No especifica | Germany       | Residencia no especificada |
|           70 | Mataderos 2312                       |            2312 |            NULL | No especifica | 37179         | México D.F.     | México D.F.   | Mexico        | Residencia no especificada |
|           71 | Maubelstr. 90                        |              90 |            NULL | No especifica | 73705         | Brandenburg     | No especifica | Germany       | Residencia no especificada |
|           72 | Mehrheimerstr. 369                   |             369 |            NULL | No especifica | 46012         | Köln            | No especifica | Germany       | Residencia no especificada |
|           73 | Obere Str. 57                        |              57 |            NULL | No especifica | 30071         | Berlin          | No especifica | Germany       | Residencia no especificada |
|           74 | P.O. Box 555                         |             555 |            NULL | No especifica | 26230         | Lander          | WY            | USA           | Residencia no especificada |
|           75 | Rambla de Catalunya, 23              |              23 |            NULL | No especifica | 38184         | Barcelona       | No especifica | Spain         | Residencia no especificada |
|           76 | Rua da Panificadora, 12              |              12 |            NULL | No especifica | 37964         | Rio de Janeiro  | RJ            | Brazil        | Residencia no especificada |
|           77 | Rua do Mercado, 12                   |              12 |            NULL | No especifica | 10549         | Stuttgart       | No especifica | Germany       | Residencia no especificada |
|           78 | Rua do Pao, 67                       |              67 |            NULL | No especifica | 22071         | Rio de Janeiro  | RJ            | Brazil        | Residencia no especificada |
|           79 | Rua Ors, 92                          |              92 |            NULL | No especifica | 16799         | São Paulo       | SP            | Brazil        | Residencia no especificada |
|           80 | Rue Joseph-Bens 532                  |             532 |            NULL | No especifica | 32742         | Bruxelles       | No especifica | Belgium       | Residencia no especificada |
|           81 | Sierras de Granada 9993              |            9993 |            NULL | No especifica | 45792         | México D.F.     | No especifica | Mexico        | Residencia no especificada |
|           82 | Smagsloget 45                        |              45 |            NULL | No especifica | 88442         | Århus           | No especifica | Denmark       | Residencia no especificada |
|           83 | South House 300 Queensbridge         |             300 |            NULL | No especifica | 77552         | London          | No especifica | UK            | Residencia no especificada |
|           84 | Strada Provinciale 124               |             124 |            NULL | No especifica | 47511         | Reggio Emilia   | No especifica | Italy         | Residencia no especificada |
|           85 | Taucherstraße 10                     |              10 |            NULL | No especifica | 86041         | Cunewalde       | No especifica | Germany       | Residencia no especificada |
|           86 | Torikatu 38                          |              38 |            NULL | No especifica | 18047         | Reims           | No especifica | France        | Residencia no especificada |
|           87 | ul. Filtrowa 68                      |              68 |            NULL | No especifica | 33192         | Seattle         | WA            | USA           | Residencia no especificada |
|           88 | Via Ludovico il Moro 22              |              22 |            NULL | No especifica | 82459         | Bergamo         | No especifica | Italy         | Residencia no especificada |
|           89 | Via Monte Bianco 34                  |              34 |            NULL | No especifica | 87116         | Torino          | No especifica | Italy         | Residencia no especificada |
|           90 | Vinblätet 34                         |              34 |            NULL | No especifica | 59536         | Kobenhavn       | No especifica | Denmark       | Residencia no especificada |
|           91 | Walserweg 21                         |              21 |            NULL | No especifica | 20796         | Aachen          | No especifica | Germany       | Residencia no especificada |
+--------------+--------------------------------------+-----------------+-----------------+---------------+---------------+-----------------+---------------+---------------+----------------------------+
91 rows in set (0.0011 sec)
 MySQL  localhost:3306 ssl  hospital  SQL > INSERT INTO empleados (nombre, apellido_pat, apellido_mat, titulo, fecha_nacimiento)
                                         -> VALUES
                                         -> ('Alejandro', 'McAlpine', 'McAlpine', 'Senior Engineer', '1953-09-19'),
                                         -> ('Breannda', 'Billingsley', 'Billingsley', 'Staff', '1961-10-15'),
                                         -> ('Tse', 'Herber', 'Herber', 'Senior Engineer', '1962-10-19'),
                                         -> ('Anoosh', 'Peyn', 'Peyn', 'Engineer', '1961-11-02'),
                                         -> ('Gino', 'Leonhardt', 'Leonhardt', 'Senior Engineer', '1952-08-06'),
                                         -> ('Udi', 'Jansch', 'Jansch', 'Senior Staff', '1959-04-07'),
                                         -> ('Satosi', 'Awdeh', 'Awdeh', 'Staff', '1963-04-14'),
                                         -> ('Kwee', 'Schusler', 'Schusler', 'Senior Engineer', '1952-11-13'),
                                         -> ('Claudi', 'Stavenow', 'Stavenow', 'Senior Staff', '1953-01-07'),
                                         -> ('Charlene', 'Brattka', 'Brattka', 'Staff', '1962-11-26'),
                                         -> ('Margareta', 'Bierman', 'Bierman', 'Assistant Engineer', '1960-09-06'),
                                         -> ('Reuven', 'Garigliano', 'Garigliano', 'Assistant Engineer', '1955-08-20'),
                                         -> ('Hisao', 'Lipner', 'Lipner', 'Engineer', '1958-01-21'),
                                         -> ('Hironoby', 'Sidou', 'Sidou', 'Senior Engineer', '1952-05-15'),
                                         -> ('Shir', 'McClurg', 'McClurg', 'Engineer', '1954-02-23'),
                                         -> ('Mokhtar', 'Bernatsky', 'Bernatsky', 'Staff', '1955-08-28'),
                                         -> ('Gao', 'Dolinsky', 'Dolinsky', 'Engineer', '1960-03-09'),
                                         -> ('Erez', 'Ritzmann', 'Ritzmann', 'Senior Engineer', '1952-06-13'),
                                         -> ('Mona', 'Azuma', 'Azuma', 'Senior Staff', '1964-04-18'),
                                         -> ('Danel', 'Mondadori', 'Mondadori', 'Engineer', '1959-12-25'),
                                         -> ('Kshitij', 'Gils', 'Gils', 'Senior Staff', '1961-10-05'),
                                         -> ('Premal', 'Baek', 'Baek', 'Staff', '1957-12-03'),
                                         -> ('Zhongwei', 'Rosen', 'Rosen', 'Senior Staff', '1960-12-17'),
                                         -> ('Parviz', 'Lortz', 'Lortz', 'Staff', '1963-09-09'),
                                         -> ('Vishv', 'Zockler', 'Zockler', 'Engineer', '1959-07-23'),
                                         -> ('Tuval', 'Kalloufi', 'Kalloufi', 'Senior Engineer', '1960-05-25'),
                                         -> ('Kenroku', 'Malabarba', 'Malabarba', 'Staff', '1962-11-07'),
                                         -> ('Somnath', 'Foote', 'Foote', 'Engineer', '1962-11-19'),
                                         -> ('Xinglin', 'Eugenio', 'Eugenio', 'Technique Leader', '1959-07-23'),
                                         -> ('Jungsoon', 'Syrzycki', 'Syrzycki', 'Engineer', '1954-02-25');
Query OK, 30 rows affected (0.0079 sec)
 MySQL  localhost:3306 ssl  hospital  SQL > select * from empleados;
+--------------+-----------+--------------+--------------+--------------------+------------------+-------+
| empleados_id | nombre    | apellido_pat | apellido_mat | titulo             | fecha_nacimiento | otros |
+--------------+-----------+--------------+--------------+--------------------+------------------+-------+
|            1 | Alejandro | McAlpine     | McAlpine     | Senior Engineer    | 1953-09-19       | NULL  |
|            2 | Breannda  | Billingsley  | Billingsley  | Staff              | 1961-10-15       | NULL  |
|            3 | Tse       | Herber       | Herber       | Senior Engineer    | 1962-10-19       | NULL  |
|            4 | Anoosh    | Peyn         | Peyn         | Engineer           | 1961-11-02       | NULL  |
|            5 | Gino      | Leonhardt    | Leonhardt    | Senior Engineer    | 1952-08-06       | NULL  |
|            6 | Udi       | Jansch       | Jansch       | Senior Staff       | 1959-04-07       | NULL  |
|            7 | Satosi    | Awdeh        | Awdeh        | Staff              | 1963-04-14       | NULL  |
|            8 | Kwee      | Schusler     | Schusler     | Senior Engineer    | 1952-11-13       | NULL  |
|            9 | Claudi    | Stavenow     | Stavenow     | Senior Staff       | 1953-01-07       | NULL  |
|           10 | Charlene  | Brattka      | Brattka      | Staff              | 1962-11-26       | NULL  |
|           11 | Margareta | Bierman      | Bierman      | Assistant Engineer | 1960-09-06       | NULL  |
|           12 | Reuven    | Garigliano   | Garigliano   | Assistant Engineer | 1955-08-20       | NULL  |
|           13 | Hisao     | Lipner       | Lipner       | Engineer           | 1958-01-21       | NULL  |
|           14 | Hironoby  | Sidou        | Sidou        | Senior Engineer    | 1952-05-15       | NULL  |
|           15 | Shir      | McClurg      | McClurg      | Engineer           | 1954-02-23       | NULL  |
|           16 | Mokhtar   | Bernatsky    | Bernatsky    | Staff              | 1955-08-28       | NULL  |
|           17 | Gao       | Dolinsky     | Dolinsky     | Engineer           | 1960-03-09       | NULL  |
|           18 | Erez      | Ritzmann     | Ritzmann     | Senior Engineer    | 1952-06-13       | NULL  |
|           19 | Mona      | Azuma        | Azuma        | Senior Staff       | 1964-04-18       | NULL  |
|           20 | Danel     | Mondadori    | Mondadori    | Engineer           | 1959-12-25       | NULL  |
|           21 | Kshitij   | Gils         | Gils         | Senior Staff       | 1961-10-05       | NULL  |
|           22 | Premal    | Baek         | Baek         | Staff              | 1957-12-03       | NULL  |
|           23 | Zhongwei  | Rosen        | Rosen        | Senior Staff       | 1960-12-17       | NULL  |
|           24 | Parviz    | Lortz        | Lortz        | Staff              | 1963-09-09       | NULL  |
|           25 | Vishv     | Zockler      | Zockler      | Engineer           | 1959-07-23       | NULL  |
|           26 | Tuval     | Kalloufi     | Kalloufi     | Senior Engineer    | 1960-05-25       | NULL  |
|           27 | Kenroku   | Malabarba    | Malabarba    | Staff              | 1962-11-07       | NULL  |
|           28 | Somnath   | Foote        | Foote        | Engineer           | 1962-11-19       | NULL  |
|           29 | Xinglin   | Eugenio      | Eugenio      | Technique Leader   | 1959-07-23       | NULL  |
|           30 | Jungsoon  | Syrzycki     | Syrzycki     | Engineer           | 1954-02-25       | NULL  |
+--------------+-----------+--------------+--------------+--------------------+------------------+-------+

 MySQL  localhost:3306 ssl  hospital  SQL > INSERT INTO direcciones_empleados (empleados_id, direccion_id)
                                         -> VALUES
                                         -> (1, 58),  -- Alejandro -> Geislweg 14
                                         -> (2, 54),  -- Breannda -> Estrada da sade n. 58
                                         -> (3, 76),  -- Tse -> Rua da Panificadora, 12
                                         -> (4, 32),  -- Anoosh -> Alameda dos Canrios, 891
                                         -> (5, 85),  -- Gino -> Taucherstraße 10
                                         -> (6, 35),  -- Udi -> Av. del Libertador 900
                                         -> (7, 15),  -- Satosi -> 2817 Milton Dr.
                                         -> (8, 84),  -- Kwee -> Strada Provinciale 124
                                         -> (9, 34),  -- Claudi -> Av. Copacabana, 267
                                         -> (10, 60), -- Charlene -> Grenzacherweg 237
                                         -> (11, 59), -- Margareta -> Gran Via, 1
                                         -> (12, 53), -- Reuven -> Erling Skakkes gate 78
                                         -> (13, 6),  -- Hisao -> 187 Suffolk Ln.
                                         -> (14, 30), -- Hironoby -> 90 Wadhurst Rd.
                                         -> (15, 90), -- Shir -> Vinblätet 34
                                         -> (16, 11), -- Mokhtar -> 25, rue Lauriston
                                         -> (17, 74), -- Gao -> P.O. Box 555
                                         -> (18, 44), -- Erez -> Boulevard Tirou, 255
                                         -> (19, 29), -- Mona -> 89 Jefferson Way Suite 2
                                         -> (20, 21), -- Danel -> 55 Grizzly Peak Rd.
                                         -> (21, 68), -- Kshitij -> Luisenstr. 48
                                         -> (22, 38), -- Premal -> Avda. Azteca 123
                                         -> (23, 37), -- Zhongwei -> Av. Ins de Castro, 414
                                         -> (24, 25), -- Parviz -> 722 DaVinci Blvd.
                                         -> (25, 82), -- Vishv -> Smagsloget 45
                                         -> (26, 8),  -- Tuval -> 2, rue du Commerce
                                         -> (27, 22), -- Kenroku -> 59 rue de l'Abbaye
                                         -> (28, 31), -- Somnath -> Adenauerallee 900
                                         -> (29, 86), -- Xinglin -> Torikatu 38
                                         -> (30, 77); -- Jungsoon -> Rua do Mercado, 12
Query OK, 30 rows affected (0.0094 sec)

Records: 30  Duplicates: 0  Warnings: 0
Query OK, 0 rows affected (0.0002 sec)
 MySQL  localhost:3306 ssl  hospital  SQL > select * from direcciones_empleados;
+-----------------------+--------------+--------------+
| direccion_empleado_id | empleados_id | direccion_id |
+-----------------------+--------------+--------------+
|                     1 |            1 |           58 |
|                     2 |            2 |           54 |
|                     3 |            3 |           76 |
|                     4 |            4 |           32 |
|                     5 |            5 |           85 |
|                     6 |            6 |           35 |
|                     7 |            7 |           15 |
|                     8 |            8 |           84 |
|                     9 |            9 |           34 |
|                    10 |           10 |           60 |
|                    11 |           11 |           59 |
|                    12 |           12 |           53 |
|                    13 |           13 |            6 |
|                    14 |           14 |           30 |
|                    15 |           15 |           90 |
|                    16 |           16 |           11 |
|                    17 |           17 |           74 |
|                    18 |           18 |           44 |
|                    19 |           19 |           29 |
|                    20 |           20 |           21 |
|                    21 |           21 |           68 |
|                    22 |           22 |           38 |
|                    23 |           23 |           37 |
|                    24 |           24 |           25 |
|                    25 |           25 |           82 |
|                    26 |           26 |            8 |
|                    27 |           27 |           22 |
|                    28 |           28 |           31 |
|                    29 |           29 |           86 |
|                    30 |           30 |           77 |
+-----------------------+--------------+--------------+
30 rows in set (0.0009 sec)
 MySQL  localhost:3306 ssl  hospital  SQL > INSERT INTO direcciones_pacientes (paciente_id, direccion_id)
                                         -> VALUES
                                         -> (1, 73),  -- Georgi -> Obere Str. 57
                                         -> (1, 16),  -- Georgi -> 305 - 14th Ave. S. Suite 3B
                                         -> (2, 39),  -- Bezalel -> Avda. de la Constitucin 2222
                                         -> (2, 66),  -- Bezalel -> Keskuskatu 45
                                         -> (3, 70),  -- Parto -> Mataderos 2312
                                         -> (3, 87),  -- Parto -> ul. Filtrowa 68
                                         -> (4, 4),   -- Chirstian -> 120 Hanover Sq.
                                         -> (5, 41),  -- Kyoichi -> Berguvsvgen 8
                                         -> (6, 56),  -- Anneke -> Forsterstr. 57
                                         -> (7, 10),  -- Tzvetan -> 24, place Klber
                                         -> (8, 45),  -- Saniya -> C/ Araquil, 67
                                         -> (9, 3),   -- Sumant -> 12, rue des Bouchers
                                         -> (10, 9),  -- Duangkaew -> 23 Tsawassen Blvd.
                                         -> (11, 55), -- Mary -> Fauntleroy Circus
                                         -> (12, 51), -- Patricio -> Cerrito 333
                                         -> (13, 81), -- Eberhardt -> Sierras de Granada 9993
                                         -> (14, 61), -- Berni -> Hauptstr. 29
                                         -> (15, 36), -- Guoxiang -> Av. dos Lusadas, 23
                                         -> (16, 42), -- Kazuhito -> Berkeley Gardens 12 Brewery
                                         -> (17, 91), -- Cristinel -> Walserweg 21
                                         -> (18, 24), -- Kazuhide -> 67, rue des Cinquante Otages
                                         -> (19, 17), -- Lillian -> 35 King George
                                         -> (20, 67), -- Mayuko -> Kirchgasse 6
                                         -> (21, 79), -- Ramzi -> Rua Ors, 92
                                         -> (22, 46), -- Shahaf -> C/ Moralzarzal, 86
                                         -> (23, 5),  -- Bojan -> 184, chausse de Tournai
                                         -> (24, 65), -- Suzette -> kergatan 24
                                         -> (25, 43), -- Prasadram -> Berliner Platz 43
                                         -> (26, 20), -- Yongqiao -> 54, rue Royale
                                         -> (27, 89), -- Divier -> Via Monte Bianco 34
                                         -> (28, 64), -- Domenick -> Jardim das rosas n. 32
                                         -> (29, 75), -- Otmar -> Rambla de Catalua, 23
                                         -> (30, 47), -- Elvis -> C/ Romero, 33
                                         -> (31, 33), -- Karsten -> Av. Brasil, 442
                                         -> (32, 13), -- Jeong -> 2732 Baker Blvd.
                                         -> (33, 19), -- Arif -> 5 Ave. Los Palos Grandes
                                         -> (34, 78), -- Bader -> Rua do Pao, 67
                                         -> (35, 49), -- Alain -> Carrera 22 con Ave. Carlos Soublette #8-35
                                         -> (36, 52), -- Adamantios -> City Center Plaza 516 Main St.
                                         -> (37, 26), -- Pradeep -> 8 Johnstown Road
                                         -> (38, 57), -- Huan -> Garden House Crowther Way
                                         -> (39, 71), -- Alejandro -> Maubelstr. 90
                                         -> (40, 23), -- Weiyi -> 67, avenue de l'Europe
                                         -> (41, 1),  -- Uri -> 1 rue Alsace-Lorraine
                                         -> (42, 7),  -- Magy -> 1900 Oak St.
                                         -> (43, 2),  -- Yishay -> 12 Orchestra Terrace
                                         -> (44, 69), -- Mingsen -> Magazinweg 7
                                         -> (45, 27), -- Moss -> 87 Polk St. Suite 5
                                         -> (46, 50), -- Lucien -> Carrera 52 con Ave. Bolvar #65-98 Llano Largo
                                         -> (47, 40), -- Zvonko -> Ave. 5 de Mayo Porlamar
                                         -> (48, 28), -- Florian -> 89 Chiaroscuro Rd.
                                         -> (49, 88), -- Basil -> Via Ludovico il Moro 22
                                         -> (50, 80), -- Yinghua -> Rue Joseph-Bens 532
                                         -> (51, 18), -- Hidefumi -> 43 rue St. Laurent
                                         -> (52, 62), -- Heping -> Heerstr. 22
                                         -> (53, 83), -- Sanjiv -> South House 300 Queensbridge
                                         -> (54, 63), -- Mayumi -> Ing. Gustavo Moncada 8585 Piso 20-A
                                         -> (55, 14), -- Georgy -> 2743 Bering St.
                                         -> (56, 72), -- Brendon -> Mehrheimerstr. 369
                                         -> (57, 12), -- Ebbe -> 265, boulevard Charonne
                                         -> (58, 48); -- Berhard -> Calle Dr. Jorge Cash 321
Query OK, 61 rows affected (0.0091 sec)

Records: 61  Duplicates: 0  Warnings: 0
Query OK, 0 rows affected (0.0001 sec)
 MySQL  localhost:3306 ssl  hospital  SQL > select * from direcciones_pacientes
                                         -> ;
+-----------------------+-------------+--------------+
| direccion_paciente_id | paciente_id | direccion_id |
+-----------------------+-------------+--------------+
|                     1 |           1 |           73 |
|                     2 |           1 |           16 |
|                     3 |           2 |           39 |
|                     4 |           2 |           66 |
|                     5 |           3 |           70 |
|                     6 |           3 |           87 |
|                     7 |           4 |            4 |
|                     8 |           5 |           41 |
|                     9 |           6 |           56 |
|                    10 |           7 |           10 |
|                    11 |           8 |           45 |
|                    12 |           9 |            3 |
|                    13 |          10 |            9 |
|                    14 |          11 |           55 |
|                    15 |          12 |           51 |
|                    16 |          13 |           81 |
|                    17 |          14 |           61 |
|                    18 |          15 |           36 |
|                    19 |          16 |           42 |
|                    20 |          17 |           91 |
|                    21 |          18 |           24 |
|                    22 |          19 |           17 |
|                    23 |          20 |           67 |
|                    24 |          21 |           79 |
|                    25 |          22 |           46 |
|                    26 |          23 |            5 |
|                    27 |          24 |           65 |
|                    28 |          25 |           43 |
|                    29 |          26 |           20 |
|                    30 |          27 |           89 |
|                    31 |          28 |           64 |
|                    32 |          29 |           75 |
|                    33 |          30 |           47 |
|                    34 |          31 |           33 |
|                    35 |          32 |           13 |
|                    36 |          33 |           19 |
|                    37 |          34 |           78 |
|                    38 |          35 |           49 |
|                    39 |          36 |           52 |
|                    40 |          37 |           26 |
|                    41 |          38 |           57 |
|                    42 |          39 |           71 |
|                    43 |          40 |           23 |
|                    44 |          41 |            1 |
|                    45 |          42 |            7 |
|                    46 |          43 |            2 |
|                    47 |          44 |           69 |
|                    48 |          45 |           27 |
|                    49 |          46 |           50 |
|                    50 |          47 |           40 |
|                    51 |          48 |           28 |
|                    52 |          49 |           88 |
|                    53 |          50 |           80 |
|                    54 |          51 |           18 |
|                    55 |          52 |           62 |
|                    56 |          53 |           83 |
|                    57 |          54 |           63 |
|                    58 |          55 |           14 |
|                    59 |          56 |           72 |
|                    60 |          57 |           12 |
|                    61 |          58 |           48 |
+-----------------------+-------------+--------------+
61 rows in set (0.0008 sec)
 MySQL  localhost:3306 ssl  hospital  SQL > INSERT INTO formas_pago (forma_pago)
                                         -> VALUES
                                         -> ('Efectivo'),
                                         -> ('Tarjeta crédito'),
                                         -> ('Tarjeta débito'),
                                         -> ('Seguro'),
                                         -> ('Cheque');
Query OK, 5 rows affected (0.0081 sec)

Records: 5  Duplicates: 0  Warnings: 0
 MySQL  localhost:3306 ssl  hospital  SQL > INSERT INTO cuartos (paciente_id, numero_cuarto, inicio_estadia, fin_estadia) VALUES
                                         -> (1, 121, '2017-04-10', '2017-04-17'),
                                         -> (2, 190, '2017-04-11', '2017-04-13'),
                                         -> (3, 108, '2017-04-12', '2017-04-17'),
                                         -> (4, 179, '2017-04-13', '2017-04-18'),
                                         -> (5, 158, '2017-04-14', '2017-04-17'),
                                         -> (6, 183, '2017-04-15', '2017-04-16'),
                                         -> (7, 142, '2017-04-16', '2017-04-23'),
                                         -> (8, 108, '2017-04-17', '2017-04-24'),
                                         -> (9, 100, '2017-04-18', '2017-04-23'),
                                         -> (10, 109, '2017-04-19', '2017-04-24'),
                                         -> (11, 116, '2017-04-20', '2017-04-23'),
                                         -> (12, 182, '2017-04-21', '2017-04-24'),
                                         -> (13, 180, '2017-04-22', '2017-04-28'),
                                         -> (14, 188, '2017-04-23', '2017-04-25'),
                                         -> (15, 173, '2017-04-24', '2017-05-01'),
                                         -> (16, 176, '2017-04-25', '2017-04-30'),
                                         -> (17, 122, '2017-04-26', '2017-04-27'),
                                         -> (18, 155, '2017-04-27', '2017-05-07'),
                                         -> (19, 181, '2017-04-28', '2017-04-30'),
                                         -> (20, 178, '2017-04-29', '2017-05-05'),
                                         -> (21, 139, '2017-04-30', '2017-05-07'),
                                         -> (22, 119, '2017-05-01', '2017-05-10'),
                                         -> (23, 193, '2017-05-02', '2017-05-09'),
                                         -> (24, 153, '2017-05-03', '2017-05-04'),
                                         -> (25, 168, '2017-05-04', '2017-05-14'),
                                         -> (26, 115, '2017-05-05', '2017-05-12'),
                                         -> (27, 140, '2017-05-06', '2017-05-09'),
                                         -> (28, 170, '2017-05-07', '2017-05-14'),
                                         -> (29, 153, '2017-05-08', '2017-05-10'),
                                         -> (30, 177, '2017-05-09', '2017-05-14'),
                                         -> (31, 101, '2017-05-10', '2017-05-17'),
                                         -> (32, 118, '2017-05-11', '2017-05-21'),
                                         -> (33, 120, '2017-05-12', '2017-05-19'),
                                         -> (34, 156, '2017-05-13', '2017-05-19'),
                                         -> (35, 174, '2017-05-14', '2017-05-15'),
                                         -> (36, 156, '2017-05-15', '2017-05-19'),
                                         -> (37, 397, '2017-05-16', '2017-05-26'),
                                         -> (38, 314, '2017-05-17', '2017-05-18'),
                                         -> (39, 385, '2017-05-18', '2017-05-24'),
                                         -> (40, 356, '2017-05-19', '2017-05-26'),
                                         -> (41, 317, '2017-05-20', '2017-05-28'),
                                         -> (42, 305, '2017-05-21', '2017-05-29'),
                                         -> (43, 363, '2017-05-22', '2017-05-26'),
                                         -> (44, 346, '2017-05-23', '2017-06-02'),
                                         -> (45, 396, '2017-05-24', '2017-05-31'),
                                         -> (46, 376, '2017-05-25', '2017-06-03'),
                                         -> (47, 353, '2017-05-26', '2017-05-27'),
                                         -> (48, 342, '2017-05-27', '2017-06-06'),
                                         -> (49, 382, '2017-05-28', '2017-05-29'),
                                         -> (50, 346, '2017-05-29', '2017-05-30'),
                                         -> (51, 349, '2017-05-30', '2017-06-02'),
                                         -> (52, 381, '2017-05-31', '2017-06-08'),
                                         -> (53, 383, '2017-06-01', '2017-06-11'),
                                         -> (54, 339, '2017-06-02', '2017-06-07'),
                                         -> (55, 326, '2017-06-03', '2017-06-09'),
                                         -> (56, 391, '2017-06-04', '2017-06-12'),
                                         -> (57, 377, '2017-06-05', '2017-06-13'),
                                         -> (58, 323, '2017-06-06', '2017-06-13');
Query OK, 58 rows affected (0.0118 sec)

Records: 58  Duplicates: 0  Warnings: 0
 MySQL  localhost:3306 ssl  hospital  SQL > select * from cuartos;
+-----------+-------------+---------------+----------------+-------------+
| cuarto_id | paciente_id | numero_cuarto | inicio_estadia | fin_estadia |
+-----------+-------------+---------------+----------------+-------------+
|         1 |           1 |           121 | 2017-04-10     | 2017-04-17  |
|         2 |           2 |           190 | 2017-04-11     | 2017-04-13  |
|         3 |           3 |           108 | 2017-04-12     | 2017-04-17  |
|         4 |           4 |           179 | 2017-04-13     | 2017-04-18  |
|         5 |           5 |           158 | 2017-04-14     | 2017-04-17  |
|         6 |           6 |           183 | 2017-04-15     | 2017-04-16  |
|         7 |           7 |           142 | 2017-04-16     | 2017-04-23  |
|         8 |           8 |           108 | 2017-04-17     | 2017-04-24  |
|         9 |           9 |           100 | 2017-04-18     | 2017-04-23  |
|        10 |          10 |           109 | 2017-04-19     | 2017-04-24  |
|        11 |          11 |           116 | 2017-04-20     | 2017-04-23  |
|        12 |          12 |           182 | 2017-04-21     | 2017-04-24  |
|        13 |          13 |           180 | 2017-04-22     | 2017-04-28  |
|        14 |          14 |           188 | 2017-04-23     | 2017-04-25  |
|        15 |          15 |           173 | 2017-04-24     | 2017-05-01  |
|        16 |          16 |           176 | 2017-04-25     | 2017-04-30  |
|        17 |          17 |           122 | 2017-04-26     | 2017-04-27  |
|        18 |          18 |           155 | 2017-04-27     | 2017-05-07  |
|        19 |          19 |           181 | 2017-04-28     | 2017-04-30  |
|        20 |          20 |           178 | 2017-04-29     | 2017-05-05  |
|        21 |          21 |           139 | 2017-04-30     | 2017-05-07  |
|        22 |          22 |           119 | 2017-05-01     | 2017-05-10  |
|        23 |          23 |           193 | 2017-05-02     | 2017-05-09  |
|        24 |          24 |           153 | 2017-05-03     | 2017-05-04  |
|        25 |          25 |           168 | 2017-05-04     | 2017-05-14  |
|        26 |          26 |           115 | 2017-05-05     | 2017-05-12  |
|        27 |          27 |           140 | 2017-05-06     | 2017-05-09  |
|        28 |          28 |           170 | 2017-05-07     | 2017-05-14  |
|        29 |          29 |           153 | 2017-05-08     | 2017-05-10  |
|        30 |          30 |           177 | 2017-05-09     | 2017-05-14  |
|        31 |          31 |           101 | 2017-05-10     | 2017-05-17  |
|        32 |          32 |           118 | 2017-05-11     | 2017-05-21  |
|        33 |          33 |           120 | 2017-05-12     | 2017-05-19  |
|        34 |          34 |           156 | 2017-05-13     | 2017-05-19  |
|        35 |          35 |           174 | 2017-05-14     | 2017-05-15  |
|        36 |          36 |           156 | 2017-05-15     | 2017-05-19  |
|        37 |          37 |           397 | 2017-05-16     | 2017-05-26  |
|        38 |          38 |           314 | 2017-05-17     | 2017-05-18  |
|        39 |          39 |           385 | 2017-05-18     | 2017-05-24  |
|        40 |          40 |           356 | 2017-05-19     | 2017-05-26  |
|        41 |          41 |           317 | 2017-05-20     | 2017-05-28  |
|        42 |          42 |           305 | 2017-05-21     | 2017-05-29  |
|        43 |          43 |           363 | 2017-05-22     | 2017-05-26  |
|        44 |          44 |           346 | 2017-05-23     | 2017-06-02  |
|        45 |          45 |           396 | 2017-05-24     | 2017-05-31  |
|        46 |          46 |           376 | 2017-05-25     | 2017-06-03  |
|        47 |          47 |           353 | 2017-05-26     | 2017-05-27  |
|        48 |          48 |           342 | 2017-05-27     | 2017-06-06  |
|        49 |          49 |           382 | 2017-05-28     | 2017-05-29  |
|        50 |          50 |           346 | 2017-05-29     | 2017-05-30  |
|        51 |          51 |           349 | 2017-05-30     | 2017-06-02  |
|        52 |          52 |           381 | 2017-05-31     | 2017-06-08  |
|        53 |          53 |           383 | 2017-06-01     | 2017-06-11  |
|        54 |          54 |           339 | 2017-06-02     | 2017-06-07  |
|        55 |          55 |           326 | 2017-06-03     | 2017-06-09  |
|        56 |          56 |           391 | 2017-06-04     | 2017-06-12  |
|        57 |          57 |           377 | 2017-06-05     | 2017-06-13  |
|        58 |          58 |           323 | 2017-06-06     | 2017-06-13  |
+-----------+-------------+---------------+----------------+-------------+
58 rows in set (0.0008 sec)
 MySQL  localhost:3306 ssl  hospital  SQL > select * fromas_pago;
ERROR: 1064 (42000): You have an error in your SQL syntax; check the manual that corresponds to your MySQL server version for the right syntax to use near 'fromas_pago' at line 1
 MySQL  localhost:3306 ssl  hospital  SQL > select * from formas_pago;
+---------------+-----------------+
| forma_pago_id | forma_pago      |
+---------------+-----------------+
|             1 | Efectivo        |
|             2 | Tarjeta crédito |
|             3 | Tarjeta débito  |
|             4 | Seguro          |
|             5 | Cheque          |
+---------------+-----------------+
5 rows in set (0.0007 sec)
 MySQL  localhost:3306 ssl  hospital  SQL > INSERT INTO formas_pago_pacientes (paciente_id, forma_pago_id) VALUES
                                         -> (1, NULL),
                                         -> (2, NULL),
                                         -> (3, 1),
                                         -> (4, 2),
                                         -> (5, 3),
                                         -> (6, 4),
                                         -> (7, 5),
                                         -> (8, 1),
                                         -> (9, 2),
                                         -> (10, 3),
                                         -> (11, 4),
                                         -> (12, 5),
                                         -> (13, NULL),
                                         -> (14, NULL),
                                         -> (15, NULL),
                                         -> (16, NULL),
                                         -> (17, 1),
                                         -> (18, 2),
                                         -> (19, 3),
                                         -> (20, 4),
                                         -> (21, 5),
                                         -> (22, NULL),
                                         -> (23, NULL),
                                         -> (24, NULL),
                                         -> (25, NULL),
                                         -> (26, 1),
                                         -> (27, 2),
                                         -> (28, 3),
                                         -> (29, 4),
                                         -> (30, 5),
                                         -> (31, NULL),
                                         -> (32, NULL),
                                         -> (33, NULL),
                                         -> (34, NULL),
                                         -> (35, NULL),
                                         -> (36, NULL),
                                         -> (37, 1),
                                         -> (38, 2),
                                         -> (39, 3),
                                         -> (40, 4),
                                         -> (41, 5),
                                         -> (42, NULL),
                                         -> (43, NULL),
                                         -> (44, NULL),
                                         -> (45, NULL),
                                         -> (46, 1),
                                         -> (47, 2),
                                         -> (48, 3),
                                         -> (49, 4),
                                         -> (50, 5),
                                         -> (51, NULL),
                                         -> (52, NULL),
                                         -> (53, 1),
                                         -> (54, 2),
                                         -> (55, 3),
                                         -> (56, 4),
                                         -> (57, 5),
                                         -> (58, NULL);
Query OK, 58 rows affected (0.0088 sec)
 MySQL  localhost:3306 ssl  hospital  SQL > select * from formas_pago_pacientes;
+-------------------+-------------+---------------+----------+
| forma_pago_pac_id | paciente_id | forma_pago_id | detalles |
+-------------------+-------------+---------------+----------+
|                 1 |           1 |          NULL | NULL     |
|                 2 |           2 |          NULL | NULL     |
|                 3 |           3 |             1 | NULL     |
|                 4 |           4 |             2 | NULL     |
|                 5 |           5 |             3 | NULL     |
|                 6 |           6 |             4 | NULL     |
|                 7 |           7 |             5 | NULL     |
|                 8 |           8 |             1 | NULL     |
|                 9 |           9 |             2 | NULL     |
|                10 |          10 |             3 | NULL     |
|                11 |          11 |             4 | NULL     |
|                12 |          12 |             5 | NULL     |
|                13 |          13 |          NULL | NULL     |
|                14 |          14 |          NULL | NULL     |
|                15 |          15 |          NULL | NULL     |
|                16 |          16 |          NULL | NULL     |
|                17 |          17 |             1 | NULL     |
|                18 |          18 |             2 | NULL     |
|                19 |          19 |             3 | NULL     |
|                20 |          20 |             4 | NULL     |
|                21 |          21 |             5 | NULL     |
|                22 |          22 |          NULL | NULL     |
|                23 |          23 |          NULL | NULL     |
|                24 |          24 |          NULL | NULL     |
|                25 |          25 |          NULL | NULL     |
|                26 |          26 |             1 | NULL     |
|                27 |          27 |             2 | NULL     |
|                28 |          28 |             3 | NULL     |
|                29 |          29 |             4 | NULL     |
|                30 |          30 |             5 | NULL     |
|                31 |          31 |          NULL | NULL     |
|                32 |          32 |          NULL | NULL     |
|                33 |          33 |          NULL | NULL     |
|                34 |          34 |          NULL | NULL     |
|                35 |          35 |          NULL | NULL     |
|                36 |          36 |          NULL | NULL     |
|                37 |          37 |             1 | NULL     |
|                38 |          38 |             2 | NULL     |
|                39 |          39 |             3 | NULL     |
|                40 |          40 |             4 | NULL     |
|                41 |          41 |             5 | NULL     |
|                42 |          42 |          NULL | NULL     |
|                43 |          43 |          NULL | NULL     |
|                44 |          44 |          NULL | NULL     |
|                45 |          45 |          NULL | NULL     |
|                46 |          46 |             1 | NULL     |
|                47 |          47 |             2 | NULL     |
|                48 |          48 |             3 | NULL     |
|                49 |          49 |             4 | NULL     |
|                50 |          50 |             5 | NULL     |
|                51 |          51 |          NULL | NULL     |
|                52 |          52 |          NULL | NULL     |
|                53 |          53 |             1 | NULL     |
|                54 |          54 |             2 | NULL     |
|                55 |          55 |             3 | NULL     |
|                56 |          56 |             4 | NULL     |
|                57 |          57 |             5 | NULL     |
|                58 |          58 |          NULL | NULL     |
+-------------------+-------------+---------------+----------+
58 rows in set (0.0006 sec)
 MySQL  localhost:3306 ssl  hospital  SQL > INSERT INTO cuentas_pacientes (paciente_id, forma_pago_pac_id, fecha_emision, otros)
                                         -> VALUES
                                         -> (1, NULL, '2017-04-20', NULL),
                                         -> (2, NULL, '2017-04-17', NULL),
                                         -> (3, 1, '2017-04-20', NULL),
                                         -> (4, 2, '2017-04-22', NULL),
                                         -> (5, 3, '2017-04-21', NULL),
                                         -> (6, 4, '2017-04-18', NULL),
                                         -> (7, 5, '2017-04-24', NULL),
                                         -> (8, 1, '2017-04-27', NULL),
                                         -> (9, 2, '2017-04-28', NULL),
                                         -> (10, 3, '2017-04-27', NULL),
                                         -> (11, 4, '2017-04-28', NULL),
                                         -> (12, 5, '2017-04-28', NULL),
                                         -> (13, NULL, '2017-04-29', NULL),
                                         -> (14, NULL, '2017-04-26', NULL),
                                         -> (15, NULL, '2017-05-05', NULL),
                                         -> (16, NULL, '2017-05-02', NULL),
                                         -> (17, 1, '2017-05-01', NULL),
                                         -> (18, 2, '2017-05-12', NULL),
                                         -> (19, 3, '2017-05-03', NULL),
                                         -> (20, 4, '2017-05-09', NULL),
                                         -> (21, 5, '2017-05-08', NULL),
                                         -> (22, NULL, '2017-05-14', NULL),
                                         -> (23, NULL, '2017-05-12', NULL),
                                         -> (24, NULL, '2017-05-05', NULL),
                                         -> (25, NULL, '2017-05-19', NULL),
                                         -> (26, 1, '2017-05-14', NULL),
                                         -> (27, 2, '2017-05-12', NULL),
                                         -> (28, 3, '2017-05-15', NULL),
                                         -> (29, 4, '2017-05-13', NULL),
                                         -> (30, 5, '2017-05-18', NULL),
                                         -> (31, NULL, '2017-05-20', NULL),
                                         -> (32, NULL, '2017-05-26', NULL),
                                         -> (33, NULL, '2017-05-22', NULL),
                                         -> (34, NULL, '2017-05-21', NULL),
                                         -> (35, NULL, '2017-05-16', NULL),
                                         -> (36, NULL, '2017-05-20', NULL),
                                         -> (37, 1, '2017-05-27', NULL),
                                         -> (38, 2, '2017-05-21', NULL),
                                         -> (39, 3, '2017-05-26', NULL),
                                         -> (40, 4, '2017-05-31', NULL),
                                         -> (41, 5, '2017-05-31', NULL),
                                         -> (42, NULL, '2017-06-01', NULL),
                                         -> (43, NULL, '2017-05-27', NULL),
                                         -> (44, NULL, '2017-06-07', NULL),
                                         -> (45, NULL, '2017-06-04', NULL),
                                         -> (46, 1, '2017-06-07', NULL),
                                         -> (47, 2, '2017-05-31', NULL),
                                         -> (48, 3, '2017-06-07', NULL),
                                         -> (49, 4, '2017-05-31', NULL),
                                         -> (50, 5, '2017-06-03', NULL),
                                         -> (51, NULL, '2017-06-03', NULL),
                                         -> (52, NULL, '2017-06-10', NULL),
                                         -> (53, 1, '2017-06-14', NULL),
                                         -> (54, 2, '2017-06-09', NULL),
                                         -> (55, 3, '2017-06-14', NULL),
                                         -> (56, 4, '2017-06-17', NULL),
                                         -> (57, 5, '2017-06-16', NULL),
                                         -> (58, NULL, '2017-06-15', NULL);
Query OK, 58 rows affected (0.0087 sec)

Records: 58  Duplicates: 0  Warnings: 0
 MySQL  localhost:3306 ssl  hospital  SQL > INSERT INTO cuentas_pacientes_detalles (cuentas_pacientes_id, detalle, cantidad, costo_total)
                                         -> VALUES
                                         -> (1, 'Tratamiento', 6, 437557),
                                         -> (2, 'Tratamiento', 5, 420352),
                                         -> (3, 'Tratamiento', 4, 803455),
                                         -> (4, 'Tratamiento', 6, 863833),
                                         -> (5, 'Tratamiento', 2, 835504),
                                         -> (6, 'Tratamiento', 4, 845256),
                                         -> (7, 'Tratamiento', 3, 553474),
                                         -> (8, 'Tratamiento', 3, 1299575),
                                         -> (9, 'Tratamiento', 2, 1144618),
                                         -> (10, 'Tratamiento', 2, 1033289),
                                         -> (11, 'Tratamiento', 5, 775124),
                                         -> (12, 'Tratamiento', 5, 666403),
                                         -> (13, 'Tratamiento', 4, 527460),
                                         -> (14, 'Tratamiento', 6, 528996),
                                         -> (15, 'Tratamiento', 4, 909453),
                                         -> (16, 'Tratamiento', 3, 555734),
                                         -> (17, 'Tratamiento', 4, 1318496),
                                         -> (18, 'Tratamiento', 5, 903422),
                                         -> (19, 'Tratamiento', 3, 584977),
                                         -> (20, 'Tratamiento', 4, 968731),
                                         -> (21, 'Tratamiento', 2, 721764),
                                         -> (22, 'Tratamiento', 3, 1254654),
                                         -> (23, 'Tratamiento', 6, 1536903),
                                         -> (24, 'Tratamiento', 3, 422753),
                                         -> (25, 'Tratamiento', 4, 942310),
                                         -> (26, 'Tratamiento', 3, 805018),
                                         -> (27, 'Tratamiento', 6, 405645),
                                         -> (28, 'Tratamiento', 6, 951084),
                                         -> (29, 'Tratamiento', 6, 275126),
                                         -> (30, 'Tratamiento', 3, 1113848),
                                         -> (31, 'Tratamiento', 4, 824572),
                                         -> (32, 'Tratamiento', 2, 844650),
                                         -> (33, 'Tratamiento', 4, 1120223),
                                         -> (34, 'Tratamiento', 3, 693371),
                                         -> (35, 'Tratamiento', 3, 833046),
                                         -> (36, 'Tratamiento', 3, 553070),
                                         -> (37, 'Tratamiento', 2, 1000135),
                                         -> (38, 'Tratamiento', 2, 432208),
                                         -> (39, 'Tratamiento', 3, 861206),
                                         -> (40, 'Tratamiento', 3, 909114),
                                         -> (41, 'Tratamiento', 4, 499014),
                                         -> (42, 'Tratamiento', 5, 1186783),
                                         -> (43, 'Tratamiento', 4, 401743),
                                         -> (44, 'Tratamiento', 4, 716403),
                                         -> (45, 'Tratamiento', 4, 606941),
                                         -> (46, 'Tratamiento', 3, 1644520),
                                         -> (47, 'Tratamiento', 2, 929980),
                                         -> (48, 'Tratamiento', 2, 228805),
                                         -> (49, 'Tratamiento', 2, 714654),
                                         -> (50, 'Tratamiento', 5, 1310219),
                                         -> (51, 'Tratamiento', 3, 1274462),
                                         -> (52, 'Tratamiento', 2, 155327),
                                         -> (53, 'Tratamiento', 6, 1172596),
                                         -> (54, 'Tratamiento', 3, 813048),
                                         -> (55, 'Tratamiento', 4, 713204),
                                         -> (56, 'Tratamiento', 6, 1690560),
                                         -> (57, 'Tratamiento', 2, 529090),
                                         -> (58, 'Tratamiento', 5, 831506);
Query OK, 58 rows affected (0.0090 sec)

Records: 58  Duplicates: 0  Warnings: 0
 MySQL  localhost:3306 ssl  hospital  SQL > select * from cuentas_pacientes;
+----------------------+-------------+-------------------+---------------+-------+
| cuentas_pacientes_id | paciente_id | forma_pago_pac_id | fecha_emision | otros |
+----------------------+-------------+-------------------+---------------+-------+
|                    1 |           1 |              NULL | 2017-04-20    | NULL  |
|                    2 |           2 |              NULL | 2017-04-17    | NULL  |
|                    3 |           3 |                 1 | 2017-04-20    | NULL  |
|                    4 |           4 |                 2 | 2017-04-22    | NULL  |
|                    5 |           5 |                 3 | 2017-04-21    | NULL  |
|                    6 |           6 |                 4 | 2017-04-18    | NULL  |
|                    7 |           7 |                 5 | 2017-04-24    | NULL  |
|                    8 |           8 |                 1 | 2017-04-27    | NULL  |
|                    9 |           9 |                 2 | 2017-04-28    | NULL  |
|                   10 |          10 |                 3 | 2017-04-27    | NULL  |
|                   11 |          11 |                 4 | 2017-04-28    | NULL  |
|                   12 |          12 |                 5 | 2017-04-28    | NULL  |
|                   13 |          13 |              NULL | 2017-04-29    | NULL  |
|                   14 |          14 |              NULL | 2017-04-26    | NULL  |
|                   15 |          15 |              NULL | 2017-05-05    | NULL  |
|                   16 |          16 |              NULL | 2017-05-02    | NULL  |
|                   17 |          17 |                 1 | 2017-05-01    | NULL  |
|                   18 |          18 |                 2 | 2017-05-12    | NULL  |
|                   19 |          19 |                 3 | 2017-05-03    | NULL  |
|                   20 |          20 |                 4 | 2017-05-09    | NULL  |
|                   21 |          21 |                 5 | 2017-05-08    | NULL  |
|                   22 |          22 |              NULL | 2017-05-14    | NULL  |
|                   23 |          23 |              NULL | 2017-05-12    | NULL  |
|                   24 |          24 |              NULL | 2017-05-05    | NULL  |
|                   25 |          25 |              NULL | 2017-05-19    | NULL  |
|                   26 |          26 |                 1 | 2017-05-14    | NULL  |
|                   27 |          27 |                 2 | 2017-05-12    | NULL  |
|                   28 |          28 |                 3 | 2017-05-15    | NULL  |
|                   29 |          29 |                 4 | 2017-05-13    | NULL  |
|                   30 |          30 |                 5 | 2017-05-18    | NULL  |
|                   31 |          31 |              NULL | 2017-05-20    | NULL  |
|                   32 |          32 |              NULL | 2017-05-26    | NULL  |
|                   33 |          33 |              NULL | 2017-05-22    | NULL  |
|                   34 |          34 |              NULL | 2017-05-21    | NULL  |
|                   35 |          35 |              NULL | 2017-05-16    | NULL  |
|                   36 |          36 |              NULL | 2017-05-20    | NULL  |
|                   37 |          37 |                 1 | 2017-05-27    | NULL  |
|                   38 |          38 |                 2 | 2017-05-21    | NULL  |
|                   39 |          39 |                 3 | 2017-05-26    | NULL  |
|                   40 |          40 |                 4 | 2017-05-31    | NULL  |
|                   41 |          41 |                 5 | 2017-05-31    | NULL  |
|                   42 |          42 |              NULL | 2017-06-01    | NULL  |
|                   43 |          43 |              NULL | 2017-05-27    | NULL  |
|                   44 |          44 |              NULL | 2017-06-07    | NULL  |
|                   45 |          45 |              NULL | 2017-06-04    | NULL  |
|                   46 |          46 |                 1 | 2017-06-07    | NULL  |
|                   47 |          47 |                 2 | 2017-05-31    | NULL  |
|                   48 |          48 |                 3 | 2017-06-07    | NULL  |
|                   49 |          49 |                 4 | 2017-05-31    | NULL  |
|                   50 |          50 |                 5 | 2017-06-03    | NULL  |
|                   51 |          51 |              NULL | 2017-06-03    | NULL  |
|                   52 |          52 |              NULL | 2017-06-10    | NULL  |
|                   53 |          53 |                 1 | 2017-06-14    | NULL  |
|                   54 |          54 |                 2 | 2017-06-09    | NULL  |
|                   55 |          55 |                 3 | 2017-06-14    | NULL  |
|                   56 |          56 |                 4 | 2017-06-17    | NULL  |
|                   57 |          57 |                 5 | 2017-06-16    | NULL  |
|                   58 |          58 |              NULL | 2017-06-15    | NULL  |
+----------------------+-------------+-------------------+---------------+-------+
58 rows in set (0.0008 sec)
 MySQL  localhost:3306 ssl  hospital  SQL > INSERT INTO registro_pacientes (paciente_id, cuentas_pacientes_id, registro_por_empleado_id, fecha_admision, condicion_medica, otros)
                                         -> VALUES
                                         -> (1, 1, 1, '2017-04-08', 'Abdominal Aortic Aneurysm', NULL),
                                         -> (2, 2, 2, '2017-04-09', 'Abdominal Cramps (Heat Cramps)', NULL),
                                         -> (3, 3, 3, '2017-04-10', 'Abdominal Hernia (Hernia Overview)', NULL),
                                         -> (4, 4, 4, '2017-04-12', 'Bacterial Vaginosis (Causes, Symptoms, Treatment)', NULL),
                                         -> (5, 5, 5, '2017-04-12', 'Bad Breath', NULL),
                                         -> (6, 6, 6, '2017-04-14', 'Bad Cholesterol Test (Cholesterol Test)', NULL),
                                         -> (7, 7, 7, '2017-04-15', 'Baker Cyst', NULL),
                                         -> (8, 8, 8, '2017-04-15', 'Farting (Intestinal Gas (Belching, Bloating, Flatulence))', NULL),
                                         -> (9, 9, 9, '2017-04-16', 'Fast Heart Beat (Palpitations Overview)', NULL),
                                         -> (10, 10, 10, '2017-04-17', 'Fatigue', NULL),
                                         -> (11, 11, 11, '2017-04-18', 'Fatigue From Cancer (Cancer Fatigue)', NULL),
                                         -> (12, 12, 12, '2017-04-19', 'Lambliasis (Giardia Lamblia)', NULL),
                                         -> (13, 13, 13, '2017-04-20', 'Lambliosis (Giardia Lamblia)', NULL),
                                         -> (14, 14, 14, '2017-04-22', 'Landau-Kleffner Syndrome', NULL),
                                         -> (15, 15, 15, '2017-04-22', 'Lap Band Surgery (Gastric Banding)', NULL),
                                         -> (16, 16, 16, '2017-04-24', 'Laparoscopic Liver Biopsy (Liver Biopsy)', NULL),
                                         -> (17, 17, 17, '2017-04-24', 'Omega-3 Fatty Acids', NULL),
                                         -> (18, 18, 18, '2017-04-25', 'Onchocerciasis', NULL),
                                         -> (19, 19, 19, '2017-04-27', 'Onychocryptosis (Ingrown Toenail)', NULL),
                                         -> (20, 20, 20, '2017-04-28', 'Scarlatina', NULL),
                                         -> (21, 21, 21, '2017-04-28', 'Scars', NULL),
                                         -> (22, 22, 22, '2017-04-30', 'Schatzki Ring', NULL),
                                         -> (23, 23, 23, '2017-05-01', 'Scheuermann''s Kyphosis (Kyphosis)', NULL),
                                         -> (24, 24, 24, '2017-05-01', 'Schistosoma guineensis (Schistosomiasis)', NULL),
                                         -> (25, 25, 25, '2017-05-02', 'Schistosoma haematobium (Schistosomiasis)', NULL),
                                         -> (26, 26, 26, '2017-05-04', 'Schistosoma japonicum (Schistosomiasis)', NULL),
                                         -> (27, 27, 27, '2017-05-04', 'Tachycardia (Heart Rhythm Disorders)', NULL),
                                         -> (28, 28, 28, '2017-05-06', 'Tachycardia, Paroxysmal Atrial (Paroxysmal Supraventricular Tachycardia (PSVT))', NULL),
                                         -> (29, 29, 29, '2017-05-07', 'Tachycardia, Paroxysmal Supraventricular (Paroxysmal Supraventricular Tachycardia (PSVT))', NULL),
                                         -> (30, 30, 30, '2017-05-07', 'Tailbone Pain (Coccydynia)', NULL),
                                         -> (31, 31, 1, '2017-05-09', 'Tailor''s Bunion (Bunions)', NULL),
                                         -> (32, 32, 2, '2017-05-10', 'Takayasu Arteritis (Takayasu Disease)', NULL),
                                         -> (33, 33, 3, '2017-05-10', 'Takayasu Disease', NULL),
                                         -> (34, 34, 4, '2017-05-11', 'Taking Dental Medications', NULL),
                                         -> (35, 35, 5, '2017-05-13', 'Tarry Stools (Stool Color Changes)', NULL),
                                         -> (36, 36, 6, '2017-05-14', 'Abdominal Aortic Aneurysm', NULL),
                                         -> (37, 37, 7, '2017-05-14', 'Abdominal Cramps (Heat Cramps)', NULL),
                                         -> (38, 38, 8, '2017-05-15', 'Abdominal Hernia (Hernia Overview)', NULL),
                                         -> (39, 39, 9, '2017-05-16', 'Bacterial Vaginosis (Causes, Symptoms, Treatment)', NULL),
                                         -> (40, 40, 10, '2017-05-18', 'Bad Breath', NULL),
                                         -> (41, 41, 11, '2017-05-18', 'Bad Cholesterol Test (Cholesterol Test)', NULL),
                                         -> (42, 42, 12, '2017-05-20', 'Baker Cyst', NULL),
                                         -> (43, 43, 13, '2017-05-21', 'Farting (Intestinal Gas (Belching, Bloating, Flatulence))', NULL),
                                         -> (44, 44, 14, '2017-05-22', 'Fast Heart Beat (Palpitations Overview)', NULL),
                                         -> (45, 45, 15, '2017-05-23', 'Fatigue', NULL),
                                         -> (46, 46, 16, '2017-05-23', 'Fatigue From Cancer (Cancer Fatigue)', NULL),
                                         -> (47, 47, 17, '2017-05-25', 'Lambliasis (Giardia Lamblia)', NULL),
                                         -> (48, 48, 18, '2017-05-25', 'Lambliosis (Giardia Lamblia)', NULL),
                                         -> (49, 49, 19, '2017-05-27', 'Landau-Kleffner Syndrome', NULL),
                                         -> (50, 50, 20, '2017-05-28', 'Lap Band Surgery (Gastric Banding)', NULL),
                                         -> (51, 51, 21, '2017-05-29', 'Laparoscopic Liver Biopsy (Liver Biopsy)', NULL),
                                         -> (52, 52, 22, '2017-05-29', 'Omega-3 Fatty Acids', NULL),
                                         -> (53, 53, 23, '2017-05-31', 'Onchocerciasis', NULL),
                                         -> (54, 54, 24, '2017-05-31', 'Onychocryptosis (Ingrown Toenail)', NULL),
                                         -> (55, 55, 25, '2017-06-01', 'Scarlatina', NULL),
                                         -> (56, 56, 26, '2017-06-02', 'Scars', NULL),
                                         -> (57, 57, 27, '2017-06-04', 'Schatzki Ring', NULL),
                                         -> (58, 58, 28, '2017-06-05', 'Scheuermann''s Kyphosis (Kyphosis)', NULL);
Query OK, 58 rows affected (0.0104 sec)

Records: 58  Duplicates: 0  Warnings: 0
 MySQL  localhost:3306 ssl  hospital  SQL > select * from registro_pacientes;
+----------------------+-------------+----------------------+--------------------------+----------------+-------------------------------------------------------------------------------------------+-------+
| registro_paciente_id | paciente_id | cuentas_pacientes_id | registro_por_empleado_id | fecha_admision | condicion_medica                                                                          | otros |
+----------------------+-------------+----------------------+--------------------------+----------------+-------------------------------------------------------------------------------------------+-------+
|                    1 |           1 |                    1 |                        1 | 2017-04-08     | Abdominal Aortic Aneurysm                                                                 | NULL  |
|                    2 |           2 |                    2 |                        2 | 2017-04-09     | Abdominal Cramps (Heat Cramps)                                                            | NULL  |
|                    3 |           3 |                    3 |                        3 | 2017-04-10     | Abdominal Hernia (Hernia Overview)                                                        | NULL  |
|                    4 |           4 |                    4 |                        4 | 2017-04-12     | Bacterial Vaginosis (Causes, Symptoms, Treatment)                                         | NULL  |
|                    5 |           5 |                    5 |                        5 | 2017-04-12     | Bad Breath                                                                                | NULL  |
|                    6 |           6 |                    6 |                        6 | 2017-04-14     | Bad Cholesterol Test (Cholesterol Test)                                                   | NULL  |
|                    7 |           7 |                    7 |                        7 | 2017-04-15     | Baker Cyst                                                                                | NULL  |
|                    8 |           8 |                    8 |                        8 | 2017-04-15     | Farting (Intestinal Gas (Belching, Bloating, Flatulence))                                 | NULL  |
|                    9 |           9 |                    9 |                        9 | 2017-04-16     | Fast Heart Beat (Palpitations Overview)                                                   | NULL  |
|                   10 |          10 |                   10 |                       10 | 2017-04-17     | Fatigue                                                                                   | NULL  |
|                   11 |          11 |                   11 |                       11 | 2017-04-18     | Fatigue From Cancer (Cancer Fatigue)                                                      | NULL  |
|                   12 |          12 |                   12 |                       12 | 2017-04-19     | Lambliasis (Giardia Lamblia)                                                              | NULL  |
|                   13 |          13 |                   13 |                       13 | 2017-04-20     | Lambliosis (Giardia Lamblia)                                                              | NULL  |
|                   14 |          14 |                   14 |                       14 | 2017-04-22     | Landau-Kleffner Syndrome                                                                  | NULL  |
|                   15 |          15 |                   15 |                       15 | 2017-04-22     | Lap Band Surgery (Gastric Banding)                                                        | NULL  |
|                   16 |          16 |                   16 |                       16 | 2017-04-24     | Laparoscopic Liver Biopsy (Liver Biopsy)                                                  | NULL  |
|                   17 |          17 |                   17 |                       17 | 2017-04-24     | Omega-3 Fatty Acids                                                                       | NULL  |
|                   18 |          18 |                   18 |                       18 | 2017-04-25     | Onchocerciasis                                                                            | NULL  |
|                   19 |          19 |                   19 |                       19 | 2017-04-27     | Onychocryptosis (Ingrown Toenail)                                                         | NULL  |
|                   20 |          20 |                   20 |                       20 | 2017-04-28     | Scarlatina                                                                                | NULL  |
|                   21 |          21 |                   21 |                       21 | 2017-04-28     | Scars                                                                                     | NULL  |
|                   22 |          22 |                   22 |                       22 | 2017-04-30     | Schatzki Ring                                                                             | NULL  |
|                   23 |          23 |                   23 |                       23 | 2017-05-01     | Scheuermann's Kyphosis (Kyphosis)                                                         | NULL  |
|                   24 |          24 |                   24 |                       24 | 2017-05-01     | Schistosoma guineensis (Schistosomiasis)                                                  | NULL  |
|                   25 |          25 |                   25 |                       25 | 2017-05-02     | Schistosoma haematobium (Schistosomiasis)                                                 | NULL  |
|                   26 |          26 |                   26 |                       26 | 2017-05-04     | Schistosoma japonicum (Schistosomiasis)                                                   | NULL  |
|                   27 |          27 |                   27 |                       27 | 2017-05-04     | Tachycardia (Heart Rhythm Disorders)                                                      | NULL  |
|                   28 |          28 |                   28 |                       28 | 2017-05-06     | Tachycardia, Paroxysmal Atrial (Paroxysmal Supraventricular Tachycardia (PSVT))           | NULL  |
|                   29 |          29 |                   29 |                       29 | 2017-05-07     | Tachycardia, Paroxysmal Supraventricular (Paroxysmal Supraventricular Tachycardia (PSVT)) | NULL  |
|                   30 |          30 |                   30 |                       30 | 2017-05-07     | Tailbone Pain (Coccydynia)                                                                | NULL  |
|                   31 |          31 |                   31 |                        1 | 2017-05-09     | Tailor's Bunion (Bunions)                                                                 | NULL  |
|                   32 |          32 |                   32 |                        2 | 2017-05-10     | Takayasu Arteritis (Takayasu Disease)                                                     | NULL  |
|                   33 |          33 |                   33 |                        3 | 2017-05-10     | Takayasu Disease                                                                          | NULL  |
|                   34 |          34 |                   34 |                        4 | 2017-05-11     | Taking Dental Medications                                                                 | NULL  |
|                   35 |          35 |                   35 |                        5 | 2017-05-13     | Tarry Stools (Stool Color Changes)                                                        | NULL  |
|                   36 |          36 |                   36 |                        6 | 2017-05-14     | Abdominal Aortic Aneurysm                                                                 | NULL  |
|                   37 |          37 |                   37 |                        7 | 2017-05-14     | Abdominal Cramps (Heat Cramps)                                                            | NULL  |
|                   38 |          38 |                   38 |                        8 | 2017-05-15     | Abdominal Hernia (Hernia Overview)                                                        | NULL  |
|                   39 |          39 |                   39 |                        9 | 2017-05-16     | Bacterial Vaginosis (Causes, Symptoms, Treatment)                                         | NULL  |
|                   40 |          40 |                   40 |                       10 | 2017-05-18     | Bad Breath                                                                                | NULL  |
|                   41 |          41 |                   41 |                       11 | 2017-05-18     | Bad Cholesterol Test (Cholesterol Test)                                                   | NULL  |
|                   42 |          42 |                   42 |                       12 | 2017-05-20     | Baker Cyst                                                                                | NULL  |
|                   43 |          43 |                   43 |                       13 | 2017-05-21     | Farting (Intestinal Gas (Belching, Bloating, Flatulence))                                 | NULL  |
|                   44 |          44 |                   44 |                       14 | 2017-05-22     | Fast Heart Beat (Palpitations Overview)                                                   | NULL  |
|                   45 |          45 |                   45 |                       15 | 2017-05-23     | Fatigue                                                                                   | NULL  |
|                   46 |          46 |                   46 |                       16 | 2017-05-23     | Fatigue From Cancer (Cancer Fatigue)                                                      | NULL  |
|                   47 |          47 |                   47 |                       17 | 2017-05-25     | Lambliasis (Giardia Lamblia)                                                              | NULL  |
|                   48 |          48 |                   48 |                       18 | 2017-05-25     | Lambliosis (Giardia Lamblia)                                                              | NULL  |
|                   49 |          49 |                   49 |                       19 | 2017-05-27     | Landau-Kleffner Syndrome                                                                  | NULL  |
|                   50 |          50 |                   50 |                       20 | 2017-05-28     | Lap Band Surgery (Gastric Banding)                                                        | NULL  |
|                   51 |          51 |                   51 |                       21 | 2017-05-29     | Laparoscopic Liver Biopsy (Liver Biopsy)                                                  | NULL  |
|                   52 |          52 |                   52 |                       22 | 2017-05-29     | Omega-3 Fatty Acids                                                                       | NULL  |
|                   53 |          53 |                   53 |                       23 | 2017-05-31     | Onchocerciasis                                                                            | NULL  |
|                   54 |          54 |                   54 |                       24 | 2017-05-31     | Onychocryptosis (Ingrown Toenail)                                                         | NULL  |
|                   55 |          55 |                   55 |                       25 | 2017-06-01     | Scarlatina                                                                                | NULL  |
|                   56 |          56 |                   56 |                       26 | 2017-06-02     | Scars                                                                                     | NULL  |
|                   57 |          57 |                   57 |                       27 | 2017-06-04     | Schatzki Ring                                                                             | NULL  |
|                   58 |          58 |                   58 |                       28 | 2017-06-05     | Scheuermann's Kyphosis (Kyphosis)                                                         | NULL  |
+----------------------+-------------+----------------------+--------------------------+----------------+-------------------------------------------------------------------------------------------+-------+
58 rows in set (0.0009 sec)

TERCERA PARTE

 MySQL  localhost:3306 ssl  hospital  SQL > select a.nombre, a.apellido_pat as apellido_paterno, c.calle, c.codigo_postal, c.ciudad, c.pais from pacientes a join direcciones_pacientes b on a.paciente_id = b.paciente_id join direcciones c on b.direccion_id = c.direccion_id where c.pais = 'México';
+-----------+------------------+-------------------------------+---------------+-------------+--------+
| nombre    | apellido_paterno | calle                         | codigo_postal | ciudad      | pais   |
+-----------+------------------+-------------------------------+---------------+-------------+--------+
| Bezalel   | Simmel           | Avda. de la Constitución 2222 | 71760         | México D.F. | Mexico |
| Berhard   | McFarlin         | Calle Dr. Jorge Cash 321      | 19460         | México D.F. | Mexico |
| Parto     | Bamford          | Mataderos 2312                | 37179         | México D.F. | Mexico |
| Eberhardt | Terkki           | Sierras de Granada 9993       | 45792         | México D.F. | Mexico |
+-----------+------------------+-------------------------------+---------------+-------------+--------+
4 rows in set (0.0035 sec)
 MySQL  localhost:3306 ssl  hospital  SQL > select a.nombre, a.apellido_pat as apellido_paterno, c.calle, c.codigo_postal, c.ciudad, c.pais from empleados a join direcciones_empleados b on a.empleado_id = b.empleado_id join direcciones c on b.direccion_id = c.direccion_id where c.pais = 'Brazil';
ERROR: 1054 (42S22): Unknown column 'a.empleado_id' in 'on clause'
 MySQL  localhost:3306 ssl  hospital  SQL > select a.nombre, a.apellido_pat as apellido_paterno, c.calle, c.codigo_postal, c.ciudad, c.pais from empleados a join direcciones_empleados b on a.empleados_id = b.empleado_id join direcciones c on b.direccion_id = c.direccion_id where c.pais = 'Brazil';
ERROR: 1054 (42S22): Unknown column 'b.empleado_id' in 'on clause'
 MySQL  localhost:3306 ssl  hospital  SQL > select a.nombre, a.apellido_pat as apellido_paterno, c.calle, c.codigo_postal, c.ciudad, c.pais from empleados a join direcciones_empleados b on a.empleados_id = b.empleado_id join direcciones c on b.direccion_id = c.direccion_id where c.pais = 'Brazil';
ERROR: 1054 (42S22): Unknown column 'b.empleado_id' in 'on clause'
 MySQL  localhost:3306 ssl  hospital  SQL > select a.nombre, a.apellido_pat as apellido_paterno, c.calle, c.codigo_postal, c.ciudad, c.pais from empleados a join direcciones_empleados b on a.empleados_id = b.empleados_id join direcciones c on b.direccion_id = c.direccion_id where c.pais = 'Brazil';
+----------+------------------+---------------------------+---------------+----------------+--------+
| nombre   | apellido_paterno | calle                     | codigo_postal | ciudad         | pais   |
+----------+------------------+---------------------------+---------------+----------------+--------+
| Anoosh   | Peyn             | Alameda dos Canários, 891 | 36965         | São Paulo      | Brazil |
| Claudi   | Stavenow         | Av. Copacabana, 267       | 34941         | Rio de Janeiro | Brazil |
| Zhongwei | Rosen            | Av. Ins de Castro, 414    | 14942         | São Paulo      | Brazil |
| Tse      | Herber           | Rua da Panificadora, 12   | 37964         | Rio de Janeiro | Brazil |
+----------+------------------+---------------------------+---------------+----------------+--------+
4 rows in set (0.0012 sec)
 MySQL  localhost:3306 ssl  hospital  SQL > select * pacientes;
ERROR: 1064 (42000): You have an error in your SQL syntax; check the manual that corresponds to your MySQL server version for the right syntax to use near 'pacientes' at line 1
 MySQL  localhost:3306 ssl  hospital  SQL > select * from pacientes;
+-------------+------------+--------------+--------------+------------------+------+--------+----------------------+-----------+---------------+------------------+----------------+-------+
| paciente_id | nombre     | apellido_pat | apellido_mat | fecha_nacimiento | peso | altura | numero_seguro_social | genero    | telefono_casa | telefono_trabajo | telefono_movil | otros |
+-------------+------------+--------------+--------------+------------------+------+--------+----------------------+-----------+---------------+------------------+----------------+-------+
|           1 | Georgi     | Facello      | Facello      | 1960-02-20       |   93 |   1.99 | 10001                | masculino | NULL          | NULL             | NULL           | NULL  |
|           2 | Bezalel    | Simmel       | Simmel       | 1952-07-08       |   88 |   1.69 | 10002                | femenino  | NULL          | NULL             | NULL           | NULL  |
|           3 | Parto      | Bamford      | Bamford      | 1953-09-29       |   62 |   1.88 | 10003                | masculino | NULL          | NULL             | NULL           | NULL  |
|           4 | Chirstian  | Koblick      | Koblick      | 1958-09-05       |   93 |   1.84 | 10004                | masculino | NULL          | NULL             | NULL           | NULL  |
|           5 | Kyoichi    | Maliniak     | Maliniak     | 1958-10-31       |   86 |   1.89 | 10005                | masculino | NULL          | NULL             | NULL           | NULL  |
|           6 | Anneke     | Preusig      | Preusig      | 1953-04-03       |   86 |   1.54 | 10006                | femenino  | NULL          | NULL             | NULL           | NULL  |
|           7 | Tzvetan    | Zielinski    | Zielinski    | 1962-07-10       |   56 |   1.77 | 10007                | femenino  | NULL          | NULL             | NULL           | NULL  |
|           8 | Saniya     | Kalloufi     | Kalloufi     | 1963-11-26       |   78 |   1.82 | 10008                | masculino | NULL          | NULL             | NULL           | NULL  |
|           9 | Sumant     | Peac         | Peac         | 1956-12-13       |   85 |   1.64 | 10009                | femenino  | NULL          | NULL             | NULL           | NULL  |
|          10 | Duangkaew  | Piveteau     | Piveteau     | 1958-07-14       |   92 |   1.71 | 10010                | femenino  | NULL          | NULL             | NULL           | NULL  |
|          11 | Mary       | Sluis        | Sluis        | 1959-01-27       |   96 |   1.96 | 10011                | femenino  | NULL          | NULL             | NULL           | NULL  |
|          12 | Patricio   | Bridgland    | Bridgland    | 1960-08-09       |   63 |    1.9 | 10012                | masculino | NULL          | NULL             | NULL           | NULL  |
|          13 | Eberhardt  | Terkki       | Terkki       | 1956-11-14       |   81 |   1.64 | 10013                | masculino | NULL          | NULL             | NULL           | NULL  |
|          14 | Berni      | Genin        | Genin        | 1962-12-29       |   67 |   1.74 | 10014                | masculino | NULL          | NULL             | NULL           | NULL  |
|          15 | Guoxiang   | Nooteboom    | Nooteboom    | 1953-02-08       |   60 |   1.55 | 10015                | masculino | NULL          | NULL             | NULL           | NULL  |
|          16 | Kazuhito   | Cappelletti  | Cappelletti  | 1959-08-10       |   97 |   1.71 | 10016                | masculino | NULL          | NULL             | NULL           | NULL  |
|          17 | Cristinel  | Bouloucos    | Bouloucos    | 1963-07-22       |   66 |   1.91 | 10017                | femenino  | NULL          | NULL             | NULL           | NULL  |
|          18 | Kazuhide   | Peha         | Peha         | 1960-07-20       |   88 |   1.51 | 10018                | femenino  | NULL          | NULL             | NULL           | NULL  |
|          19 | Lillian    | Haddadi      | Haddadi      | 1959-10-01       |   85 |   1.61 | 10019                | masculino | NULL          | NULL             | NULL           | NULL  |
|          20 | Mayuko     | Warwick      | Warwick      | 1959-09-13       |   96 |   1.78 | 10020                | masculino | NULL          | NULL             | NULL           | NULL  |
|          21 | Ramzi      | Erde         | Erde         | 1959-08-27       |   91 |   1.61 | 10021                | masculino | NULL          | NULL             | NULL           | NULL  |
|          22 | Shahaf     | Famili       | Famili       | 1956-02-26       |   70 |   1.81 | 10022                | masculino | NULL          | NULL             | NULL           | NULL  |
|          23 | Bojan      | Montemayor   | Montemayor   | 1960-09-19       |   86 |    1.8 | 10023                | femenino  | NULL          | NULL             | NULL           | NULL  |
|          24 | Suzette    | Pettey       | Pettey       | 1961-09-21       |   79 |   1.74 | 10024                | femenino  | NULL          | NULL             | NULL           | NULL  |
|          25 | Prasadram  | Heyers       | Heyers       | 1957-08-14       |   91 |   1.95 | 10025                | masculino | NULL          | NULL             | NULL           | NULL  |
|          26 | Yongqiao   | Berztiss     | Berztiss     | 1960-07-23       |   75 |   1.91 | 10026                | masculino | NULL          | NULL             | NULL           | NULL  |
|          27 | Divier     | Reistad      | Reistad      | 1952-06-29       |   57 |    1.6 | 10027                | femenino  | NULL          | NULL             | NULL           | NULL  |
|          28 | Domenick   | Tempesti     | Tempesti     | 1963-07-11       |   62 |   1.72 | 10028                | masculino | NULL          | NULL             | NULL           | NULL  |
|          29 | Otmar      | Herbst       | Herbst       | 1961-04-24       |   77 |    1.6 | 10029                | masculino | NULL          | NULL             | NULL           | NULL  |
|          30 | Elvis      | Demeyer      | Demeyer      | 1958-05-21       |   93 |   1.64 | 10030                | masculino | NULL          | NULL             | NULL           | NULL  |
|          31 | Karsten    | Joslin       | Joslin       | 1953-07-28       |   95 |   1.52 | 10031                | masculino | NULL          | NULL             | NULL           | NULL  |
|          32 | Jeong      | Reistad      | Reistad      | 1961-02-26       |   84 |    1.6 | 10032                | femenino  | NULL          | NULL             | NULL           | NULL  |
|          33 | Arif       | Merlo        | Merlo        | 1954-09-13       |   92 |   1.77 | 10033                | masculino | NULL          | NULL             | NULL           | NULL  |
|          34 | Bader      | Swan         | Swan         | 1957-04-04       |   69 |   1.56 | 10034                | masculino | NULL          | NULL             | NULL           | NULL  |
|          35 | Alain      | Chappelet    | Chappelet    | 1956-06-06       |   57 |   1.55 | 10035                | masculino | NULL          | NULL             | NULL           | NULL  |
|          36 | Adamantios | Portugali    | Portugali    | 1961-09-01       |   62 |   1.99 | 10036                | masculino | NULL          | NULL             | NULL           | NULL  |
|          37 | Pradeep    | Makrucki     | Makrucki     | 1954-05-30       |   60 |   1.75 | 10037                | masculino | NULL          | NULL             | NULL           | NULL  |
|          38 | Huan       | Lortz        | Lortz        | 1954-10-01       |   97 |   1.88 | 10038                | masculino | NULL          | NULL             | NULL           | NULL  |
|          39 | Alejandro  | Brender      | Brender      | 1959-10-01       |   92 |   1.78 | 10039                | masculino | NULL          | NULL             | NULL           | NULL  |
|          40 | Weiyi      | Meriste      | Meriste      | 1959-09-13       |   97 |   1.84 | 10040                | femenino  | NULL          | NULL             | NULL           | NULL  |
|          41 | Uri        | Lenart       | Lenart       | 1959-08-27       |   80 |    1.9 | 10041                | femenino  | NULL          | NULL             | NULL           | NULL  |
|          42 | Magy       | Stamatiou    | Stamatiou    | 1956-02-26       |   69 |   1.91 | 10042                | femenino  | NULL          | NULL             | NULL           | NULL  |
|          43 | Yishay     | Tzvieli      | Tzvieli      | 1960-09-19       |   65 |   1.95 | 10043                | masculino | NULL          | NULL             | NULL           | NULL  |
|          44 | Mingsen    | Casley       | Casley       | 1961-09-21       |   90 |    1.8 | 10044                | femenino  | NULL          | NULL             | NULL           | NULL  |
|          45 | Moss       | Shanbhogue   | Shanbhogue   | 1957-08-14       |   90 |   1.97 | 10045                | masculino | NULL          | NULL             | NULL           | NULL  |
|          46 | Lucien     | Rosenbaum    | Rosenbaum    | 1960-07-23       |   85 |   1.53 | 10046                | masculino | NULL          | NULL             | NULL           | NULL  |
|          47 | Zvonko     | Nyanchama    | Nyanchama    | 1952-06-29       |   78 |   1.65 | 10047                | masculino | NULL          | NULL             | NULL           | NULL  |
|          48 | Florian    | Syrotiuk     | Syrotiuk     | 1963-07-11       |   76 |   1.58 | 10048                | masculino | NULL          | NULL             | NULL           | NULL  |
|          49 | Basil      | Tramer       | Tramer       | 1961-04-24       |   99 |   1.55 | 10049                | femenino  | NULL          | NULL             | NULL           | NULL  |
|          50 | Yinghua    | Dredge       | Dredge       | 1958-05-21       |   78 |   1.54 | 10050                | masculino | NULL          | NULL             | NULL           | NULL  |
|          51 | Hidefumi   | Caine        | Caine        | 1953-07-28       |   54 |   1.84 | 10051                | masculino | NULL          | NULL             | NULL           | NULL  |
|          52 | Heping     | Nitsch       | Nitsch       | 1961-02-26       |   85 |   1.59 | 10052                | masculino | NULL          | NULL             | NULL           | NULL  |
|          53 | Sanjiv     | Zschoche     | Zschoche     | 1954-09-13       |   52 |   1.53 | 10053                | femenino  | NULL          | NULL             | NULL           | NULL  |
|          54 | Mayumi     | Schueller    | Schueller    | 1957-04-04       |   75 |   1.72 | 10054                | masculino | NULL          | NULL             | NULL           | NULL  |
|          55 | Georgy     | Dredge       | Dredge       | 1956-06-06       |   97 |   1.61 | 10055                | masculino | NULL          | NULL             | NULL           | NULL  |
|          56 | Brendon    | Bernini      | Bernini      | 1961-09-01       |   91 |   1.63 | 10056                | femenino  | NULL          | NULL             | NULL           | NULL  |
|          57 | Ebbe       | Callaway     | Callaway     | 1954-05-30       |   91 |   1.96 | 10057                | femenino  | NULL          | NULL             | NULL           | NULL  |
|          58 | Berhard    | McFarlin     | McFarlin     | 1954-10-01       |   99 |   1.96 | 10058                | masculino | NULL          | NULL             | NULL           | NULL  |
+-------------+------------+--------------+--------------+------------------+------+--------+----------------------+-----------+---------------+------------------+----------------+-------+
58 rows in set (0.0006 sec)
 MySQL  localhost:3306 ssl  hospital  SQL > select * from cuartos;
+-----------+-------------+---------------+----------------+-------------+
| cuarto_id | paciente_id | numero_cuarto | inicio_estadia | fin_estadia |
+-----------+-------------+---------------+----------------+-------------+
|         1 |           1 |           121 | 2017-04-10     | 2017-04-17  |
|         2 |           2 |           190 | 2017-04-11     | 2017-04-13  |
|         3 |           3 |           108 | 2017-04-12     | 2017-04-17  |
|         4 |           4 |           179 | 2017-04-13     | 2017-04-18  |
|         5 |           5 |           158 | 2017-04-14     | 2017-04-17  |
|         6 |           6 |           183 | 2017-04-15     | 2017-04-16  |
|         7 |           7 |           142 | 2017-04-16     | 2017-04-23  |
|         8 |           8 |           108 | 2017-04-17     | 2017-04-24  |
|         9 |           9 |           100 | 2017-04-18     | 2017-04-23  |
|        10 |          10 |           109 | 2017-04-19     | 2017-04-24  |
|        11 |          11 |           116 | 2017-04-20     | 2017-04-23  |
|        12 |          12 |           182 | 2017-04-21     | 2017-04-24  |
|        13 |          13 |           180 | 2017-04-22     | 2017-04-28  |
|        14 |          14 |           188 | 2017-04-23     | 2017-04-25  |
|        15 |          15 |           173 | 2017-04-24     | 2017-05-01  |
|        16 |          16 |           176 | 2017-04-25     | 2017-04-30  |
|        17 |          17 |           122 | 2017-04-26     | 2017-04-27  |
|        18 |          18 |           155 | 2017-04-27     | 2017-05-07  |
|        19 |          19 |           181 | 2017-04-28     | 2017-04-30  |
|        20 |          20 |           178 | 2017-04-29     | 2017-05-05  |
|        21 |          21 |           139 | 2017-04-30     | 2017-05-07  |
|        22 |          22 |           119 | 2017-05-01     | 2017-05-10  |
|        23 |          23 |           193 | 2017-05-02     | 2017-05-09  |
|        24 |          24 |           153 | 2017-05-03     | 2017-05-04  |
|        25 |          25 |           168 | 2017-05-04     | 2017-05-14  |
|        26 |          26 |           115 | 2017-05-05     | 2017-05-12  |
|        27 |          27 |           140 | 2017-05-06     | 2017-05-09  |
|        28 |          28 |           170 | 2017-05-07     | 2017-05-14  |
|        29 |          29 |           153 | 2017-05-08     | 2017-05-10  |
|        30 |          30 |           177 | 2017-05-09     | 2017-05-14  |
|        31 |          31 |           101 | 2017-05-10     | 2017-05-17  |
|        32 |          32 |           118 | 2017-05-11     | 2017-05-21  |
|        33 |          33 |           120 | 2017-05-12     | 2017-05-19  |
|        34 |          34 |           156 | 2017-05-13     | 2017-05-19  |
|        35 |          35 |           174 | 2017-05-14     | 2017-05-15  |
|        36 |          36 |           156 | 2017-05-15     | 2017-05-19  |
|        37 |          37 |           397 | 2017-05-16     | 2017-05-26  |
|        38 |          38 |           314 | 2017-05-17     | 2017-05-18  |
|        39 |          39 |           385 | 2017-05-18     | 2017-05-24  |
|        40 |          40 |           356 | 2017-05-19     | 2017-05-26  |
|        41 |          41 |           317 | 2017-05-20     | 2017-05-28  |
|        42 |          42 |           305 | 2017-05-21     | 2017-05-29  |
|        43 |          43 |           363 | 2017-05-22     | 2017-05-26  |
|        44 |          44 |           346 | 2017-05-23     | 2017-06-02  |
|        45 |          45 |           396 | 2017-05-24     | 2017-05-31  |
|        46 |          46 |           376 | 2017-05-25     | 2017-06-03  |
|        47 |          47 |           353 | 2017-05-26     | 2017-05-27  |
|        48 |          48 |           342 | 2017-05-27     | 2017-06-06  |
|        49 |          49 |           382 | 2017-05-28     | 2017-05-29  |
|        50 |          50 |           346 | 2017-05-29     | 2017-05-30  |
|        51 |          51 |           349 | 2017-05-30     | 2017-06-02  |
|        52 |          52 |           381 | 2017-05-31     | 2017-06-08  |
|        53 |          53 |           383 | 2017-06-01     | 2017-06-11  |
|        54 |          54 |           339 | 2017-06-02     | 2017-06-07  |
|        55 |          55 |           326 | 2017-06-03     | 2017-06-09  |
|        56 |          56 |           391 | 2017-06-04     | 2017-06-12  |
|        57 |          57 |           377 | 2017-06-05     | 2017-06-13  |
|        58 |          58 |           323 | 2017-06-06     | 2017-06-13  |
+-----------+-------------+---------------+----------------+-------------+
58 rows in set (0.0008 sec)
 MySQL  localhost:3306 ssl  hospital  SQL > select a.nombre, a.apellido_pat as apellido_paterno, b.numero_cuarto as cuarto                        select a.nombre, a.apellido_pat as apellido_paterno, b.numero_cuarto as cuarto
                                         -> from pacientes a
                                         -> join cuartos b
                                         -> on a.paciente_id on b.paciente_id
                                         -> where b.numero_cuarto between 100 and 199;
ERROR: 1064 (42000): You have an error in your SQL syntax; check the manual that corresponds to your MySQL server version for the right syntax to use near 'on b.paciente_id
where b.numero_cuarto between 100 and 199' at line 4
 MySQL  localhost:3306 ssl  hospital  SQL > select a.nombre, a.apellido_pat as apellido_paterno, b.numero_cuarto as cuarto from pacientes a join cuartos b on a.paciente_id = b.paciente_id where b.numero_cuarto between 100 and 199;
+------------+------------------+--------+
| nombre     | apellido_paterno | cuarto |
+------------+------------------+--------+
| Georgi     | Facello          |    121 |
| Bezalel    | Simmel           |    190 |
| Parto      | Bamford          |    108 |
| Chirstian  | Koblick          |    179 |
| Kyoichi    | Maliniak         |    158 |
| Anneke     | Preusig          |    183 |
| Tzvetan    | Zielinski        |    142 |
| Saniya     | Kalloufi         |    108 |
| Sumant     | Peac             |    100 |
| Duangkaew  | Piveteau         |    109 |
| Mary       | Sluis            |    116 |
| Patricio   | Bridgland        |    182 |
| Eberhardt  | Terkki           |    180 |
| Berni      | Genin            |    188 |
| Guoxiang   | Nooteboom        |    173 |
| Kazuhito   | Cappelletti      |    176 |
| Cristinel  | Bouloucos        |    122 |
| Kazuhide   | Peha             |    155 |
| Lillian    | Haddadi          |    181 |
| Mayuko     | Warwick          |    178 |
| Ramzi      | Erde             |    139 |
| Shahaf     | Famili           |    119 |
| Bojan      | Montemayor       |    193 |
| Suzette    | Pettey           |    153 |
| Prasadram  | Heyers           |    168 |
| Yongqiao   | Berztiss         |    115 |
| Divier     | Reistad          |    140 |
| Domenick   | Tempesti         |    170 |
| Otmar      | Herbst           |    153 |
| Elvis      | Demeyer          |    177 |
| Karsten    | Joslin           |    101 |
| Jeong      | Reistad          |    118 |
| Arif       | Merlo            |    120 |
| Bader      | Swan             |    156 |
| Alain      | Chappelet        |    174 |
| Adamantios | Portugali        |    156 |
+------------+------------------+--------+
36 rows in set (0.0011 sec)
 MySQL  localhost:3306 ssl  hospital  SQL > select * from registro_pacietes;
ERROR: 1146 (42S02): Table 'hospital.registro_pacietes' doesn't exist
 MySQL  localhost:3306 ssl  hospital  SQL > select * from registro_pacientes;
+----------------------+-------------+----------------------+--------------------------+----------------+-------------------------------------------------------------------------------------------+-------+
| registro_paciente_id | paciente_id | cuentas_pacientes_id | registro_por_empleado_id | fecha_admision | condicion_medica                                                                          | otros |
+----------------------+-------------+----------------------+--------------------------+----------------+-------------------------------------------------------------------------------------------+-------+
|                    1 |           1 |                    1 |                        1 | 2017-04-08     | Abdominal Aortic Aneurysm                                                                 | NULL  |
|                    2 |           2 |                    2 |                        2 | 2017-04-09     | Abdominal Cramps (Heat Cramps)                                                            | NULL  |
|                    3 |           3 |                    3 |                        3 | 2017-04-10     | Abdominal Hernia (Hernia Overview)                                                        | NULL  |
|                    4 |           4 |                    4 |                        4 | 2017-04-12     | Bacterial Vaginosis (Causes, Symptoms, Treatment)                                         | NULL  |
|                    5 |           5 |                    5 |                        5 | 2017-04-12     | Bad Breath                                                                                | NULL  |
|                    6 |           6 |                    6 |                        6 | 2017-04-14     | Bad Cholesterol Test (Cholesterol Test)                                                   | NULL  |
|                    7 |           7 |                    7 |                        7 | 2017-04-15     | Baker Cyst                                                                                | NULL  |
|                    8 |           8 |                    8 |                        8 | 2017-04-15     | Farting (Intestinal Gas (Belching, Bloating, Flatulence))                                 | NULL  |
|                    9 |           9 |                    9 |                        9 | 2017-04-16     | Fast Heart Beat (Palpitations Overview)                                                   | NULL  |
|                   10 |          10 |                   10 |                       10 | 2017-04-17     | Fatigue                                                                                   | NULL  |
|                   11 |          11 |                   11 |                       11 | 2017-04-18     | Fatigue From Cancer (Cancer Fatigue)                                                      | NULL  |
|                   12 |          12 |                   12 |                       12 | 2017-04-19     | Lambliasis (Giardia Lamblia)                                                              | NULL  |
|                   13 |          13 |                   13 |                       13 | 2017-04-20     | Lambliosis (Giardia Lamblia)                                                              | NULL  |
|                   14 |          14 |                   14 |                       14 | 2017-04-22     | Landau-Kleffner Syndrome                                                                  | NULL  |
|                   15 |          15 |                   15 |                       15 | 2017-04-22     | Lap Band Surgery (Gastric Banding)                                                        | NULL  |
|                   16 |          16 |                   16 |                       16 | 2017-04-24     | Laparoscopic Liver Biopsy (Liver Biopsy)                                                  | NULL  |
|                   17 |          17 |                   17 |                       17 | 2017-04-24     | Omega-3 Fatty Acids                                                                       | NULL  |
|                   18 |          18 |                   18 |                       18 | 2017-04-25     | Onchocerciasis                                                                            | NULL  |
|                   19 |          19 |                   19 |                       19 | 2017-04-27     | Onychocryptosis (Ingrown Toenail)                                                         | NULL  |
|                   20 |          20 |                   20 |                       20 | 2017-04-28     | Scarlatina                                                                                | NULL  |
|                   21 |          21 |                   21 |                       21 | 2017-04-28     | Scars                                                                                     | NULL  |
|                   22 |          22 |                   22 |                       22 | 2017-04-30     | Schatzki Ring                                                                             | NULL  |
|                   23 |          23 |                   23 |                       23 | 2017-05-01     | Scheuermann's Kyphosis (Kyphosis)                                                         | NULL  |
|                   24 |          24 |                   24 |                       24 | 2017-05-01     | Schistosoma guineensis (Schistosomiasis)                                                  | NULL  |
|                   25 |          25 |                   25 |                       25 | 2017-05-02     | Schistosoma haematobium (Schistosomiasis)                                                 | NULL  |
|                   26 |          26 |                   26 |                       26 | 2017-05-04     | Schistosoma japonicum (Schistosomiasis)                                                   | NULL  |
|                   27 |          27 |                   27 |                       27 | 2017-05-04     | Tachycardia (Heart Rhythm Disorders)                                                      | NULL  |
|                   28 |          28 |                   28 |                       28 | 2017-05-06     | Tachycardia, Paroxysmal Atrial (Paroxysmal Supraventricular Tachycardia (PSVT))           | NULL  |
|                   29 |          29 |                   29 |                       29 | 2017-05-07     | Tachycardia, Paroxysmal Supraventricular (Paroxysmal Supraventricular Tachycardia (PSVT)) | NULL  |
|                   30 |          30 |                   30 |                       30 | 2017-05-07     | Tailbone Pain (Coccydynia)                                                                | NULL  |
|                   31 |          31 |                   31 |                        1 | 2017-05-09     | Tailor's Bunion (Bunions)                                                                 | NULL  |
|                   32 |          32 |                   32 |                        2 | 2017-05-10     | Takayasu Arteritis (Takayasu Disease)                                                     | NULL  |
|                   33 |          33 |                   33 |                        3 | 2017-05-10     | Takayasu Disease                                                                          | NULL  |
|                   34 |          34 |                   34 |                        4 | 2017-05-11     | Taking Dental Medications                                                                 | NULL  |
|                   35 |          35 |                   35 |                        5 | 2017-05-13     | Tarry Stools (Stool Color Changes)                                                        | NULL  |
|                   36 |          36 |                   36 |                        6 | 2017-05-14     | Abdominal Aortic Aneurysm                                                                 | NULL  |
|                   37 |          37 |                   37 |                        7 | 2017-05-14     | Abdominal Cramps (Heat Cramps)                                                            | NULL  |
|                   38 |          38 |                   38 |                        8 | 2017-05-15     | Abdominal Hernia (Hernia Overview)                                                        | NULL  |
|                   39 |          39 |                   39 |                        9 | 2017-05-16     | Bacterial Vaginosis (Causes, Symptoms, Treatment)                                         | NULL  |
|                   40 |          40 |                   40 |                       10 | 2017-05-18     | Bad Breath                                                                                | NULL  |
|                   41 |          41 |                   41 |                       11 | 2017-05-18     | Bad Cholesterol Test (Cholesterol Test)                                                   | NULL  |
|                   42 |          42 |                   42 |                       12 | 2017-05-20     | Baker Cyst                                                                                | NULL  |
|                   43 |          43 |                   43 |                       13 | 2017-05-21     | Farting (Intestinal Gas (Belching, Bloating, Flatulence))                                 | NULL  |
|                   44 |          44 |                   44 |                       14 | 2017-05-22     | Fast Heart Beat (Palpitations Overview)                                                   | NULL  |
|                   45 |          45 |                   45 |                       15 | 2017-05-23     | Fatigue                                                                                   | NULL  |
|                   46 |          46 |                   46 |                       16 | 2017-05-23     | Fatigue From Cancer (Cancer Fatigue)                                                      | NULL  |
|                   47 |          47 |                   47 |                       17 | 2017-05-25     | Lambliasis (Giardia Lamblia)                                                              | NULL  |
|                   48 |          48 |                   48 |                       18 | 2017-05-25     | Lambliosis (Giardia Lamblia)                                                              | NULL  |
|                   49 |          49 |                   49 |                       19 | 2017-05-27     | Landau-Kleffner Syndrome                                                                  | NULL  |
|                   50 |          50 |                   50 |                       20 | 2017-05-28     | Lap Band Surgery (Gastric Banding)                                                        | NULL  |
|                   51 |          51 |                   51 |                       21 | 2017-05-29     | Laparoscopic Liver Biopsy (Liver Biopsy)                                                  | NULL  |
|                   52 |          52 |                   52 |                       22 | 2017-05-29     | Omega-3 Fatty Acids                                                                       | NULL  |
|                   53 |          53 |                   53 |                       23 | 2017-05-31     | Onchocerciasis                                                                            | NULL  |
|                   54 |          54 |                   54 |                       24 | 2017-05-31     | Onychocryptosis (Ingrown Toenail)                                                         | NULL  |
|                   55 |          55 |                   55 |                       25 | 2017-06-01     | Scarlatina                                                                                | NULL  |
|                   56 |          56 |                   56 |                       26 | 2017-06-02     | Scars                                                                                     | NULL  |
|                   57 |          57 |                   57 |                       27 | 2017-06-04     | Schatzki Ring                                                                             | NULL  |
|                   58 |          58 |                   58 |                       28 | 2017-06-05     | Scheuermann's Kyphosis (Kyphosis)                                                         | NULL  |
+----------------------+-------------+----------------------+--------------------------+----------------+-------------------------------------------------------------------------------------------+-------+
58 rows in set (0.0009 sec)
 MySQL  localhost:3306 ssl  hospital  SQL > select
                                         -> a.nombre,
                                         -> a.apellido_pat as apellido_paterno,
                                         -> a.genero
                                         -> from pacientes a
                                         -> join registro_pacientes
                                         -> on a.paciente_id = b.paciente_id
                                         -> where b.condicion_medica like '%Fatigue%';
ERROR: 1054 (42S22): Unknown column 'b.condicion_medica' in 'where clause'
 MySQL  localhost:3306 ssl  hospital  SQL > select a.nombre, a.apellido_pat as apellido_paterno, a.genero from pacientes a join registro_pacientes on a.paciente_id = b.paciente_id where b.condicion_medica like '%Fatigue%';
ERROR: 1054 (42S22): Unknown column 'b.condicion_medica' in 'where clause'
 MySQL  localhost:3306 ssl  hospital  SQL > select a.nombre, a.apellido_pat as apellido_paterno, a.genero from pacientes a join registro_pacientes b on a.paciente_id = b.paciente_id where b.condicion_medica like '%Fatigue%';
+-----------+------------------+-----------+
| nombre    | apellido_paterno | genero    |
+-----------+------------------+-----------+
| Duangkaew | Piveteau         | femenino  |
| Mary      | Sluis            | femenino  |
| Moss      | Shanbhogue       | masculino |
| Lucien    | Rosenbaum        | masculino |
+-----------+------------------+-----------+
4 rows in set (0.0040 sec)
 MySQL  localhost:3306 ssl  hospital  SQL > select
                                         -> a.nombre as nombre_empleado,
                                         -> a.apellido_pat as apellido_paterno_empleado,
                                         -> b.nombre as nombre_paciente,
                                         -> b.apellido_pat as apellido_paterno_paciente,
                                         -> c.fecha_admision
                                         -> from empleados a
                                         -> left join registro_pacientes
                                         -> on ;
ERROR: 1064 (42000): You have an error in your SQL syntax; check the manual that corresponds to your MySQL server version for the right syntax to use near '' at line 9
 MySQL  localhost:3306 ssl  hospital  SQL > select a.nombre as nombre_empleado, a.apellido_pat as apellido_paterno_empleado, b.nombre as nombre_paciente, b.apellido_pat as apellido_paterno_paciente, c.fecha_admision from empleados a left join registro_pacientes c on a.empleados_id = c.registro_por_empleado_id left join pacientes b on c.paciente_id = b.paciente_id;
+-----------------+---------------------------+-----------------+---------------------------+----------------+
| nombre_empleado | apellido_paterno_empleado | nombre_paciente | apellido_paterno_paciente | fecha_admision |
+-----------------+---------------------------+-----------------+---------------------------+----------------+
| Alejandro       | McAlpine                  | Georgi          | Facello                   | 2017-04-08     |
| Alejandro       | McAlpine                  | Karsten         | Joslin                    | 2017-05-09     |
| Breannda        | Billingsley               | Bezalel         | Simmel                    | 2017-04-09     |
| Breannda        | Billingsley               | Jeong           | Reistad                   | 2017-05-10     |
| Tse             | Herber                    | Parto           | Bamford                   | 2017-04-10     |
| Tse             | Herber                    | Arif            | Merlo                     | 2017-05-10     |
| Anoosh          | Peyn                      | Chirstian       | Koblick                   | 2017-04-12     |
| Anoosh          | Peyn                      | Bader           | Swan                      | 2017-05-11     |
| Gino            | Leonhardt                 | Kyoichi         | Maliniak                  | 2017-04-12     |
| Gino            | Leonhardt                 | Alain           | Chappelet                 | 2017-05-13     |
| Udi             | Jansch                    | Anneke          | Preusig                   | 2017-04-14     |
| Udi             | Jansch                    | Adamantios      | Portugali                 | 2017-05-14     |
| Satosi          | Awdeh                     | Tzvetan         | Zielinski                 | 2017-04-15     |
| Satosi          | Awdeh                     | Pradeep         | Makrucki                  | 2017-05-14     |
| Kwee            | Schusler                  | Saniya          | Kalloufi                  | 2017-04-15     |
| Kwee            | Schusler                  | Huan            | Lortz                     | 2017-05-15     |
| Claudi          | Stavenow                  | Sumant          | Peac                      | 2017-04-16     |
| Claudi          | Stavenow                  | Alejandro       | Brender                   | 2017-05-16     |
| Charlene        | Brattka                   | Duangkaew       | Piveteau                  | 2017-04-17     |
| Charlene        | Brattka                   | Weiyi           | Meriste                   | 2017-05-18     |
| Margareta       | Bierman                   | Mary            | Sluis                     | 2017-04-18     |
| Margareta       | Bierman                   | Uri             | Lenart                    | 2017-05-18     |
| Reuven          | Garigliano                | Patricio        | Bridgland                 | 2017-04-19     |
| Reuven          | Garigliano                | Magy            | Stamatiou                 | 2017-05-20     |
| Hisao           | Lipner                    | Eberhardt       | Terkki                    | 2017-04-20     |
| Hisao           | Lipner                    | Yishay          | Tzvieli                   | 2017-05-21     |
| Hironoby        | Sidou                     | Berni           | Genin                     | 2017-04-22     |
| Hironoby        | Sidou                     | Mingsen         | Casley                    | 2017-05-22     |
| Shir            | McClurg                   | Guoxiang        | Nooteboom                 | 2017-04-22     |
| Shir            | McClurg                   | Moss            | Shanbhogue                | 2017-05-23     |
| Mokhtar         | Bernatsky                 | Kazuhito        | Cappelletti               | 2017-04-24     |
| Mokhtar         | Bernatsky                 | Lucien          | Rosenbaum                 | 2017-05-23     |
| Gao             | Dolinsky                  | Cristinel       | Bouloucos                 | 2017-04-24     |
| Gao             | Dolinsky                  | Zvonko          | Nyanchama                 | 2017-05-25     |
| Erez            | Ritzmann                  | Kazuhide        | Peha                      | 2017-04-25     |
| Erez            | Ritzmann                  | Florian         | Syrotiuk                  | 2017-05-25     |
| Mona            | Azuma                     | Lillian         | Haddadi                   | 2017-04-27     |
| Mona            | Azuma                     | Basil           | Tramer                    | 2017-05-27     |
| Danel           | Mondadori                 | Mayuko          | Warwick                   | 2017-04-28     |
| Danel           | Mondadori                 | Yinghua         | Dredge                    | 2017-05-28     |
| Kshitij         | Gils                      | Ramzi           | Erde                      | 2017-04-28     |
| Kshitij         | Gils                      | Hidefumi        | Caine                     | 2017-05-29     |
| Premal          | Baek                      | Shahaf          | Famili                    | 2017-04-30     |
| Premal          | Baek                      | Heping          | Nitsch                    | 2017-05-29     |
| Zhongwei        | Rosen                     | Bojan           | Montemayor                | 2017-05-01     |
| Zhongwei        | Rosen                     | Sanjiv          | Zschoche                  | 2017-05-31     |
| Parviz          | Lortz                     | Suzette         | Pettey                    | 2017-05-01     |
| Parviz          | Lortz                     | Mayumi          | Schueller                 | 2017-05-31     |
| Vishv           | Zockler                   | Prasadram       | Heyers                    | 2017-05-02     |
| Vishv           | Zockler                   | Georgy          | Dredge                    | 2017-06-01     |
| Tuval           | Kalloufi                  | Yongqiao        | Berztiss                  | 2017-05-04     |
| Tuval           | Kalloufi                  | Brendon         | Bernini                   | 2017-06-02     |
| Kenroku         | Malabarba                 | Divier          | Reistad                   | 2017-05-04     |
| Kenroku         | Malabarba                 | Ebbe            | Callaway                  | 2017-06-04     |
| Somnath         | Foote                     | Domenick        | Tempesti                  | 2017-05-06     |
| Somnath         | Foote                     | Berhard         | McFarlin                  | 2017-06-05     |
| Xi^Clin         | Eugenio                 insert into empleados(nombre, apellido_pat, apellido_mat, titu   |
 MySQL  localhost:3306 ssl  hospital  SQL > ^Csert into empleados(nombre, apellido_pat, apellido_mat, titu   |
 MySQL  localhost:3306 ssl  hospital  SQL > insert into empleados(nombre, apellido_pat, apellido_mat, tit----+
 MySQL  localhost:3306 ssl  hospital  SQL > insert into empleados(nombre, apellido_pat, apellido_mat, ti
 MySQL  localhost:3306 ssl  hospital  SQL > insert into empleados(nombre, apellido_pat, apellido_mat, t
 MySQL  localhost:3306 ssl  hospital  SQL >
 MySQL  localhost:3306 ssl  hospital  SQL >
 MySQL  localhost:3306 ssl  hospital  SQL > insert into empleados(nombre, apellido_pat, apellido_mat, titulo, fecha_nacimiento, otros) values ('Prueba','Ficticio','Gomez','Prueba','2003-09-06',null);
Query OK, 1 row affected (0.0091 sec)
 MySQL  localhost:3306 ssl  hospital  SQL > select a.nombre as nombre_empleado, a.apellido_pat as apellido_paterno_empleado, b.nombre as nombre_paciente, b.apellido_pat as apellido_paterno_paciente, c.fecha_admision from empleados a left join registro_pacientes c on a.empleados_id = c.registro_por_empleado_id left join pacientes b on c.paciente_id = b.paciente_id;
+-----------------+---------------------------+-----------------+---------------------------+----------------+
| nombre_empleado | apellido_paterno_empleado | nombre_paciente | apellido_paterno_paciente | fecha_admision |
+-----------------+---------------------------+-----------------+---------------------------+----------------+
| Alejandro       | McAlpine                  | Georgi          | Facello                   | 2017-04-08     |
| Alejandro       | McAlpine                  | Karsten         | Joslin                    | 2017-05-09     |
| Breannda        | Billingsley               | Bezalel         | Simmel                    | 2017-04-09     |
| Breannda        | Billingsley               | Jeong           | Reistad                   | 2017-05-10     |
| Tse             | Herber                    | Parto           | Bamford                   | 2017-04-10     |
| Tse             | Herber                    | Arif            | Merlo                     | 2017-05-10     |
| Anoosh          | Peyn                      | Chirstian       | Koblick                   | 2017-04-12     |
| Anoosh          | Peyn                      | Bader           | Swan                      | 2017-05-11     |
| Gino            | Leonhardt                 | Kyoichi         | Maliniak                  | 2017-04-12     |
| Gino            | Leonhardt                 | Alain           | Chappelet                 | 2017-05-13     |
| Udi             | Jansch                    | Anneke          | Preusig                   | 2017-04-14     |
| Udi             | Jansch                    | Adamantios      | Portugali                 | 2017-05-14     |
| Satosi          | Awdeh                     | Tzvetan         | Zielinski                 | 2017-04-15     |
| Satosi          | Awdeh                     | Pradeep         | Makrucki                  | 2017-05-14     |
| Kwee            | Schusler                  | Saniya          | Kalloufi                  | 2017-04-15     |
| Kwee            | Schusler                  | Huan            | Lortz                     | 2017-05-15     |
| Claudi          | Stavenow                  | Sumant          | Peac                      | 2017-04-16     |
| Claudi          | Stavenow                  | Alejandro       | Brender                   | 2017-05-16     |
| Charlene        | Brattka                   | Duangkaew       | Piveteau                  | 2017-04-17     |
| Charlene        | Brattka                   | Weiyi           | Meriste                   | 2017-05-18     |
| Margareta       | Bierman                   | Mary            | Sluis                     | 2017-04-18     |
| Margareta       | Bierman                   | Uri             | Lenart                    | 2017-05-18     |
| Reuven          | Garigliano                | Patricio        | Bridgland                 | 2017-04-19     |
| Reuven          | Garigliano                | Magy            | Stamatiou                 | 2017-05-20     |
| Hisao           | Lipner                    | Eberhardt       | Terkki                    | 2017-04-20     |
| Hisao           | Lipner                    | Yishay          | Tzvieli                   | 2017-05-21     |
| Hironoby        | Sidou                     | Berni           | Genin                     | 2017-04-22     |
| Hironoby        | Sidou                     | Mingsen         | Casley                    | 2017-05-22     |
| Shir            | McClurg                   | Guoxiang        | Nooteboom                 | 2017-04-22     |
| Shir            | McClurg                   | Moss            | Shanbhogue                | 2017-05-23     |
| Mokhtar         | Bernatsky                 | Kazuhito        | Cappelletti               | 2017-04-24     |
| Mokhtar         | Bernatsky                 | Lucien          | Rosenbaum                 | 2017-05-23     |
| Gao             | Dolinsky                  | Cristinel       | Bouloucos                 | 2017-04-24     |
| Gao             | Dolinsky                  | Zvonko          | Nyanchama                 | 2017-05-25     |
| Erez            | Ritzmann                  | Kazuhide        | Peha                      | 2017-04-25     |
| Erez            | Ritzmann                  | Florian         | Syrotiuk                  | 2017-05-25     |
| Mona            | Azuma                     | Lillian         | Haddadi                   | 2017-04-27     |
| Mona            | Azuma                     | Basil           | Tramer                    | 2017-05-27     |
| Danel           | Mondadori                 | Mayuko          | Warwick                   | 2017-04-28     |
| Danel           | Mondadori                 | Yinghua         | Dredge                    | 2017-05-28     |
| Kshitij         | Gils                      | Ramzi           | Erde                      | 2017-04-28     |
| Kshitij         | Gils                      | Hidefumi        | Caine                     | 2017-05-29     |
| Premal          | Baek                      | Shahaf          | Famili                    | 2017-04-30     |
| Premal          | Baek                      | Heping          | Nitsch                    | 2017-05-29     |
| Zhongwei        | Rosen                     | Bojan           | Montemayor                | 2017-05-01     |
| Zhongwei        | Rosen                     | Sanjiv          | Zschoche                  | 2017-05-31     |
| Parviz          | Lortz                     | Suzette         | Pettey                    | 2017-05-01     |
| Parviz          | Lortz                     | Mayumi          | Schueller                 | 2017-05-31     |
| Vishv           | Zockler                   | Prasadram       | Heyers                    | 2017-05-02     |
| Vishv           | Zockler                   | Georgy          | Dredge                    | 2017-06-01     |
| Tuval           | Kalloufi                  | Yongqiao        | Berztiss                  | 2017-05-04     |
| Tuval           | Kalloufi                  | Brendon         | Bernini                   | 2017-06-02     |
| Kenroku         | Malabarba                 | Divier          | Reistad                   | 2017-05-04     |
| Kenroku         | Malabarba                 | Ebbe            | Callaway                  | 2017-06-04     |
| Somnath         | Foote                     | Domenick        | Tempesti                  | 2017-05-06     |
| Somnath         | Foote                     | Berhard         | McFarlin                  | 2017-06-05     |
| Xinglin         | Eugenio                   | Otmar           | Herbst                    | 2017-05-07     |
| Jungsoon        | Syrzycki                  | Elvis           | Demeyer                   | 2017-05-07     |
| Prueba          | Ficticio                  | NULL            | NULL                      | NULL           |
+-----------------+---------------------------+-----------------+---------------------------+----------------+
59 rows in set (0.0015 sec)
 MySQL  localhost:3306 ssl  hospital  SQL > select * from cuentas_pacientes;
+----------------------+-------------+-------------------+---------------+-------+
| cuentas_pacientes_id | paciente_id | forma_pago_pac_id | fecha_emision | otros |
+----------------------+-------------+-------------------+---------------+-------+
|                    1 |           1 |              NULL | 2017-04-20    | NULL  |
|                    2 |           2 |              NULL | 2017-04-17    | NULL  |
|                    3 |           3 |                 1 | 2017-04-20    | NULL  |
|                    4 |           4 |                 2 | 2017-04-22    | NULL  |
|                    5 |           5 |                 3 | 2017-04-21    | NULL  |
|                    6 |           6 |                 4 | 2017-04-18    | NULL  |
|                    7 |           7 |                 5 | 2017-04-24    | NULL  |
|                    8 |           8 |                 1 | 2017-04-27    | NULL  |
|                    9 |           9 |                 2 | 2017-04-28    | NULL  |
|                   10 |          10 |                 3 | 2017-04-27    | NULL  |
|                   11 |          11 |                 4 | 2017-04-28    | NULL  |
|                   12 |          12 |                 5 | 2017-04-28    | NULL  |
|                   13 |          13 |              NULL | 2017-04-29    | NULL  |
|                   14 |          14 |              NULL | 2017-04-26    | NULL  |
|                   15 |          15 |              NULL | 2017-05-05    | NULL  |
|                   16 |          16 |              NULL | 2017-05-02    | NULL  |
|                   17 |          17 |                 1 | 2017-05-01    | NULL  |
|                   18 |          18 |                 2 | 2017-05-12    | NULL  |
|                   19 |          19 |                 3 | 2017-05-03    | NULL  |
|                   20 |          20 |                 4 | 2017-05-09    | NULL  |
|                   21 |          21 |                 5 | 2017-05-08    | NULL  |
|                   22 |          22 |              NULL | 2017-05-14    | NULL  |
|                   23 |          23 |              NULL | 2017-05-12    | NULL  |
|                   24 |          24 |              NULL | 2017-05-05    | NULL  |
|                   25 |          25 |              NULL | 2017-05-19    | NULL  |
|                   26 |          26 |                 1 | 2017-05-14    | NULL  |
|                   27 |          27 |                 2 | 2017-05-12    | NULL  |
|                   28 |          28 |                 3 | 2017-05-15    | NULL  |
|                   29 |          29 |                 4 | 2017-05-13    | NULL  |
|                   30 |          30 |                 5 | 2017-05-18    | NULL  |
|                   31 |          31 |              NULL | 2017-05-20    | NULL  |
|                   32 |          32 |              NULL | 2017-05-26    | NULL  |
|                   33 |          33 |              NULL | 2017-05-22    | NULL  |
|                   34 |          34 |              NULL | 2017-05-21    | NULL  |
|                   35 |          35 |              NULL | 2017-05-16    | NULL  |
|                   36 |          36 |              NULL | 2017-05-20    | NULL  |
|                   37 |          37 |                 1 | 2017-05-27    | NULL  |
|                   38 |          38 |                 2 | 2017-05-21    | NULL  |
|                   39 |          39 |                 3 | 2017-05-26    | NULL  |
|                   40 |          40 |                 4 | 2017-05-31    | NULL  |
|                   41 |          41 |                 5 | 2017-05-31    | NULL  |
|                   42 |          42 |              NULL | 2017-06-01    | NULL  |
|                   43 |          43 |              NULL | 2017-05-27    | NULL  |
|                   44 |          44 |              NULL | 2017-06-07    | NULL  |
|                   45 |          45 |              NULL | 2017-06-04    | NULL  |
|                   46 |          46 |                 1 | 2017-06-07    | NULL  |
|                   47 |          47 |                 2 | 2017-05-31    | NULL  |
|                   48 |          48 |                 3 | 2017-06-07    | NULL  |
|                   49 |          49 |                 4 | 2017-05-31    | NULL  |
|                   50 |          50 |                 5 | 2017-06-03    | NULL  |
|                   51 |          51 |              NULL | 2017-06-03    | NULL  |
|                   52 |          52 |              NULL | 2017-06-10    | NULL  |
|                   53 |          53 |                 1 | 2017-06-14    | NULL  |
|                   54 |          54 |                 2 | 2017-06-09    | NULL  |
|                   55 |          55 |                 3 | 2017-06-14    | NULL  |
|                   56 |          56 |                 4 | 2017-06-17    | NULL  |
|                   57 |          57 |                 5 | 2017-06-16    | NULL  |
|                   58 |          58 |              NULL | 2017-06-15    | NULL  |
+----------------------+-------------+-------------------+---------------+-------+
58 rows in set (0.0010 sec)
 MySQL  localhost:3306 ssl  hospital  SQL > select * from cuentas_pacientes_detalles;
+--------------------------+----------------------+-------------+----------+-------------+
| cuentas_pacientes_det_id | cuentas_pacientes_id | detalle     | cantidad | costo_total |
+--------------------------+----------------------+-------------+----------+-------------+
|                        1 |                    1 | Tratamiento |        6 |      437557 |
|                        2 |                    2 | Tratamiento |        5 |      420352 |
|                        3 |                    3 | Tratamiento |        4 |      803455 |
|                        4 |                    4 | Tratamiento |        6 |      863833 |
|                        5 |                    5 | Tratamiento |        2 |      835504 |
|                        6 |                    6 | Tratamiento |        4 |      845256 |
|                        7 |                    7 | Tratamiento |        3 |      553474 |
|                        8 |                    8 | Tratamiento |        3 |     1299575 |
|                        9 |                    9 | Tratamiento |        2 |     1144618 |
|                       10 |                   10 | Tratamiento |        2 |     1033289 |
|                       11 |                   11 | Tratamiento |        5 |      775124 |
|                       12 |                   12 | Tratamiento |        5 |      666403 |
|                       13 |                   13 | Tratamiento |        4 |      527460 |
|                       14 |                   14 | Tratamiento |        6 |      528996 |
|                       15 |                   15 | Tratamiento |        4 |      909453 |
|                       16 |                   16 | Tratamiento |        3 |      555734 |
|                       17 |                   17 | Tratamiento |        4 |     1318496 |
|                       18 |                   18 | Tratamiento |        5 |      903422 |
|                       19 |                   19 | Tratamiento |        3 |      584977 |
|                       20 |                   20 | Tratamiento |        4 |      968731 |
|                       21 |                   21 | Tratamiento |        2 |      721764 |
|                       22 |                   22 | Tratamiento |        3 |     1254654 |
|                       23 |                   23 | Tratamiento |        6 |     1536903 |
|                       24 |                   24 | Tratamiento |        3 |      422753 |
|                       25 |                   25 | Tratamiento |        4 |      942310 |
|                       26 |                   26 | Tratamiento |        3 |      805018 |
|                       27 |                   27 | Tratamiento |        6 |      405645 |
|                       28 |                   28 | Tratamiento |        6 |      951084 |
|                       29 |                   29 | Tratamiento |        6 |      275126 |
|                       30 |                   30 | Tratamiento |        3 |     1113848 |
|                       31 |                   31 | Tratamiento |        4 |      824572 |
|                       32 |                   32 | Tratamiento |        2 |      844650 |
|                       33 |                   33 | Tratamiento |        4 |     1120223 |
|                       34 |                   34 | Tratamiento |        3 |      693371 |
|                       35 |                   35 | Tratamiento |        3 |      833046 |
|                       36 |                   36 | Tratamiento |        3 |      553070 |
|                       37 |                   37 | Tratamiento |        2 |     1000135 |
|                       38 |                   38 | Tratamiento |        2 |      432208 |
|                       39 |                   39 | Tratamiento |        3 |      861206 |
|                       40 |                   40 | Tratamiento |        3 |      909114 |
|                       41 |                   41 | Tratamiento |        4 |      499014 |
|                       42 |                   42 | Tratamiento |        5 |     1186783 |
|                       43 |                   43 | Tratamiento |        4 |      401743 |
|                       44 |                   44 | Tratamiento |        4 |      716403 |
|                       45 |                   45 | Tratamiento |        4 |      606941 |
|                       46 |                   46 | Tratamiento |        3 |     1644520 |
|                       47 |                   47 | Tratamiento |        2 |      929980 |
|                       48 |                   48 | Tratamiento |        2 |      228805 |
|                       49 |                   49 | Tratamiento |        2 |      714654 |
|                       50 |                   50 | Tratamiento |        5 |     1310219 |
|                       51 |                   51 | Tratamiento |        3 |     1274462 |
|                       52 |                   52 | Tratamiento |        2 |      155327 |
|                       53 |                   53 | Tratamiento |        6 |     1172596 |
|                       54 |                   54 | Tratamiento |        3 |      813048 |
|                       55 |                   55 | Tratamiento |        4 |      713204 |
|                       56 |                   56 | Tratamiento |        6 |     1690560 |
|                       57 |                   57 | Tratamiento |        2 |      529090 |
|                       58 |                   58 | Tratamiento |        5 |      831506 |
+--------------------------+----------------------+-------------+----------+-------------+
58 rows in set (0.0008 sec)
 MySQL  localhost:3306 ssl  hospital  SQL > select * from pacientes;
+-------------+------------+--------------+--------------+------------------+------+--------+----------------------+-----------+---------------+------------------+----------------+-------+
| paciente_id | nombre     | apellido_pat | apellido_mat | fecha_nacimiento | peso | altura | numero_seguro_social | genero    | telefono_casa | telefono_trabajo | telefono_movil | otros |
+-------------+------------+--------------+--------------+------------------+------+--------+----------------------+-----------+---------------+------------------+----------------+-------+
|           1 | Georgi     | Facello      | Facello      | 1960-02-20       |   93 |   1.99 | 10001                | masculino | NULL          | NULL             | NULL           | NULL  |
|           2 | Bezalel    | Simmel       | Simmel       | 1952-07-08       |   88 |   1.69 | 10002                | femenino  | NULL          | NULL             | NULL           | NULL  |
|           3 | Parto      | Bamford      | Bamford      | 1953-09-29       |   62 |   1.88 | 10003                | masculino | NULL          | NULL             | NULL           | NULL  |
|           4 | Chirstian  | Koblick      | Koblick      | 1958-09-05       |   93 |   1.84 | 10004                | masculino | NULL          | NULL             | NULL           | NULL  |
|           5 | Kyoichi    | Maliniak     | Maliniak     | 1958-10-31       |   86 |   1.89 | 10005                | masculino | NULL          | NULL             | NULL           | NULL  |
|           6 | Anneke     | Preusig      | Preusig      | 1953-04-03       |   86 |   1.54 | 10006                | femenino  | NULL          | NULL             | NULL           | NULL  |
|           7 | Tzvetan    | Zielinski    | Zielinski    | 1962-07-10       |   56 |   1.77 | 10007                | femenino  | NULL          | NULL             | NULL           | NULL  |
|           8 | Saniya     | Kalloufi     | Kalloufi     | 1963-11-26       |   78 |   1.82 | 10008                | masculino | NULL          | NULL             | NULL           | NULL  |
|           9 | Sumant     | Peac         | Peac         | 1956-12-13       |   85 |   1.64 | 10009                | femenino  | NULL          | NULL             | NULL           | NULL  |
|          10 | Duangkaew  | Piveteau     | Piveteau     | 1958-07-14       |   92 |   1.71 | 10010                | femenino  | NULL          | NULL             | NULL           | NULL  |
|          11 | Mary       | Sluis        | Sluis        | 1959-01-27       |   96 |   1.96 | 10011                | femenino  | NULL          | NULL             | NULL           | NULL  |
|          12 | Patricio   | Bridgland    | Bridgland    | 1960-08-09       |   63 |    1.9 | 10012                | masculino | NULL          | NULL             | NULL           | NULL  |
|          13 | Eberhardt  | Terkki       | Terkki       | 1956-11-14       |   81 |   1.64 | 10013                | masculino | NULL          | NULL             | NULL           | NULL  |
|          14 | Berni      | Genin        | Genin        | 1962-12-29       |   67 |   1.74 | 10014                | masculino | NULL          | NULL             | NULL           | NULL  |
|          15 | Guoxiang   | Nooteboom    | Nooteboom    | 1953-02-08       |   60 |   1.55 | 10015                | masculino | NULL          | NULL             | NULL           | NULL  |
|          16 | Kazuhito   | Cappelletti  | Cappelletti  | 1959-08-10       |   97 |   1.71 | 10016                | masculino | NULL          | NULL             | NULL           | NULL  |
|          17 | Cristinel  | Bouloucos    | Bouloucos    | 1963-07-22       |   66 |   1.91 | 10017                | femenino  | NULL          | NULL             | NULL           | NULL  |
|          18 | Kazuhide   | Peha         | Peha         | 1960-07-20       |   88 |   1.51 | 10018                | femenino  | NULL          | NULL             | NULL           | NULL  |
|          19 | Lillian    | Haddadi      | Haddadi      | 1959-10-01       |   85 |   1.61 | 10019                | masculino | NULL          | NULL             | NULL           | NULL  |
|          20 | Mayuko     | Warwick      | Warwick      | 1959-09-13       |   96 |   1.78 | 10020                | masculino | NULL          | NULL             | NULL           | NULL  |
|          21 | Ramzi      | Erde         | Erde         | 1959-08-27       |   91 |   1.61 | 10021                | masculino | NULL          | NULL             | NULL           | NULL  |
|          22 | Shahaf     | Famili       | Famili       | 1956-02-26       |   70 |   1.81 | 10022                | masculino | NULL          | NULL             | NULL           | NULL  |
|          23 | Bojan      | Montemayor   | Montemayor   | 1960-09-19       |   86 |    1.8 | 10023                | femenino  | NULL          | NULL             | NULL           | NULL  |
|          24 | Suzette    | Pettey       | Pettey       | 1961-09-21       |   79 |   1.74 | 10024                | femenino  | NULL          | NULL             | NULL           | NULL  |
|          25 | Prasadram  | Heyers       | Heyers       | 1957-08-14       |   91 |   1.95 | 10025                | masculino | NULL          | NULL             | NULL           | NULL  |
|          26 | Yongqiao   | Berztiss     | Berztiss     | 1960-07-23       |   75 |   1.91 | 10026                | masculino | NULL          | NULL             | NULL           | NULL  |
|          27 | Divier     | Reistad      | Reistad      | 1952-06-29       |   57 |    1.6 | 10027                | femenino  | NULL          | NULL             | NULL           | NULL  |
|          28 | Domenick   | Tempesti     | Tempesti     | 1963-07-11       |   62 |   1.72 | 10028                | masculino | NULL          | NULL             | NULL           | NULL  |
|          29 | Otmar      | Herbst       | Herbst       | 1961-04-24       |   77 |    1.6 | 10029                | masculino | NULL          | NULL             | NULL           | NULL  |
|          30 | Elvis      | Demeyer      | Demeyer      | 1958-05-21       |   93 |   1.64 | 10030                | masculino | NULL          | NULL             | NULL           | NULL  |
|          31 | Karsten    | Joslin       | Joslin       | 1953-07-28       |   95 |   1.52 | 10031                | masculino | NULL          | NULL             | NULL           | NULL  |
|          32 | Jeong      | Reistad      | Reistad      | 1961-02-26       |   84 |    1.6 | 10032                | femenino  | NULL          | NULL             | NULL           | NULL  |
|          33 | Arif       | Merlo        | Merlo        | 1954-09-13       |   92 |   1.77 | 10033                | masculino | NULL          | NULL             | NULL           | NULL  |
|          34 | Bader      | Swan         | Swan         | 1957-04-04       |   69 |   1.56 | 10034                | masculino | NULL          | NULL             | NULL           | NULL  |
|          35 | Alain      | Chappelet    | Chappelet    | 1956-06-06       |   57 |   1.55 | 10035                | masculino | NULL          | NULL             | NULL           | NULL  |
|          36 | Adamantios | Portugali    | Portugali    | 1961-09-01       |   62 |   1.99 | 10036                | masculino | NULL          | NULL             | NULL           | NULL  |
|          37 | Pradeep    | Makrucki     | Makrucki     | 1954-05-30       |   60 |   1.75 | 10037                | masculino | NULL          | NULL             | NULL           | NULL  |
|          38 | Huan       | Lortz        | Lortz        | 1954-10-01       |   97 |   1.88 | 10038                | masculino | NULL          | NULL             | NULL           | NULL  |
|          39 | Alejandro  | Brender      | Brender      | 1959-10-01       |   92 |   1.78 | 10039                | masculino | NULL          | NULL             | NULL           | NULL  |
|          40 | Weiyi      | Meriste      | Meriste      | 1959-09-13       |   97 |   1.84 | 10040                | femenino  | NULL          | NULL             | NULL           | NULL  |
|          41 | Uri        | Lenart       | Lenart       | 1959-08-27       |   80 |    1.9 | 10041                | femenino  | NULL          | NULL             | NULL           | NULL  |
|          42 | Magy       | Stamatiou    | Stamatiou    | 1956-02-26       |   69 |   1.91 | 10042                | femenino  | NULL          | NULL             | NULL           | NULL  |
|          43 | Yishay     | Tzvieli      | Tzvieli      | 1960-09-19       |   65 |   1.95 | 10043                | masculino | NULL          | NULL             | NULL           | NULL  |
|          44 | Mingsen    | Casley       | Casley       | 1961-09-21       |   90 |    1.8 | 10044                | femenino  | NULL          | NULL             | NULL           | NULL  |
|          45 | Moss       | Shanbhogue   | Shanbhogue   | 1957-08-14       |   90 |   1.97 | 10045                | masculino | NULL          | NULL             | NULL           | NULL  |
|          46 | Lucien     | Rosenbaum    | Rosenbaum    | 1960-07-23       |   85 |   1.53 | 10046                | masculino | NULL          | NULL             | NULL           | NULL  |
|          47 | Zvonko     | Nyanchama    | Nyanchama    | 1952-06-29       |   78 |   1.65 | 10047                | masculino | NULL          | NULL             | NULL           | NULL  |
|          48 | Florian    | Syrotiuk     | Syrotiuk     | 1963-07-11       |   76 |   1.58 | 10048                | masculino | NULL          | NULL             | NULL           | NULL  |
|          49 | Basil      | Tramer       | Tramer       | 1961-04-24       |   99 |   1.55 | 10049                | femenino  | NULL          | NULL             | NULL           | NULL  |
|          50 | Yinghua    | Dredge       | Dredge       | 1958-05-21       |   78 |   1.54 | 10050                | masculino | NULL          | NULL             | NULL           | NULL  |
|          51 | Hidefumi   | Caine        | Caine        | 1953-07-28       |   54 |   1.84 | 10051                | masculino | NULL          | NULL             | NULL           | NULL  |
|          52 | Heping     | Nitsch       | Nitsch       | 1961-02-26       |   85 |   1.59 | 10052                | masculino | NULL          | NULL             | NULL           | NULL  |
|          53 | Sanjiv     | Zschoche     | Zschoche     | 1954-09-13       |   52 |   1.53 | 10053                | femenino  | NULL          | NULL             | NULL           | NULL  |
|          54 | Mayumi     | Schueller    | Schueller    | 1957-04-04       |   75 |   1.72 | 10054                | masculino | NULL          | NULL             | NULL           | NULL  |
|          55 | Georgy     | Dredge       | Dredge       | 1956-06-06       |   97 |   1.61 | 10055                | masculino | NULL          | NULL             | NULL           | NULL  |
|          56 | Brendon    | Bernini      | Bernini      | 1961-09-01       |   91 |   1.63 | 10056                | femenino  | NULL          | NULL             | NULL           | NULL  |
|          57 | Ebbe       | Callaway     | Callaway     | 1954-05-30       |   91 |   1.96 | 10057                | femenino  | NULL          | NULL             | NULL           | NULL  |
|          58 | Berhard    | McFarlin     | McFarlin     | 1954-10-01       |   99 |   1.96 | 10058                | masculino | NULL          | NULL             | NULL           | NULL  |
+-------------+------------+--------------+--------------+------------------+------+--------+----------------------+-----------+---------------+------------------+----------------+-------+
58 rows in set (0.0008 sec)
 MySQL  localhost:3306 ssl  hospital  SQL > select
                                         -> a.nombre as nombre_paciente,
                                         -> a.apellido_pat as apellido_paterno_paciente,
                                         -> b.fecha_emision as fecha_emision_cuenta,
                                         -> c.detalle as detalle_tratamiento,
                                         -> c.cantidad,
                                         -> c.costo_total,
                                         -> (c.cantidad*c.costo_total) as adeudo
                                         -> from pacientes a
                                         -> join cuentas_pacientes b
                                         -> on a.paciente_id = b.paciente_id
                                         -> join cuentas_pacientes_detalles c
                                         -> on b.cuentas_pacientes_id = c.cuentas_pacientes_id
                                         -> order by
                                         -> a.apellido_pat asc;
+-----------------+---------------------------+----------------------+---------------------+----------+-------------+----------+
| nombre_paciente | apellido_paterno_paciente | fecha_emision_cuenta | detalle_tratamiento | cantidad | costo_total | adeudo   |
+-----------------+---------------------------+----------------------+---------------------+----------+-------------+----------+
| Parto           | Bamford                   | 2017-04-20           | Tratamiento         |        4 |      803455 |  3213820 |
| Brendon         | Bernini                   | 2017-06-17           | Tratamiento         |        6 |     1690560 | 10143360 |
| Yongqiao        | Berztiss                  | 2017-05-14           | Tratamiento         |        3 |      805018 |  2415054 |
| Cristinel       | Bouloucos                 | 2017-05-01           | Tratamiento         |        4 |     1318496 |  5273984 |
| Alejandro       | Brender                   | 2017-05-26           | Tratamiento         |        3 |      861206 |  2583618 |
| Patricio        | Bridgland                 | 2017-04-28           | Tratamiento         |        5 |      666403 |  3332015 |
| Hidefumi        | Caine                     | 2017-06-03           | Tratamiento         |        3 |     1274462 |  3823386 |
| Ebbe            | Callaway                  | 2017-06-16           | Tratamiento         |        2 |      529090 |  1058180 |
| Kazuhito        | Cappelletti               | 2017-05-02           | Tratamiento         |        3 |      555734 |  1667202 |
| Mingsen         | Casley                    | 2017-06-07           | Tratamiento         |        4 |      716403 |  2865612 |
| Alain           | Chappelet                 | 2017-05-16           | Tratamiento         |        3 |      833046 |  2499138 |
| Elvis           | Demeyer                   | 2017-05-18           | Tratamiento         |        3 |     1113848 |  3341544 |
| Georgy          | Dredge                    | 2017-06-14           | Tratamiento         |        4 |      713204 |  2852816 |
| Yinghua         | Dredge                    | 2017-06-03           | Tratamiento         |        5 |     1310219 |  6551095 |
| Ramzi           | Erde                      | 2017-05-08           | Tratamiento         |        2 |      721764 |  1443528 |
| Georgi          | Facello                   | 2017-04-20           | Tratamiento         |        6 |      437557 |  2625342 |
| Shahaf          | Famili                    | 2017-05-14           | Tratamiento         |        3 |     1254654 |  3763962 |
| Berni           | Genin                     | 2017-04-26           | Tratamiento         |        6 |      528996 |  3173976 |
| Lillian         | Haddadi                   | 2017-05-03           | Tratamiento         |        3 |      584977 |  1754931 |
| Otmar           | Herbst                    | 2017-05-13           | Tratamiento         |        6 |      275126 |  1650756 |
| Prasadram       | Heyers                    | 2017-05-19           | Tratamiento         |        4 |      942310 |  3769240 |
| Karsten         | Joslin                    | 2017-05-20           | Tratamiento         |        4 |      824572 |  3298288 |
| Saniya          | Kalloufi                  | 2017-04-27           | Tratamiento         |        3 |     1299575 |  3898725 |
| Chirstian       | Koblick                   | 2017-04-22           | Tratamiento         |        6 |      863833 |  5182998 |
| Uri             | Lenart                    | 2017-05-31           | Tratamiento         |        4 |      499014 |  1996056 |
| Huan            | Lortz                     | 2017-05-21           | Tratamiento         |        2 |      432208 |   864416 |
| Pradeep         | Makrucki                  | 2017-05-27           | Tratamiento         |        2 |     1000135 |  2000270 |
| Kyoichi         | Maliniak                  | 2017-04-21           | Tratamiento         |        2 |      835504 |  1671008 |
| Berhard         | McFarlin                  | 2017-06-15           | Tratamiento         |        5 |      831506 |  4157530 |
| Weiyi           | Meriste                   | 2017-05-31           | Tratamiento         |        3 |      909114 |  2727342 |
| Arif            | Merlo                     | 2017-05-22           | Tratamiento         |        4 |     1120223 |  4480892 |
| Bojan           | Montemayor                | 2017-05-12           | Tratamiento         |        6 |     1536903 |  9221418 |
| Heping          | Nitsch                    | 2017-06-10           | Tratamiento         |        2 |      155327 |   310654 |
| Guoxiang        | Nooteboom                 | 2017-05-05           | Tratamiento         |        4 |      909453 |  3637812 |
| Zvonko          | Nyanchama                 | 2017-05-31           | Tratamiento         |        2 |      929980 |  1859960 |
| Sumant          | Peac                      | 2017-04-28           | Tratamiento         |        2 |     1144618 |  2289236 |
| Kazuhide        | Peha                      | 2017-05-12           | Tratamiento         |        5 |      903422 |  4517110 |
| Suzette         | Pettey                    | 2017-05-05           | Tratamiento         |        3 |      422753 |  1268259 |
| Duangkaew       | Piveteau                  | 2017-04-27           | Tratamiento         |        2 |     1033289 |  2066578 |
| Adamantios      | Portugali                 | 2017-05-20           | Tratamiento         |        3 |      553070 |  1659210 |
| Anneke          | Preusig                   | 2017-04-18           | Tratamiento         |        4 |      845256 |  3381024 |
| Jeong           | Reistad                   | 2017-05-26           | Tratamiento         |        2 |      844650 |  1689300 |
| Divier          |sssssssssssssssssssssssssselect a.nombre as nombre_paciente, a.apellido_pat as apellido_paterno_paciente, sum(c.cantidad * c.costo_total) as total_adeudo from select a.nombre as nombre_paciente, a.apellido_pat as apellido_paterno_paciente, sum(c.cantidad * c.costo_total) as total_adeudo from pacientes a join  cuentas_pacientes b on a.paciente_id = b.paciente_id join cuentas_pacientes_detalles c on b.cuentas_pacientes_id select a.nombre as nombre_paciente, a.apellido_pat as apellido_paterno_paciente, sum(c.cantidad * c.costo_total) as total_adeudo from pacientes a join  cuentas_pacientes b on a.paciente_id = b.paciente_id join cuentas_pacientes_detalles c on b.cuentas_pacientes_id = c.cuentas_pacientes_id group by a.paciente_id;lido_pa       5 |      775124 |  3875620 |
+-----------------+---------------------------+--------------+ nombre_paciente, a.apellido_p        5 |     1186783 |  5933915 |
| nombre_paciente | apellido_paterno_paciente | total_adeudo | nombre_paciente, a.apellido_|        3 |      693371 |  2080113 |
+-----------------+---------------------------+--------------+ nombre_paciente, a.apellido |        2 |      228805 |   457610 |
| Georgi          | Facello                   |      2625342 | nombre_paciente, a.apellid  |        6 |      951084 |  5706504 |
| Bezalel         | Simmel                    |      2101760 | nombre_paciente, a.apelli   |        4 |      527460 |  2109840 |
| Parto           | Bamford                   |      3213820 | nombre_paciente, a.apell    |        2 |      714654 |  1429308 |
| Chirstian       | Koblick                   |      5182998 | nombre_paciente, a.apel     |        4 |      401743 |  1606972 |
| Kyoichi         | Maliniak                  |      1671008 | nombre_paciente, a.ape      |        4 |      968731 |  3874924 |
| Anneke          | Preusig                   |      3381024 | nombre_paciente, a.ap       |        3 |      553474 |  1660422 |
| Tzvetan         | Zielinski                 |      1660422 | nombre_paciente, a.a        |        6 |     1172596 |  7035576 |
| Saniya          | Kalloufi                  |      3898725 | nombre_paciente, a.---------+----------+-------------+----------+
| Sumant          | Peac                      |      2289236 | nombre_paciente, a
| Duangkaew       | Piveteau                  |      2066578 | nombre_paciente,
| Mary            | Sluis                     |      3875620 |
| Patricio        | Bridgland                 |      3332015 |
| Eberhardt       | Terkki                    |      2109840 |
| Berni           | Genin                     |      3173976 |
| Guoxiang        | Nooteboom                 |      3637812 |
| Kazuhito        | Cappelletti               |      1667202 |
| Cristinel       | Bouloucos                 |      5273984 |
| Kazuhide        | Peha                      |      4517110 |
| Lillian         | Haddadi                   |      1754931 |
| Mayuko          | Warwick                   |      3874924 |
| Ramzi           | Erde                      |      1443528 |
| Shahaf          | Famili                    |      3763962 |
| Bojan           | Montemayor                |      9221418 |
| Suzette         | Pettey                    |      1268259 |
| Prasadram       | Heyers                    |      3769240 |
| Yongqiao        | Berztiss                  |      2415054 |
| Divier          | Reistad                   |      2433870 |
| Domenick        | Tempesti                  |      5706504 |
| Otmar           | Herbst                    |      1650756 |
| Elvis           | Demeyer                   |      3341544 |
| Karsten         | Joslin                    |      3298288 |
| Jeong           | Reistad                   |      1689300 |
| Arif            | Merlo                     |      4480892 |
| Bader           | Swan                      |      2080113 |
| Alain           | Chappelet                 |      2499138 |
| Adamantios      | Portugali                 |      1659210 |
| Pradeep         | Makrucki                  |      2000270 |
| Huan            | Lortz                     |       864416 |
| Alejandro       | Brender                   |      2583618 |
| Weiyi           | Meriste                   |      2727342 |
| Uri             | Lenart                    |      1996056 |
| Magy            | Stamatiou                 |      5933915 |
| Yishay          | Tzvieli                   |      1606972 |
| Mingsen         | Casley                    |      2865612 |
| Moss            | Shanbhogue                |      2427764 |
| Lucien          | Rosenbaum                 |      4933560 |
| Zvonko          | Nyanchama                 |      1859960 |
| Florian         | Syrotiuk                  |       457610 |
| Basil           | Tramer                    |      1429308 |
| Yinghua         | Dredge                    |      6551095 |
| Hidefumi        | Caine                     |      3823386 |
| Heping          | Nitsch                    |       310654 |
| Sanjiv          | Zschoche                  |      7035576 |
| Mayumi          | Schueller                 |      2439144 |
| Georgy          | Dredge                    |      2852816 |
| Brendon         | Bernini                   |     10143360 |
| Ebbe            | Callaway                  |      1058180 |
| Berhard         | McFarlin                  |      4157530 |
+-----------------+---------------------------+--------------+
58 rows in set (0.0101 sec)
 MySQL  localhost:3306 ssl  hospital  SQL > select a.nombre as nombre_paciente, a.apellido_pat as apellido_paterno_paciente, sum(c.cantidad * c.costo_total) as total_adeudo from pacientes a join  cuentas_pacientes b on a.paciente_id = b.paciente_id join cuentas_pacientes_detalles c on b.cuentas_pacientes_id = c.cuentas_pacientes_id group by a.paciente_id;
+-----------------+---------------------------+--------------+
| nombre_paciente | apellido_paterno_paciente | total_adeudo |
+-----------------+---------------------------+--------------+
| Georgi          | Facello                   |      2625342 |
| Bezalel         | Simmel                    |      2101760 |
| Parto           | Bamford                   |      3213820 |
| Chirstian       | Koblick                   |      5182998 |
| Kyoichi         | Maliniak                  |      1671008 |
| Anneke          | Preusig                   |      3381024 |
| Tzvetan         | Zielinski                 |      1660422 |
| Saniya          | Kalloufi                  |      3898725 |
| Sumant          | Peac                      |      2289236 |
| Duangkaew       | Piveteau                  |      2066578 |
| Mary            | Sluis                     |      3875620 |
| Patricio        | Bridgland                 |      3332015 |
| Eberhardt       | Terkki                    |      2109840 |
| Berni           | Genin                     |      3173976 |
| Guoxiang        | Nooteboom                 |      3637812 |
| Kazuhito        | Cappelletti               |      1667202 |
| Cristinel       | Bouloucos                 |      5273984 |
| Kazuhide        | Peha                      |      4517110 |
| Lillian         | Haddadi                   |      1754931 |
| Mayuko          | Warwick                   |      3874924 |
| Ramzi           | Erde                      |      1443528 |
| Shahaf          | Famili                    |      3763962 |
| Bojan           | Montemayor                |      9221418 |
| Suzette         | Pettey                    |      1268259 |
| Prasadram       | Heyers                    |      3769240 |
| Yongqiao        | Berztiss                  |      2415054 |
| Divier          | Reistad                   |      2433870 |
| Domenick        | Tempesti                  |      5706504 |
| Otmar           | Herbst                    |      1650756 |
| Elvis           | Demeyer                   |      3341544 |
| Karsten         | Joslin                    |      3298288 |
| Jeong           | Reistad                   |      1689300 |
| Arif            | Merlo                     |      4480892 |
| Bader           | Swan                      |      2080113 |
| Alain           | Chappelet                 |      2499138 |
| Adamantios      | Portugali                 |      1659210 |
| Pradeep         | Makrucki                  |      2000270 |
| Huan            | Lortz                     |       864416 |
| Alejandro       | Brender                   |      2583618 |
| Weiyi           | Meriste                   |      2727342 |
| Uri             | Lenart                    |      1996056 |
| Magy            | Stamatiou                 |      5933915 |
| Yishay          | Tzvieli                   |      1606972 |
| Mingsen         | Casley                    |      2865612 |
| Moss            | Shanbhogue                |      2427764 |
| Lucien          | Rosenbaum                 |      4933560 |
| Zvonko          | Nyanchama                 |      1859960 |
| Florian         | Syrotiuk                  |       457610 |
| Basil           | Tramer                    |      1429308 |
| Yinghua         | Dredge                    |      6551095 |
| Hidefumi        | Caine                     |      3823386 |
| Heping          | Nitsch                    |       310654 |
| Sanjiv          | Zschoche                  |      7035576 |
| Mayumi          | Schueller                 |      2439144 |
| Georgy          | Dredge                    |      2852816 |
| Brendon         | Bernini                   |     10143360 |
| Ebbe            | Callaway                  |      1058180 |
| Berhard         | McFarlin                  |      4157530 |
+-----------------+---------------------------+--------------+
58 rows in set (0.0012 sec)
 MySQL  localhost:3306 ssl  hospital  SQL > select a.nombre as nombre_paciente, a.apellido_pat as apellido_paterno_paciente, sum(c.cantidad * c.costo_total) as total_adeudo from pacientes a join cuentas_pacientes b on a.paciente_id = b.paciente_id join cuentas_pacientes_detalles c on b.cuentas_pacientes_id = c.cuentas_pacientes_id where b.forma_pago_pac_id is null;
ERROR: 1140 (42000): In aggregated query without GROUP BY, expression #1 of SELECT list contains nonaggregated column 'hospital.a.nombre'; this is incompatible with sql_mode=only_full_group_by
 MySQL  localhost:3306 ssl  hospital  SQL > select a.nombre as nombre_paciente, a.apellido_pat as apellido_paterno_paciente, sum(c.cantidad * c.costo_total) as total_adeudo from pacientes a join cuentas_pacientes b on a.paciente_id = b.paciente_id join cuentas_pacientes_detalles c on b.cuentas_pacientes_id = c.cuentas_pacientes_id where b.forma_pago_pac_id is null group by a.paciente_id;
+-----------------+---------------------------+--------------+
| nombre_paciente | apellido_paterno_paciente | total_adeudo |
+-----------------+---------------------------+--------------+
| Georgi          | Facello                   |      2625342 |
| Bezalel         | Simmel                    |      2101760 |
| Eberhardt       | Terkki                    |      2109840 |
| Berni           | Genin                     |      3173976 |
| Guoxiang        | Nooteboom                 |      3637812 |
| Kazuhito        | Cappelletti               |      1667202 |
| Shahaf          | Famili                    |      3763962 |
| Bojan           | Montemayor                |      9221418 |
| Suzette         | Pettey                    |      1268259 |
| Prasadram       | Heyers                    |      3769240 |
| Karsten         | Joslin                    |      3298288 |
| Jeong           | Reistad                   |      1689300 |
| Arif            | Merlo                     |      4480892 |
| Bader           | Swan                      |      2080113 |
| Alain           | Chappelet                 |      2499138 |
| Adamantios      | Portugali                 |      1659210 |
| Magy            | Stamatiou                 |      5933915 |
| Yishay          | Tzvieli                   |      1606972 |
| Mingsen         | Casley                    |      2865612 |
| Moss            | Shanbhogue                |      2427764 |
| Hidefumi        | Caine                     |      3823386 |
| Heping          | Nitsch                    |       310654 |
| Berhard         | McFarlin                  |      4157530 |
+-----------------+---------------------------+--------------+
23 rows in set (0.0041 sec)
 MySQL  localhost:3306 ssl  hospital  SQL > select a.nombre as nombre_paciente, a.apellido_pat as apellido_paterno_paciente, sum(c.cantidad * c.costo_total) as total_adeudo from pacientes a join cuentas_pacientes b on a.paciente_id = b.paciente_id join cuentas_pacientes_detalles c on b.cuentas_pacientes_id = c.cuentas_pacientes_id where b.forma_pago_pac_id = 1 group by a.paciente_id;
+-----------------+---------------------------+--------------+
| nombre_paciente | apellido_paterno_paciente | total_adeudo |
+-----------------+---------------------------+--------------+
| Parto           | Bamford                   |      3213820 |
| Saniya          | Kalloufi                  |      3898725 |
| Cristinel       | Bouloucos                 |      5273984 |
| Yongqiao        | Berztiss                  |      2415054 |
| Pradeep         | Makrucki                  |      2000270 |
| Lucien          | Rosenbaum                 |      4933560 |
| Sanjiv          | Zschoche                  |      7035576 |
+-----------------+---------------------------+--------------+
7 rows in set (0.0012 sec)
 MySQL  localhost:3306 ssl  hospital  SQL > select * from formas_pago_pacientes;
+-------------------+-------------+---------------+----------+
| forma_pago_pac_id | paciente_id | forma_pago_id | detalles |
+-------------------+-------------+---------------+----------+
|                 1 |           1 |          NULL | NULL     |
|                 2 |           2 |          NULL | NULL     |
|                 3 |           3 |             1 | NULL     |
|                 4 |           4 |             2 | NULL     |
|                 5 |           5 |             3 | NULL     |
|                 6 |           6 |             4 | NULL     |
|                 7 |           7 |             5 | NULL     |
|                 8 |           8 |             1 | NULL     |
|                 9 |           9 |             2 | NULL     |
|                10 |          10 |             3 | NULL     |
|                11 |          11 |             4 | NULL     |
|                12 |          12 |             5 | NULL     |
|                13 |          13 |          NULL | NULL     |
|                14 |          14 |          NULL | NULL     |
|                15 |          15 |          NULL | NULL     |
|                16 |          16 |          NULL | NULL     |
|                17 |          17 |             1 | NULL     |
|                18 |          18 |             2 | NULL     |
|                19 |          19 |             3 | NULL     |
|                20 |          20 |             4 | NULL     |
|                21 |          21 |             5 | NULL     |
|                22 |          22 |          NULL | NULL     |
|                23 |          23 |          NULL | NULL     |
|                24 |          24 |          NULL | NULL     |
|                25 |          25 |          NULL | NULL     |
|                26 |          26 |             1 | NULL     |
|                27 |          27 |             2 | NULL     |
|                28 |          28 |             3 | NULL     |
|                29 |          29 |             4 | NULL     |
|                30 |          30 |             5 | NULL     |
|                31 |          31 |          NULL | NULL     |
|                32 |          32 |          NULL | NULL     |
|                33 |          33 |          NULL | NULL     |
|                34 |          34 |          NULL | NULL     |
|                35 |          35 |          NULL | NULL     |
|                36 |          36 |          NULL | NULL     |
|                37 |          37 |             1 | NULL     |
|                38 |          38 |             2 | NULL     |
|                39 |          39 |             3 | NULL     |
|                40 |          40 |             4 | NULL     |
|                41 |          41 |             5 | NULL     |
|                42 |          42 |          NULL | NULL     |
|                43 |          43 |          NULL | NULL     |
|                44 |          44 |          NULL | NULL     |
|                45 |          45 |          NULL | NULL     |
|                46 |          46 |             1 | NULL     |
|                47 |          47 |             2 | NULL     |
|                48 |          48 |             3 | NULL     |
|                49 |          49 |             4 | NULL     |
|                50 |          50 |             5 | NULL     |
|                51 |          51 |          NULL | NULL     |
|                52 |          52 |          NULL | NULL     |
|                53 |          53 |             1 | NULL     |
|                54 |          54 |             2 | NULL     |
|                55 |          55 |             3 | NULL     |
|                56 |          56 |             4 | NULL     |
|                57 |          57 |             5 | NULL     |
|                58 |          58 |          NULL | NULL     |
+-------------------+-------------+---------------+----------+
58 rows in set (0.0014 sec)
 MySQL  localhost:3306 ssl  hospital  SQL > select a.nombre as nombre_paciente, a.apellido_pat as apellido_paterno_paciente, sum(c.cantidad * c.costo_total) as total_adeudo from pacientes a join cuentas_pacientes b on a.paciente_id = b.paciente_id join cuentas_pacientes_detalles c on b.cuentas_pacientes_id = c.cuentas_pacientes_id where b.forma_pago_pac_id is not null group by a.paciente_id;
+-----------------+---------------------------+--------------+
| nombre_paciente | apellido_paterno_paciente | total_adeudo |
+-----------------+---------------------------+--------------+
| Parto           | Bamford                   |      3213820 |
| Chirstian       | Koblick                   |      5182998 |
| Kyoichi         | Maliniak                  |      1671008 |
| Anneke          | Preusig                   |      3381024 |
| Tzvetan         | Zielinski                 |      1660422 |
| Saniya          | Kalloufi                  |      3898725 |
| Sumant          | Peac                      |      2289236 |
| Duangkaew       | Piveteau                  |      2066578 |
| Mary            | Sluis                     |      3875620 |
| Patricio        | Bridgland                 |      3332015 |
| Cristinel       | Bouloucos                 |      5273984 |
| Kazuhide        | Peha                      |      4517110 |
| Lillian         | Haddadi                   |      1754931 |
| Mayuko          | Warwick                   |      3874924 |
| Ramzi           | Erde                      |      1443528 |
| Yongqiao        | Berztiss                  |      2415054 |
| Divier          | Reistad                   |      2433870 |
| Domenick        | Tempesti                  |      5706504 |
| Otmar           | Herbst                    |      1650756 |
| Elvis           | Demeyer                   |      3341544 |
| Pradeep         | Makrucki                  |      2000270 |
| Huan            | Lortz                     |       864416 |
| Alejandro       | Brender                   |      2583618 |
| Weiyi           | Meriste                   |      2727342 |
| Uri             | Lenart                    |      1996056 |
| Lucien          | Rosenbaum                 |      4933560 |
| Zvonko          | Nyanchama                 |      1859960 |
| Florian         | Syrotiuk                  |       457610 |
| Basil           | Tramer                    |      1429308 |
| Yinghua         | Dredge                    |      6551095 |
| Sanjiv          | Zschoche                  |      7035576 |
| Mayumi          | Schueller                 |      2439144 |
| Georgy          | Dredge                    |      2852816 |
| Brendon         | Bernini                   |     10143360 |
| Ebbe            | Callaway                  |      1058180 |
+-----------------+---------------------------+--------------+
35 rows in set (0.0010 sec)
 MySQL  localhost:3306 ssl  hospital  SQL >
